[INFO] Scanning for projects...
[INFO] 
[INFO] ------------------------< com.casavida:backend >------------------------
[INFO] Building backend 0.0.1-SNAPSHOT
[INFO]   from pom.xml
[INFO] --------------------------------[ jar ]---------------------------------
[INFO] 
[INFO] >>> spring-boot:2.7.18:run (default-cli) > test-compile @ backend >>>
[INFO] 
[INFO] --- resources:3.2.0:resources (default-resources) @ backend ---
[INFO] Using 'UTF-8' encoding to copy filtered resources.
[INFO] Using 'UTF-8' encoding to copy filtered properties files.
[INFO] Copying 1 resource
[INFO] Copying 1 resource
[INFO] 
[INFO] --- compiler:3.13.0:compile (default-compile) @ backend ---
[INFO] Recompiling the module because of changed source code.
[INFO] Compiling 64 source files with javac [debug parameters target 11] to target/classes
[INFO] 
[INFO] --- resources:3.2.0:testResources (default-testResources) @ backend ---
[INFO] Using 'UTF-8' encoding to copy filtered resources.
[INFO] Using 'UTF-8' encoding to copy filtered properties files.
[INFO] skip non existing resourceDirectory /Users/franivan/Documents/ProyectosWeb/CasaVida/backend/src/test/resources
[INFO] 
[INFO] --- compiler:3.13.0:testCompile (default-testCompile) @ backend ---
[INFO] No sources to compile
[INFO] 
[INFO] <<< spring-boot:2.7.18:run (default-cli) < test-compile @ backend <<<
[INFO] 
[INFO] 
[INFO] --- spring-boot:2.7.18:run (default-cli) @ backend ---
[INFO] Attaching agents: []

  .   ____          _            __ _ _
 /\\ / ___'_ __ _ _(_)_ __  __ _ \ \ \ \
( ( )\___ | '_ | '_| | '_ \/ _` | \ \ \ \
 \\/  ___)| |_)| | | | | || (_| |  ) ) ) )
  '  |____| .__|_| |_|_| |_\__, | / / / /
 =========|_|==============|___/=/_/_/_/
 :: Spring Boot ::               (v2.7.18)

2026-02-20 16:59:35.102  INFO 5246 --- [           main] com.casavida.backend.BackendApplication  : Starting BackendApplication using Java 11.0.17 on Frans-MacBook-Air.local with PID 5246 (/Users/franivan/Documents/ProyectosWeb/CasaVida/backend/target/classes started by franivan in /Users/franivan/Documents/ProyectosWeb/CasaVida/backend)
2026-02-20 16:59:35.113  INFO 5246 --- [           main] com.casavida.backend.BackendApplication  : No active profile set, falling back to 1 default profile: "default"
2026-02-20 16:59:41.767  INFO 5246 --- [           main] .s.d.r.c.RepositoryConfigurationDelegate : Bootstrapping Spring Data JPA repositories in DEFAULT mode.
2026-02-20 16:59:42.973  INFO 5246 --- [           main] .s.d.r.c.RepositoryConfigurationDelegate : Finished Spring Data repository scanning in 1013 ms. Found 11 JPA repository interfaces.
2026-02-20 16:59:51.636  INFO 5246 --- [           main] o.s.b.w.embedded.tomcat.TomcatWebServer  : Tomcat initialized with port(s): 8080 (http)
2026-02-20 16:59:51.862  INFO 5246 --- [           main] o.apache.catalina.core.StandardService   : Starting service [Tomcat]
2026-02-20 16:59:51.862  INFO 5246 --- [           main] org.apache.catalina.core.StandardEngine  : Starting Servlet engine: [Apache Tomcat/9.0.83]
2026-02-20 16:59:53.256  INFO 5246 --- [           main] o.a.c.c.C.[Tomcat].[localhost].[/]       : Initializing Spring embedded WebApplicationContext
2026-02-20 16:59:53.257  INFO 5246 --- [           main] w.s.c.ServletWebServerApplicationContext : Root WebApplicationContext: initialization completed in 17766 ms
2026-02-20 16:59:54.822  INFO 5246 --- [           main] o.hibernate.jpa.internal.util.LogHelper  : HHH000204: Processing PersistenceUnitInfo [name: default]
2026-02-20 16:59:55.404  INFO 5246 --- [           main] org.hibernate.Version                    : HHH000412: Hibernate ORM core version 5.6.15.Final
2026-02-20 16:59:56.596  INFO 5246 --- [           main] o.hibernate.annotations.common.Version   : HCANN000001: Hibernate Commons Annotations {5.1.2.Final}
2026-02-20 16:59:57.342  INFO 5246 --- [           main] com.zaxxer.hikari.HikariDataSource       : HikariPool-1 - Starting...
2026-02-20 16:59:59.167  INFO 5246 --- [           main] com.zaxxer.hikari.HikariDataSource       : HikariPool-1 - Start completed.
2026-02-20 16:59:59.299  INFO 5246 --- [           main] org.hibernate.dialect.Dialect            : HHH000400: Using dialect: org.hibernate.dialect.H2Dialect
2026-02-20 17:00:04.049 DEBUG 5246 --- [           main] org.hibernate.SQL                        : drop table if exists actions CASCADE 
Hibernate: drop table if exists actions CASCADE 
2026-02-20 17:00:04.065 DEBUG 5246 --- [           main] org.hibernate.SQL                        : drop table if exists clientes CASCADE 
Hibernate: drop table if exists clientes CASCADE 
2026-02-20 17:00:04.076 DEBUG 5246 --- [           main] org.hibernate.SQL                        : drop table if exists components CASCADE 
Hibernate: drop table if exists components CASCADE 
2026-02-20 17:00:04.077 DEBUG 5246 --- [           main] org.hibernate.SQL                        : drop table if exists contratos CASCADE 
Hibernate: drop table if exists contratos CASCADE 
2026-02-20 17:00:04.080 DEBUG 5246 --- [           main] org.hibernate.SQL                        : drop table if exists fraccionamientos CASCADE 
Hibernate: drop table if exists fraccionamientos CASCADE 
2026-02-20 17:00:04.098 DEBUG 5246 --- [           main] org.hibernate.SQL                        : drop table if exists leads CASCADE 
Hibernate: drop table if exists leads CASCADE 
2026-02-20 17:00:04.100 DEBUG 5246 --- [           main] org.hibernate.SQL                        : drop table if exists lote_imagenes CASCADE 
Hibernate: drop table if exists lote_imagenes CASCADE 
2026-02-20 17:00:04.102 DEBUG 5246 --- [           main] org.hibernate.SQL                        : drop table if exists lotes CASCADE 
Hibernate: drop table if exists lotes CASCADE 
2026-02-20 17:00:04.111 DEBUG 5246 --- [           main] org.hibernate.SQL                        : drop table if exists modules CASCADE 
Hibernate: drop table if exists modules CASCADE 
2026-02-20 17:00:04.112 DEBUG 5246 --- [           main] org.hibernate.SQL                        : drop table if exists opportunities CASCADE 
Hibernate: drop table if exists opportunities CASCADE 
2026-02-20 17:00:04.115 DEBUG 5246 --- [           main] org.hibernate.SQL                        : drop table if exists pagos CASCADE 
Hibernate: drop table if exists pagos CASCADE 
2026-02-20 17:00:04.181 DEBUG 5246 --- [           main] org.hibernate.SQL                        : drop table if exists permissions CASCADE 
Hibernate: drop table if exists permissions CASCADE 
2026-02-20 17:00:04.184 DEBUG 5246 --- [           main] org.hibernate.SQL                        : drop table if exists roles CASCADE 
Hibernate: drop table if exists roles CASCADE 
2026-02-20 17:00:04.194 DEBUG 5246 --- [           main] org.hibernate.SQL                        : drop table if exists user_roles CASCADE 
Hibernate: drop table if exists user_roles CASCADE 
2026-02-20 17:00:04.196 DEBUG 5246 --- [           main] org.hibernate.SQL                        : drop table if exists users CASCADE 
Hibernate: drop table if exists users CASCADE 
2026-02-20 17:00:04.208 DEBUG 5246 --- [           main] org.hibernate.SQL                        : create table actions (id bigint generated by default as identity, created_at timestamp not null, description TEXT, display_name varchar(50) not null, name varchar(50) not null, primary key (id))
Hibernate: create table actions (id bigint generated by default as identity, created_at timestamp not null, description TEXT, display_name varchar(50) not null, name varchar(50) not null, primary key (id))
2026-02-20 17:00:04.218 DEBUG 5246 --- [           main] org.hibernate.SQL                        : create table clientes (id bigint generated by default as identity, apellidos varchar(255) not null, direccion varchar(255), email varchar(255) not null, fecha_registro timestamp, ine varchar(255), nombre varchar(255) not null, telefono varchar(255) not null, primary key (id))
Hibernate: create table clientes (id bigint generated by default as identity, apellidos varchar(255) not null, direccion varchar(255), email varchar(255) not null, fecha_registro timestamp, ine varchar(255), nombre varchar(255) not null, telefono varchar(255) not null, primary key (id))
2026-02-20 17:00:04.230 DEBUG 5246 --- [           main] org.hibernate.SQL                        : create table components (id bigint generated by default as identity, active boolean not null, created_at timestamp not null, description TEXT, display_name varchar(100) not null, display_order integer, name varchar(100) not null, route varchar(255), updated_at timestamp, module_id bigint not null, primary key (id))
Hibernate: create table components (id bigint generated by default as identity, active boolean not null, created_at timestamp not null, description TEXT, display_name varchar(100) not null, display_order integer, name varchar(100) not null, route varchar(255), updated_at timestamp, module_id bigint not null, primary key (id))
2026-02-20 17:00:04.235 DEBUG 5246 --- [           main] org.hibernate.SQL                        : create table contratos (id bigint generated by default as identity, enganche numeric(19,2), estatus varchar(255), fecha_contrato date, mensualidad numeric(19,2), monto_total numeric(19,2), plazo_meses integer, tasa_interes_anual double, cliente_id bigint not null, lote_id bigint not null, vendedor_id bigint, primary key (id))
Hibernate: create table contratos (id bigint generated by default as identity, enganche numeric(19,2), estatus varchar(255), fecha_contrato date, mensualidad numeric(19,2), monto_total numeric(19,2), plazo_meses integer, tasa_interes_anual double, cliente_id bigint not null, lote_id bigint not null, vendedor_id bigint, primary key (id))
2026-02-20 17:00:04.243 DEBUG 5246 --- [           main] org.hibernate.SQL                        : create table fraccionamientos (id bigint generated by default as identity, coordenadas_geo TEXT, descripcion varchar(255), logo_url varchar(255), nombre varchar(255) not null, ubicacion varchar(255), primary key (id))
Hibernate: create table fraccionamientos (id bigint generated by default as identity, coordenadas_geo TEXT, descripcion varchar(255), logo_url varchar(255), nombre varchar(255) not null, ubicacion varchar(255), primary key (id))
2026-02-20 17:00:04.246 DEBUG 5246 --- [           main] org.hibernate.SQL                        : create table leads (id bigint generated by default as identity, email varchar(255), fecha_registro timestamp, mensaje TEXT, nombre varchar(255) not null, source varchar(255), status varchar(255), telefono varchar(255), primary key (id))
Hibernate: create table leads (id bigint generated by default as identity, email varchar(255), fecha_registro timestamp, mensaje TEXT, nombre varchar(255) not null, source varchar(255), status varchar(255), telefono varchar(255), primary key (id))
2026-02-20 17:00:04.248 DEBUG 5246 --- [           main] org.hibernate.SQL                        : create table lote_imagenes (lote_id bigint not null, imagen_url varchar(255))
Hibernate: create table lote_imagenes (lote_id bigint not null, imagen_url varchar(255))
2026-02-20 17:00:04.250 DEBUG 5246 --- [           main] org.hibernate.SQL                        : create table lotes (id bigint generated by default as identity, area_metros_cuadrados double not null, coordenadas_geo TEXT, descripcion varchar(255), estatus varchar(20), imagen_url varchar(255), manzana varchar(255) not null, notas TEXT, numero_lote varchar(255) not null, precio_total numeric(19,2) not null, fraccionamiento_id bigint, primary key (id))
Hibernate: create table lotes (id bigint generated by default as identity, area_metros_cuadrados double not null, coordenadas_geo TEXT, descripcion varchar(255), estatus varchar(20), imagen_url varchar(255), manzana varchar(255) not null, notas TEXT, numero_lote varchar(255) not null, precio_total numeric(19,2) not null, fraccionamiento_id bigint, primary key (id))
2026-02-20 17:00:04.258 DEBUG 5246 --- [           main] org.hibernate.SQL                        : create table modules (id bigint generated by default as identity, active boolean not null, created_at timestamp not null, description TEXT, display_name varchar(100) not null, display_order integer, icon varchar(50), name varchar(100) not null, updated_at timestamp, primary key (id))
Hibernate: create table modules (id bigint generated by default as identity, active boolean not null, created_at timestamp not null, description TEXT, display_name varchar(100) not null, display_order integer, icon varchar(50), name varchar(100) not null, updated_at timestamp, primary key (id))
2026-02-20 17:00:04.262 DEBUG 5246 --- [           main] org.hibernate.SQL                        : create table opportunities (id bigint generated by default as identity, fecha_cierre_estimada date, monto_estimado numeric(19,2), notas TEXT, status varchar(255), lead_id bigint, lote_id bigint, primary key (id))
Hibernate: create table opportunities (id bigint generated by default as identity, fecha_cierre_estimada date, monto_estimado numeric(19,2), notas TEXT, status varchar(255), lead_id bigint, lote_id bigint, primary key (id))
2026-02-20 17:00:04.265 DEBUG 5246 --- [           main] org.hibernate.SQL                        : create table pagos (id bigint generated by default as identity, comprobante blob, comprobante_content_type varchar(255), concepto varchar(255), fecha_pago date, metodo_pago varchar(255), monto numeric(19,2), referencia varchar(255), contrato_id bigint not null, primary key (id))
Hibernate: create table pagos (id bigint generated by default as identity, comprobante blob, comprobante_content_type varchar(255), concepto varchar(255), fecha_pago date, metodo_pago varchar(255), monto numeric(19,2), referencia varchar(255), contrato_id bigint not null, primary key (id))
2026-02-20 17:00:04.268 DEBUG 5246 --- [           main] org.hibernate.SQL                        : create table permissions (id bigint generated by default as identity, active boolean not null, created_at timestamp not null, description TEXT, permission_key varchar(255) not null, updated_at timestamp, action_id bigint not null, component_id bigint, module_id bigint not null, primary key (id))
Hibernate: create table permissions (id bigint generated by default as identity, active boolean not null, created_at timestamp not null, description TEXT, permission_key varchar(255) not null, updated_at timestamp, action_id bigint not null, component_id bigint, module_id bigint not null, primary key (id))
2026-02-20 17:00:04.271 DEBUG 5246 --- [           main] org.hibernate.SQL                        : create table roles (id integer generated by default as identity, name varchar(20), primary key (id))
Hibernate: create table roles (id integer generated by default as identity, name varchar(20), primary key (id))
2026-02-20 17:00:04.278 DEBUG 5246 --- [           main] org.hibernate.SQL                        : create table user_roles (user_id bigint not null, role_id integer not null, primary key (user_id, role_id))
Hibernate: create table user_roles (user_id bigint not null, role_id integer not null, primary key (user_id, role_id))
2026-02-20 17:00:04.280 DEBUG 5246 --- [           main] org.hibernate.SQL                        : create table users (id bigint generated by default as identity, created_at timestamp, email varchar(255) not null, password varchar(255) not null, username varchar(255) not null, primary key (id))
Hibernate: create table users (id bigint generated by default as identity, created_at timestamp, email varchar(255) not null, password varchar(255) not null, username varchar(255) not null, primary key (id))
2026-02-20 17:00:04.283 DEBUG 5246 --- [           main] org.hibernate.SQL                        : alter table actions add constraint UK_oe93gku1sb0in93ahwynjt5in unique (name)
Hibernate: alter table actions add constraint UK_oe93gku1sb0in93ahwynjt5in unique (name)
2026-02-20 17:00:04.285 DEBUG 5246 --- [           main] org.hibernate.SQL                        : alter table clientes add constraint UK_1c96wv36rk2hwui7qhjks3mvg unique (email)
Hibernate: alter table clientes add constraint UK_1c96wv36rk2hwui7qhjks3mvg unique (email)
2026-02-20 17:00:04.297 DEBUG 5246 --- [           main] org.hibernate.SQL                        : alter table modules add constraint UK_n5ng23nwasusfsyqk68hx5a05 unique (name)
Hibernate: alter table modules add constraint UK_n5ng23nwasusfsyqk68hx5a05 unique (name)
2026-02-20 17:00:04.299 DEBUG 5246 --- [           main] org.hibernate.SQL                        : alter table permissions add constraint UK_h1ss8mmscopr690vkcj25uj9a unique (permission_key)
Hibernate: alter table permissions add constraint UK_h1ss8mmscopr690vkcj25uj9a unique (permission_key)
2026-02-20 17:00:04.303 DEBUG 5246 --- [           main] org.hibernate.SQL                        : alter table users add constraint UK_6dotkott2kjsp8vw4d0m25fb7 unique (email)
Hibernate: alter table users add constraint UK_6dotkott2kjsp8vw4d0m25fb7 unique (email)
2026-02-20 17:00:04.309 DEBUG 5246 --- [           main] org.hibernate.SQL                        : alter table users add constraint UK_r43af9ap4edm43mmtq01oddj6 unique (username)
Hibernate: alter table users add constraint UK_r43af9ap4edm43mmtq01oddj6 unique (username)
2026-02-20 17:00:04.312 DEBUG 5246 --- [           main] org.hibernate.SQL                        : alter table components add constraint FKfdu4k43qdtk5qdu5tkmoiarqf foreign key (module_id) references modules
Hibernate: alter table components add constraint FKfdu4k43qdtk5qdu5tkmoiarqf foreign key (module_id) references modules
2026-02-20 17:00:04.397 DEBUG 5246 --- [           main] org.hibernate.SQL                        : alter table contratos add constraint FK1pllgg7q558aedufre3y4pewp foreign key (cliente_id) references clientes
Hibernate: alter table contratos add constraint FK1pllgg7q558aedufre3y4pewp foreign key (cliente_id) references clientes
2026-02-20 17:00:04.401 DEBUG 5246 --- [           main] org.hibernate.SQL                        : alter table contratos add constraint FKsm4a6vibva184u8f9td65vmna foreign key (lote_id) references lotes
Hibernate: alter table contratos add constraint FKsm4a6vibva184u8f9td65vmna foreign key (lote_id) references lotes
2026-02-20 17:00:04.412 DEBUG 5246 --- [           main] org.hibernate.SQL                        : alter table contratos add constraint FK7emve2vf3wgjecp31a7oax1yp foreign key (vendedor_id) references users
Hibernate: alter table contratos add constraint FK7emve2vf3wgjecp31a7oax1yp foreign key (vendedor_id) references users
2026-02-20 17:00:04.416 DEBUG 5246 --- [           main] org.hibernate.SQL                        : alter table lote_imagenes add constraint FKn84vq5ciyk753qptvrwnp939d foreign key (lote_id) references lotes
Hibernate: alter table lote_imagenes add constraint FKn84vq5ciyk753qptvrwnp939d foreign key (lote_id) references lotes
2026-02-20 17:00:04.425 DEBUG 5246 --- [           main] org.hibernate.SQL                        : alter table lotes add constraint FK91j3e4ckqbk885kyoq7f3wuco foreign key (fraccionamiento_id) references fraccionamientos
Hibernate: alter table lotes add constraint FK91j3e4ckqbk885kyoq7f3wuco foreign key (fraccionamiento_id) references fraccionamientos
2026-02-20 17:00:04.430 DEBUG 5246 --- [           main] org.hibernate.SQL                        : alter table opportunities add constraint FK6541yivnfwu29r63jefd6lsdq foreign key (lead_id) references leads
Hibernate: alter table opportunities add constraint FK6541yivnfwu29r63jefd6lsdq foreign key (lead_id) references leads
2026-02-20 17:00:04.432 DEBUG 5246 --- [           main] org.hibernate.SQL                        : alter table opportunities add constraint FKrkyrr7yqv9smyj1prphtex48m foreign key (lote_id) references lotes
Hibernate: alter table opportunities add constraint FKrkyrr7yqv9smyj1prphtex48m foreign key (lote_id) references lotes
2026-02-20 17:00:04.435 DEBUG 5246 --- [           main] org.hibernate.SQL                        : alter table pagos add constraint FKfsgbuky3qe4emfg7adfd4md2l foreign key (contrato_id) references contratos
Hibernate: alter table pagos add constraint FKfsgbuky3qe4emfg7adfd4md2l foreign key (contrato_id) references contratos
2026-02-20 17:00:04.441 DEBUG 5246 --- [           main] org.hibernate.SQL                        : alter table permissions add constraint FKql5yu3r5kbeww3liqu42u6r84 foreign key (action_id) references actions
Hibernate: alter table permissions add constraint FKql5yu3r5kbeww3liqu42u6r84 foreign key (action_id) references actions
2026-02-20 17:00:04.448 DEBUG 5246 --- [           main] org.hibernate.SQL                        : alter table permissions add constraint FK96aqqbttbigk4ht2odwpj83sx foreign key (component_id) references components
Hibernate: alter table permissions add constraint FK96aqqbttbigk4ht2odwpj83sx foreign key (component_id) references components
2026-02-20 17:00:04.450 DEBUG 5246 --- [           main] org.hibernate.SQL                        : alter table permissions add constraint FK22lamcef3kykumk5rwjiv4x5u foreign key (module_id) references modules
Hibernate: alter table permissions add constraint FK22lamcef3kykumk5rwjiv4x5u foreign key (module_id) references modules
2026-02-20 17:00:04.453 DEBUG 5246 --- [           main] org.hibernate.SQL                        : alter table user_roles add constraint FKh8ciramu9cc9q3qcqiv4ue8a6 foreign key (role_id) references roles
Hibernate: alter table user_roles add constraint FKh8ciramu9cc9q3qcqiv4ue8a6 foreign key (role_id) references roles
2026-02-20 17:00:04.462 DEBUG 5246 --- [           main] org.hibernate.SQL                        : alter table user_roles add constraint FKhfh9dx7w3ubf1co1vdev94g3f foreign key (user_id) references users
Hibernate: alter table user_roles add constraint FKhfh9dx7w3ubf1co1vdev94g3f foreign key (user_id) references users
2026-02-20 17:00:04.483  INFO 5246 --- [           main] o.h.e.t.j.p.i.JtaPlatformInitiator       : HHH000490: Using JtaPlatform implementation: [org.hibernate.engine.transaction.jta.platform.internal.NoJtaPlatform]
2026-02-20 17:00:04.532  INFO 5246 --- [           main] j.LocalContainerEntityManagerFactoryBean : Initialized JPA EntityManagerFactory for persistence unit 'default'
2026-02-20 17:00:08.107  INFO 5246 --- [           main] o.s.b.a.h2.H2ConsoleAutoConfiguration    : H2 console available at '/h2-console'. Database available at 'jdbc:h2:file:./data/casavida_db'
2026-02-20 17:00:08.691 DEBUG 5246 --- [           main] o.springframework.web.filter.CorsFilter  : Filter 'corsFilter' configured for use
--- FraccionamientoController INSTANTIATED ---
--- LoteController INSTANTIATED ---
2026-02-20 17:00:11.280  WARN 5246 --- [           main] ConfigServletWebServerApplicationContext : Exception encountered during context initialization - cancelling refresh attempt: org.springframework.beans.factory.UnsatisfiedDependencyException: Error creating bean with name 'permissionServiceImpl': Unsatisfied dependency expressed through field 'permissionRepository'; nested exception is org.springframework.beans.factory.BeanCreationException: Error creating bean with name 'permissionRepository' defined in com.casavida.backend.repository.PermissionRepository defined in @EnableJpaRepositories declared on JpaRepositoriesRegistrar.EnableJpaRepositoriesConfiguration: Invocation of init method failed; nested exception is org.springframework.data.repository.query.QueryCreationException: Could not create query for public abstract java.util.List com.casavida.backend.repository.PermissionRepository.findByRoleId(java.lang.Integer); Reason: Validation failed for query for method public abstract java.util.List com.casavida.backend.repository.PermissionRepository.findByRoleId(java.lang.Integer)!; nested exception is java.lang.IllegalArgumentException: Validation failed for query for method public abstract java.util.List com.casavida.backend.repository.PermissionRepository.findByRoleId(java.lang.Integer)!
2026-02-20 17:00:11.283  INFO 5246 --- [           main] j.LocalContainerEntityManagerFactoryBean : Closing JPA EntityManagerFactory for persistence unit 'default'
2026-02-20 17:00:11.284  INFO 5246 --- [           main] .SchemaDropperImpl$DelayedDropActionImpl : HHH000477: Starting delayed evictData of schema as part of SessionFactory shut-down'
2026-02-20 17:00:11.284 DEBUG 5246 --- [           main] org.hibernate.SQL                        : drop table if exists actions CASCADE 
Hibernate: drop table if exists actions CASCADE 
2026-02-20 17:00:11.287 DEBUG 5246 --- [           main] org.hibernate.SQL                        : drop table if exists clientes CASCADE 
Hibernate: drop table if exists clientes CASCADE 
2026-02-20 17:00:11.295 DEBUG 5246 --- [           main] org.hibernate.SQL                        : drop table if exists components CASCADE 
Hibernate: drop table if exists components CASCADE 
2026-02-20 17:00:11.297 DEBUG 5246 --- [           main] org.hibernate.SQL                        : drop table if exists contratos CASCADE 
Hibernate: drop table if exists contratos CASCADE 
2026-02-20 17:00:11.299 DEBUG 5246 --- [           main] org.hibernate.SQL                        : drop table if exists fraccionamientos CASCADE 
Hibernate: drop table if exists fraccionamientos CASCADE 
2026-02-20 17:00:11.301 DEBUG 5246 --- [           main] org.hibernate.SQL                        : drop table if exists leads CASCADE 
Hibernate: drop table if exists leads CASCADE 
2026-02-20 17:00:11.302 DEBUG 5246 --- [           main] org.hibernate.SQL                        : drop table if exists lote_imagenes CASCADE 
Hibernate: drop table if exists lote_imagenes CASCADE 
2026-02-20 17:00:11.303 DEBUG 5246 --- [           main] org.hibernate.SQL                        : drop table if exists lotes CASCADE 
Hibernate: drop table if exists lotes CASCADE 
2026-02-20 17:00:11.304 DEBUG 5246 --- [           main] org.hibernate.SQL                        : drop table if exists modules CASCADE 
Hibernate: drop table if exists modules CASCADE 
2026-02-20 17:00:11.309 DEBUG 5246 --- [           main] org.hibernate.SQL                        : drop table if exists opportunities CASCADE 
Hibernate: drop table if exists opportunities CASCADE 
2026-02-20 17:00:11.310 DEBUG 5246 --- [           main] org.hibernate.SQL                        : drop table if exists pagos CASCADE 
Hibernate: drop table if exists pagos CASCADE 
2026-02-20 17:00:11.312 DEBUG 5246 --- [           main] org.hibernate.SQL                        : drop table if exists permissions CASCADE 
Hibernate: drop table if exists permissions CASCADE 
2026-02-20 17:00:11.315 DEBUG 5246 --- [           main] org.hibernate.SQL                        : drop table if exists roles CASCADE 
Hibernate: drop table if exists roles CASCADE 
2026-02-20 17:00:11.316 DEBUG 5246 --- [           main] org.hibernate.SQL                        : drop table if exists user_roles CASCADE 
Hibernate: drop table if exists user_roles CASCADE 
2026-02-20 17:00:11.317 DEBUG 5246 --- [           main] org.hibernate.SQL                        : drop table if exists users CASCADE 
Hibernate: drop table if exists users CASCADE 
2026-02-20 17:00:11.326  INFO 5246 --- [           main] com.zaxxer.hikari.HikariDataSource       : HikariPool-1 - Shutdown initiated...
2026-02-20 17:00:11.332  INFO 5246 --- [           main] com.zaxxer.hikari.HikariDataSource       : HikariPool-1 - Shutdown completed.
2026-02-20 17:00:11.334  INFO 5246 --- [           main] o.apache.catalina.core.StandardService   : Stopping service [Tomcat]
2026-02-20 17:00:11.345  WARN 5246 --- [           main] o.a.c.loader.WebappClassLoaderBase       : The web application [ROOT] appears to have started a thread named [MVStore background writer /Users/franivan/Documents/ProyectosWeb/CasaVida/backend/data/casavida_db.mv.db] but has failed to stop it. This is very likely to create a memory leak. Stack trace of thread:
 java.base@11.0.17/java.lang.Object.wait(Native Method)
 app//org.h2.mvstore.MVStore$BackgroundWriterThread.run(MVStore.java:3768)
2026-02-20 17:00:11.346  WARN 5246 --- [           main] o.a.c.loader.WebappClassLoaderBase       : The web application [ROOT] appears to have started a thread named [H2-serialization] but has failed to stop it. This is very likely to create a memory leak. Stack trace of thread:
 java.base@11.0.17/jdk.internal.misc.Unsafe.park(Native Method)
 java.base@11.0.17/java.util.concurrent.locks.LockSupport.park(LockSupport.java:194)
 java.base@11.0.17/java.util.concurrent.locks.AbstractQueuedSynchronizer$ConditionObject.await(AbstractQueuedSynchronizer.java:2081)
 java.base@11.0.17/java.util.concurrent.LinkedBlockingQueue.take(LinkedBlockingQueue.java:433)
 java.base@11.0.17/java.util.concurrent.ThreadPoolExecutor.getTask(ThreadPoolExecutor.java:1054)
 java.base@11.0.17/java.util.concurrent.ThreadPoolExecutor.runWorker(ThreadPoolExecutor.java:1114)
 java.base@11.0.17/java.util.concurrent.ThreadPoolExecutor$Worker.run(ThreadPoolExecutor.java:628)
 java.base@11.0.17/java.lang.Thread.run(Thread.java:834)
2026-02-20 17:00:11.347  WARN 5246 --- [           main] o.a.c.loader.WebappClassLoaderBase       : The web application [ROOT] appears to have started a thread named [H2-save] but has failed to stop it. This is very likely to create a memory leak. Stack trace of thread:
 java.base@11.0.17/jdk.internal.misc.Unsafe.park(Native Method)
 java.base@11.0.17/java.util.concurrent.locks.LockSupport.park(LockSupport.java:194)
 java.base@11.0.17/java.util.concurrent.locks.AbstractQueuedSynchronizer$ConditionObject.await(AbstractQueuedSynchronizer.java:2081)
 java.base@11.0.17/java.util.concurrent.LinkedBlockingQueue.take(LinkedBlockingQueue.java:433)
 java.base@11.0.17/java.util.concurrent.ThreadPoolExecutor.getTask(ThreadPoolExecutor.java:1054)
 java.base@11.0.17/java.util.concurrent.ThreadPoolExecutor.runWorker(ThreadPoolExecutor.java:1114)
 java.base@11.0.17/java.util.concurrent.ThreadPoolExecutor$Worker.run(ThreadPoolExecutor.java:628)
 java.base@11.0.17/java.lang.Thread.run(Thread.java:834)
2026-02-20 17:00:11.369  INFO 5246 --- [           main] ConditionEvaluationReportLoggingListener : 

Error starting ApplicationContext. To display the conditions report re-run your application with 'debug' enabled.
2026-02-20 17:00:11.480 ERROR 5246 --- [           main] o.s.boot.SpringApplication               : Application run failed

org.springframework.beans.factory.UnsatisfiedDependencyException: Error creating bean with name 'permissionServiceImpl': Unsatisfied dependency expressed through field 'permissionRepository'; nested exception is org.springframework.beans.factory.BeanCreationException: Error creating bean with name 'permissionRepository' defined in com.casavida.backend.repository.PermissionRepository defined in @EnableJpaRepositories declared on JpaRepositoriesRegistrar.EnableJpaRepositoriesConfiguration: Invocation of init method failed; nested exception is org.springframework.data.repository.query.QueryCreationException: Could not create query for public abstract java.util.List com.casavida.backend.repository.PermissionRepository.findByRoleId(java.lang.Integer); Reason: Validation failed for query for method public abstract java.util.List com.casavida.backend.repository.PermissionRepository.findByRoleId(java.lang.Integer)!; nested exception is java.lang.IllegalArgumentException: Validation failed for query for method public abstract java.util.List com.casavida.backend.repository.PermissionRepository.findByRoleId(java.lang.Integer)!
	at org.springframework.beans.factory.annotation.AutowiredAnnotationBeanPostProcessor$AutowiredFieldElement.resolveFieldValue(AutowiredAnnotationBeanPostProcessor.java:713) ~[spring-beans-5.3.31.jar:5.3.31]
	at org.springframework.beans.factory.annotation.AutowiredAnnotationBeanPostProcessor$AutowiredFieldElement.inject(AutowiredAnnotationBeanPostProcessor.java:693) ~[spring-beans-5.3.31.jar:5.3.31]
	at org.springframework.beans.factory.annotation.InjectionMetadata.inject(InjectionMetadata.java:119) ~[spring-beans-5.3.31.jar:5.3.31]
	at org.springframework.beans.factory.annotation.AutowiredAnnotationBeanPostProcessor.postProcessProperties(AutowiredAnnotationBeanPostProcessor.java:408) ~[spring-beans-5.3.31.jar:5.3.31]
	at org.springframework.beans.factory.support.AbstractAutowireCapableBeanFactory.populateBean(AbstractAutowireCapableBeanFactory.java:1431) ~[spring-beans-5.3.31.jar:5.3.31]
	at org.springframework.beans.factory.support.AbstractAutowireCapableBeanFactory.doCreateBean(AbstractAutowireCapableBeanFactory.java:619) ~[spring-beans-5.3.31.jar:5.3.31]
	at org.springframework.beans.factory.support.AbstractAutowireCapableBeanFactory.createBean(AbstractAutowireCapableBeanFactory.java:542) ~[spring-beans-5.3.31.jar:5.3.31]
	at org.springframework.beans.factory.support.AbstractBeanFactory.lambda$doGetBean$0(AbstractBeanFactory.java:335) ~[spring-beans-5.3.31.jar:5.3.31]
	at org.springframework.beans.factory.support.DefaultSingletonBeanRegistry.getSingleton(DefaultSingletonBeanRegistry.java:234) ~[spring-beans-5.3.31.jar:5.3.31]
	at org.springframework.beans.factory.support.AbstractBeanFactory.doGetBean(AbstractBeanFactory.java:333) ~[spring-beans-5.3.31.jar:5.3.31]
	at org.springframework.beans.factory.support.AbstractBeanFactory.getBean(AbstractBeanFactory.java:208) ~[spring-beans-5.3.31.jar:5.3.31]
	at org.springframework.beans.factory.support.DefaultListableBeanFactory.preInstantiateSingletons(DefaultListableBeanFactory.java:955) ~[spring-beans-5.3.31.jar:5.3.31]
	at org.springframework.context.support.AbstractApplicationContext.finishBeanFactoryInitialization(AbstractApplicationContext.java:929) ~[spring-context-5.3.31.jar:5.3.31]
	at org.springframework.context.support.AbstractApplicationContext.refresh(AbstractApplicationContext.java:591) ~[spring-context-5.3.31.jar:5.3.31]
	at org.springframework.boot.web.servlet.context.ServletWebServerApplicationContext.refresh(ServletWebServerApplicationContext.java:147) ~[spring-boot-2.7.18.jar:2.7.18]
	at org.springframework.boot.SpringApplication.refresh(SpringApplication.java:732) ~[spring-boot-2.7.18.jar:2.7.18]
	at org.springframework.boot.SpringApplication.refreshContext(SpringApplication.java:409) ~[spring-boot-2.7.18.jar:2.7.18]
	at org.springframework.boot.SpringApplication.run(SpringApplication.java:308) ~[spring-boot-2.7.18.jar:2.7.18]
	at org.springframework.boot.SpringApplication.run(SpringApplication.java:1300) ~[spring-boot-2.7.18.jar:2.7.18]
	at org.springframework.boot.SpringApplication.run(SpringApplication.java:1289) ~[spring-boot-2.7.18.jar:2.7.18]
	at com.casavida.backend.BackendApplication.main(BackendApplication.java:10) ~[classes/:na]
Caused by: org.springframework.beans.factory.BeanCreationException: Error creating bean with name 'permissionRepository' defined in com.casavida.backend.repository.PermissionRepository defined in @EnableJpaRepositories declared on JpaRepositoriesRegistrar.EnableJpaRepositoriesConfiguration: Invocation of init method failed; nested exception is org.springframework.data.repository.query.QueryCreationException: Could not create query for public abstract java.util.List com.casavida.backend.repository.PermissionRepository.findByRoleId(java.lang.Integer); Reason: Validation failed for query for method public abstract java.util.List com.casavida.backend.repository.PermissionRepository.findByRoleId(java.lang.Integer)!; nested exception is java.lang.IllegalArgumentException: Validation failed for query for method public abstract java.util.List com.casavida.backend.repository.PermissionRepository.findByRoleId(java.lang.Integer)!
	at org.springframework.beans.factory.support.AbstractAutowireCapableBeanFactory.initializeBean(AbstractAutowireCapableBeanFactory.java:1804) ~[spring-beans-5.3.31.jar:5.3.31]
	at org.springframework.beans.factory.support.AbstractAutowireCapableBeanFactory.doCreateBean(AbstractAutowireCapableBeanFactory.java:620) ~[spring-beans-5.3.31.jar:5.3.31]
	at org.springframework.beans.factory.support.AbstractAutowireCapableBeanFactory.createBean(AbstractAutowireCapableBeanFactory.java:542) ~[spring-beans-5.3.31.jar:5.3.31]
	at org.springframework.beans.factory.support.AbstractBeanFactory.lambda$doGetBean$0(AbstractBeanFactory.java:335) ~[spring-beans-5.3.31.jar:5.3.31]
	at org.springframework.beans.factory.support.DefaultSingletonBeanRegistry.getSingleton(DefaultSingletonBeanRegistry.java:234) ~[spring-beans-5.3.31.jar:5.3.31]
	at org.springframework.beans.factory.support.AbstractBeanFactory.doGetBean(AbstractBeanFactory.java:333) ~[spring-beans-5.3.31.jar:5.3.31]
	at org.springframework.beans.factory.support.AbstractBeanFactory.getBean(AbstractBeanFactory.java:208) ~[spring-beans-5.3.31.jar:5.3.31]
	at org.springframework.beans.factory.config.DependencyDescriptor.resolveCandidate(DependencyDescriptor.java:276) ~[spring-beans-5.3.31.jar:5.3.31]
	at org.springframework.beans.factory.support.DefaultListableBeanFactory.doResolveDependency(DefaultListableBeanFactory.java:1391) ~[spring-beans-5.3.31.jar:5.3.31]
	at org.springframework.beans.factory.support.DefaultListableBeanFactory.resolveDependency(DefaultListableBeanFactory.java:1311) ~[spring-beans-5.3.31.jar:5.3.31]
	at org.springframework.beans.factory.annotation.AutowiredAnnotationBeanPostProcessor$AutowiredFieldElement.resolveFieldValue(AutowiredAnnotationBeanPostProcessor.java:710) ~[spring-beans-5.3.31.jar:5.3.31]
	... 20 common frames omitted
Caused by: org.springframework.data.repository.query.QueryCreationException: Could not create query for public abstract java.util.List com.casavida.backend.repository.PermissionRepository.findByRoleId(java.lang.Integer); Reason: Validation failed for query for method public abstract java.util.List com.casavida.backend.repository.PermissionRepository.findByRoleId(java.lang.Integer)!; nested exception is java.lang.IllegalArgumentException: Validation failed for query for method public abstract java.util.List com.casavida.backend.repository.PermissionRepository.findByRoleId(java.lang.Integer)!
	at org.springframework.data.repository.query.QueryCreationException.create(QueryCreationException.java:101) ~[spring-data-commons-2.7.18.jar:2.7.18]
	at org.springframework.data.repository.core.support.QueryExecutorMethodInterceptor.lookupQuery(QueryExecutorMethodInterceptor.java:107) ~[spring-data-commons-2.7.18.jar:2.7.18]
	at org.springframework.data.repository.core.support.QueryExecutorMethodInterceptor.lambda$mapMethodsToQuery$1(QueryExecutorMethodInterceptor.java:95) ~[spring-data-commons-2.7.18.jar:2.7.18]
	at java.base/java.util.stream.ReferencePipeline$3$1.accept(ReferencePipeline.java:195) ~[na:na]
	at java.base/java.util.Iterator.forEachRemaining(Iterator.java:133) ~[na:na]
	at java.base/java.util.Collections$UnmodifiableCollection$1.forEachRemaining(Collections.java:1054) ~[na:na]
	at java.base/java.util.Spliterators$IteratorSpliterator.forEachRemaining(Spliterators.java:1801) ~[na:na]
	at java.base/java.util.stream.AbstractPipeline.copyInto(AbstractPipeline.java:484) ~[na:na]
	at java.base/java.util.stream.AbstractPipeline.wrapAndCopyInto(AbstractPipeline.java:474) ~[na:na]
	at java.base/java.util.stream.ReduceOps$ReduceOp.evaluateSequential(ReduceOps.java:913) ~[na:na]
	at java.base/java.util.stream.AbstractPipeline.evaluate(AbstractPipeline.java:234) ~[na:na]
	at java.base/java.util.stream.ReferencePipeline.collect(ReferencePipeline.java:578) ~[na:na]
	at org.springframework.data.repository.core.support.QueryExecutorMethodInterceptor.mapMethodsToQuery(QueryExecutorMethodInterceptor.java:97) ~[spring-data-commons-2.7.18.jar:2.7.18]
	at org.springframework.data.repository.core.support.QueryExecutorMethodInterceptor.lambda$new$0(QueryExecutorMethodInterceptor.java:87) ~[spring-data-commons-2.7.18.jar:2.7.18]
	at java.base/java.util.Optional.map(Optional.java:265) ~[na:na]
	at org.springframework.data.repository.core.support.QueryExecutorMethodInterceptor.<init>(QueryExecutorMethodInterceptor.java:87) ~[spring-data-commons-2.7.18.jar:2.7.18]
	at org.springframework.data.repository.core.support.RepositoryFactorySupport.getRepository(RepositoryFactorySupport.java:365) ~[spring-data-commons-2.7.18.jar:2.7.18]
	at org.springframework.data.repository.core.support.RepositoryFactoryBeanSupport.lambda$afterPropertiesSet$5(RepositoryFactoryBeanSupport.java:323) ~[spring-data-commons-2.7.18.jar:2.7.18]
	at org.springframework.data.util.Lazy.getNullable(Lazy.java:231) ~[spring-data-commons-2.7.18.jar:2.7.18]
	at org.springframework.data.util.Lazy.get(Lazy.java:115) ~[spring-data-commons-2.7.18.jar:2.7.18]
	at org.springframework.data.repository.core.support.RepositoryFactoryBeanSupport.afterPropertiesSet(RepositoryFactoryBeanSupport.java:329) ~[spring-data-commons-2.7.18.jar:2.7.18]
	at org.springframework.data.jpa.repository.support.JpaRepositoryFactoryBean.afterPropertiesSet(JpaRepositoryFactoryBean.java:144) ~[spring-data-jpa-2.7.18.jar:2.7.18]
	at org.springframework.beans.factory.support.AbstractAutowireCapableBeanFactory.invokeInitMethods(AbstractAutowireCapableBeanFactory.java:1863) ~[spring-beans-5.3.31.jar:5.3.31]
	at org.springframework.beans.factory.support.AbstractAutowireCapableBeanFactory.initializeBean(AbstractAutowireCapableBeanFactory.java:1800) ~[spring-beans-5.3.31.jar:5.3.31]
	... 30 common frames omitted
Caused by: java.lang.IllegalArgumentException: Validation failed for query for method public abstract java.util.List com.casavida.backend.repository.PermissionRepository.findByRoleId(java.lang.Integer)!
	at org.springframework.data.jpa.repository.query.SimpleJpaQuery.validateQuery(SimpleJpaQuery.java:96) ~[spring-data-jpa-2.7.18.jar:2.7.18]
	at org.springframework.data.jpa.repository.query.SimpleJpaQuery.<init>(SimpleJpaQuery.java:66) ~[spring-data-jpa-2.7.18.jar:2.7.18]
	at org.springframework.data.jpa.repository.query.JpaQueryFactory.fromMethodWithQueryString(JpaQueryFactory.java:51) ~[spring-data-jpa-2.7.18.jar:2.7.18]
	at org.springframework.data.jpa.repository.query.JpaQueryLookupStrategy$DeclaredQueryLookupStrategy.resolveQuery(JpaQueryLookupStrategy.java:169) ~[spring-data-jpa-2.7.18.jar:2.7.18]
	at org.springframework.data.jpa.repository.query.JpaQueryLookupStrategy$CreateIfNotFoundQueryLookupStrategy.resolveQuery(JpaQueryLookupStrategy.java:253) ~[spring-data-jpa-2.7.18.jar:2.7.18]
	at org.springframework.data.jpa.repository.query.JpaQueryLookupStrategy$AbstractQueryLookupStrategy.resolveQuery(JpaQueryLookupStrategy.java:93) ~[spring-data-jpa-2.7.18.jar:2.7.18]
	at org.springframework.data.repository.core.support.QueryExecutorMethodInterceptor.lookupQuery(QueryExecutorMethodInterceptor.java:103) ~[spring-data-commons-2.7.18.jar:2.7.18]
	... 52 common frames omitted
Caused by: java.lang.IllegalArgumentException: org.hibernate.hql.internal.ast.QuerySyntaxException: RolePermission is not mapped [SELECT rp.permission FROM RolePermission rp WHERE rp.role.id = :roleId AND rp.permission.active = true]
	at org.hibernate.internal.ExceptionConverterImpl.convert(ExceptionConverterImpl.java:138) ~[hibernate-core-5.6.15.Final.jar:5.6.15.Final]
	at org.hibernate.internal.ExceptionConverterImpl.convert(ExceptionConverterImpl.java:181) ~[hibernate-core-5.6.15.Final.jar:5.6.15.Final]
	at org.hibernate.internal.ExceptionConverterImpl.convert(ExceptionConverterImpl.java:188) ~[hibernate-core-5.6.15.Final.jar:5.6.15.Final]
	at org.hibernate.internal.AbstractSharedSessionContract.createQuery(AbstractSharedSessionContract.java:757) ~[hibernate-core-5.6.15.Final.jar:5.6.15.Final]
	at org.hibernate.internal.AbstractSharedSessionContract.createQuery(AbstractSharedSessionContract.java:114) ~[hibernate-core-5.6.15.Final.jar:5.6.15.Final]
	at java.base/jdk.internal.reflect.NativeMethodAccessorImpl.invoke0(Native Method) ~[na:na]
	at java.base/jdk.internal.reflect.NativeMethodAccessorImpl.invoke(NativeMethodAccessorImpl.java:62) ~[na:na]
	at java.base/jdk.internal.reflect.DelegatingMethodAccessorImpl.invoke(DelegatingMethodAccessorImpl.java:43) ~[na:na]
	at java.base/java.lang.reflect.Method.invoke(Method.java:566) ~[na:na]
	at org.springframework.orm.jpa.ExtendedEntityManagerCreator$ExtendedEntityManagerInvocationHandler.invoke(ExtendedEntityManagerCreator.java:362) ~[spring-orm-5.3.31.jar:5.3.31]
	at com.sun.proxy.$Proxy125.createQuery(Unknown Source) ~[na:na]
	at org.springframework.data.jpa.repository.query.SimpleJpaQuery.validateQuery(SimpleJpaQuery.java:90) ~[spring-data-jpa-2.7.18.jar:2.7.18]
	... 58 common frames omitted
Caused by: org.hibernate.hql.internal.ast.QuerySyntaxException: RolePermission is not mapped [SELECT rp.permission FROM RolePermission rp WHERE rp.role.id = :roleId AND rp.permission.active = true]
	at org.hibernate.hql.internal.ast.QuerySyntaxException.generateQueryException(QuerySyntaxException.java:79) ~[hibernate-core-5.6.15.Final.jar:5.6.15.Final]
	at org.hibernate.QueryException.wrapWithQueryString(QueryException.java:103) ~[hibernate-core-5.6.15.Final.jar:5.6.15.Final]
	at org.hibernate.hql.internal.ast.QueryTranslatorImpl.doCompile(QueryTranslatorImpl.java:220) ~[hibernate-core-5.6.15.Final.jar:5.6.15.Final]
	at org.hibernate.hql.internal.ast.QueryTranslatorImpl.compile(QueryTranslatorImpl.java:144) ~[hibernate-core-5.6.15.Final.jar:5.6.15.Final]
	at org.hibernate.engine.query.spi.HQLQueryPlan.<init>(HQLQueryPlan.java:112) ~[hibernate-core-5.6.15.Final.jar:5.6.15.Final]
	at org.hibernate.engine.query.spi.HQLQueryPlan.<init>(HQLQueryPlan.java:73) ~[hibernate-core-5.6.15.Final.jar:5.6.15.Final]
	at org.hibernate.engine.query.spi.QueryPlanCache.getHQLQueryPlan(QueryPlanCache.java:162) ~[hibernate-core-5.6.15.Final.jar:5.6.15.Final]
	at org.hibernate.internal.AbstractSharedSessionContract.getQueryPlan(AbstractSharedSessionContract.java:636) ~[hibernate-core-5.6.15.Final.jar:5.6.15.Final]
	at org.hibernate.internal.AbstractSharedSessionContract.createQuery(AbstractSharedSessionContract.java:748) ~[hibernate-core-5.6.15.Final.jar:5.6.15.Final]
	... 66 common frames omitted
Caused by: org.hibernate.hql.internal.ast.QuerySyntaxException: RolePermission is not mapped
	at org.hibernate.hql.internal.ast.util.SessionFactoryHelper.requireClassPersister(SessionFactoryHelper.java:170) ~[hibernate-core-5.6.15.Final.jar:5.6.15.Final]
	at org.hibernate.hql.internal.ast.tree.FromElementFactory.addFromElement(FromElementFactory.java:91) ~[hibernate-core-5.6.15.Final.jar:5.6.15.Final]
	at org.hibernate.hql.internal.ast.tree.FromClause.addFromElement(FromClause.java:77) ~[hibernate-core-5.6.15.Final.jar:5.6.15.Final]
	at org.hibernate.hql.internal.ast.HqlSqlWalker.createFromElement(HqlSqlWalker.java:334) ~[hibernate-core-5.6.15.Final.jar:5.6.15.Final]
	at org.hibernate.hql.internal.antlr.HqlSqlBaseWalker.fromElement(HqlSqlBaseWalker.java:3782) ~[hibernate-core-5.6.15.Final.jar:5.6.15.Final]
	at org.hibernate.hql.internal.antlr.HqlSqlBaseWalker.fromElementList(HqlSqlBaseWalker.java:3671) ~[hibernate-core-5.6.15.Final.jar:5.6.15.Final]
	at org.hibernate.hql.internal.antlr.HqlSqlBaseWalker.fromClause(HqlSqlBaseWalker.java:746) ~[hibernate-core-5.6.15.Final.jar:5.6.15.Final]
	at org.hibernate.hql.internal.antlr.HqlSqlBaseWalker.query(HqlSqlBaseWalker.java:602) ~[hibernate-core-5.6.15.Final.jar:5.6.15.Final]
	at org.hibernate.hql.internal.antlr.HqlSqlBaseWalker.selectStatement(HqlSqlBaseWalker.java:339) ~[hibernate-core-5.6.15.Final.jar:5.6.15.Final]
	at org.hibernate.hql.internal.antlr.HqlSqlBaseWalker.statement(HqlSqlBaseWalker.java:287) ~[hibernate-core-5.6.15.Final.jar:5.6.15.Final]
	at org.hibernate.hql.internal.ast.QueryTranslatorImpl.analyze(QueryTranslatorImpl.java:276) ~[hibernate-core-5.6.15.Final.jar:5.6.15.Final]
	at org.hibernate.hql.internal.ast.QueryTranslatorImpl.doCompile(QueryTranslatorImpl.java:192) ~[hibernate-core-5.6.15.Final.jar:5.6.15.Final]
	... 72 common frames omitted

[INFO] ------------------------------------------------------------------------
[INFO] BUILD FAILURE
[INFO] ------------------------------------------------------------------------
[INFO] Total time:  01:18 min
[INFO] Finished at: 2026-02-20T17:00:11-06:00
[INFO] ------------------------------------------------------------------------
[ERROR] Failed to execute goal org.springframework.boot:spring-boot-maven-plugin:2.7.18:run (default-cli) on project backend: Application finished with exit code: 1 -> [Help 1]
[ERROR] 
[ERROR] To see the full stack trace of the errors, re-run Maven with the -e switch.
[ERROR] Re-run Maven using the -X switch to enable full debug logging.
[ERROR] 
[ERROR] For more information about the errors and possible solutions, please read the following articles:
[ERROR] [Help 1] http://cwiki.apache.org/confluence/display/MAVEN/MojoExecutionException
