[INFO] Scanning for projects...
[INFO] 
[INFO] ------------------------< com.casavida:backend >------------------------
[INFO] Building backend 0.0.1-SNAPSHOT
[INFO]   from pom.xml
[INFO] --------------------------------[ jar ]---------------------------------
[INFO] 
[INFO] --- clean:3.2.0:clean (default-clean) @ backend ---
[INFO] Deleting /Users/franivan/Documents/ProyectosWeb/CasaVida/backend/target
[INFO] 
[INFO] >>> spring-boot:2.7.18:run (default-cli) > test-compile @ backend >>>
[INFO] 
[INFO] --- resources:3.2.0:resources (default-resources) @ backend ---
[INFO] Using 'UTF-8' encoding to copy filtered resources.
[INFO] Using 'UTF-8' encoding to copy filtered properties files.
[INFO] Copying 1 resource
[INFO] Copying 1 resource
[INFO] 
[INFO] --- compiler:3.13.0:compile (default-compile) @ backend ---
[INFO] Recompiling the module because of changed source code.
[INFO] Compiling 65 source files with javac [debug parameters target 11] to target/classes
[INFO] 
[INFO] --- resources:3.2.0:testResources (default-testResources) @ backend ---
[INFO] Using 'UTF-8' encoding to copy filtered resources.
[INFO] Using 'UTF-8' encoding to copy filtered properties files.
[INFO] skip non existing resourceDirectory /Users/franivan/Documents/ProyectosWeb/CasaVida/backend/src/test/resources
[INFO] 
[INFO] --- compiler:3.13.0:testCompile (default-testCompile) @ backend ---
[INFO] No sources to compile
[INFO] 
[INFO] <<< spring-boot:2.7.18:run (default-cli) < test-compile @ backend <<<
[INFO] 
[INFO] 
[INFO] --- spring-boot:2.7.18:run (default-cli) @ backend ---
[INFO] Attaching agents: []

  .   ____          _            __ _ _
 /\\ / ___'_ __ _ _(_)_ __  __ _ \ \ \ \
( ( )\___ | '_ | '_| | '_ \/ _` | \ \ \ \
 \\/  ___)| |_)| | | | | || (_| |  ) ) ) )
  '  |____| .__|_| |_|_| |_\__, | / / / /
 =========|_|==============|___/=/_/_/_/
 :: Spring Boot ::               (v2.7.18)

2026-02-20 17:14:17.664  INFO 6639 --- [           main] com.casavida.backend.BackendApplication  : Starting BackendApplication using Java 11.0.17 on Frans-MacBook-Air.local with PID 6639 (/Users/franivan/Documents/ProyectosWeb/CasaVida/backend/target/classes started by franivan in /Users/franivan/Documents/ProyectosWeb/CasaVida/backend)
2026-02-20 17:14:17.685  INFO 6639 --- [           main] com.casavida.backend.BackendApplication  : No active profile set, falling back to 1 default profile: "default"
2026-02-20 17:14:24.911  INFO 6639 --- [           main] .s.d.r.c.RepositoryConfigurationDelegate : Bootstrapping Spring Data JPA repositories in DEFAULT mode.
2026-02-20 17:14:25.820  INFO 6639 --- [           main] .s.d.r.c.RepositoryConfigurationDelegate : Finished Spring Data repository scanning in 765 ms. Found 11 JPA repository interfaces.
2026-02-20 17:14:31.306  INFO 6639 --- [           main] o.s.b.w.embedded.tomcat.TomcatWebServer  : Tomcat initialized with port(s): 8080 (http)
2026-02-20 17:14:31.382  INFO 6639 --- [           main] o.apache.catalina.core.StandardService   : Starting service [Tomcat]
2026-02-20 17:14:31.384  INFO 6639 --- [           main] org.apache.catalina.core.StandardEngine  : Starting Servlet engine: [Apache Tomcat/9.0.83]
2026-02-20 17:14:32.487  INFO 6639 --- [           main] o.a.c.c.C.[Tomcat].[localhost].[/]       : Initializing Spring embedded WebApplicationContext
2026-02-20 17:14:32.487  INFO 6639 --- [           main] w.s.c.ServletWebServerApplicationContext : Root WebApplicationContext: initialization completed in 14359 ms
2026-02-20 17:14:34.043  INFO 6639 --- [           main] o.hibernate.jpa.internal.util.LogHelper  : HHH000204: Processing PersistenceUnitInfo [name: default]
2026-02-20 17:14:34.523  INFO 6639 --- [           main] org.hibernate.Version                    : HHH000412: Hibernate ORM core version 5.6.15.Final
2026-02-20 17:14:36.080  INFO 6639 --- [           main] o.hibernate.annotations.common.Version   : HCANN000001: Hibernate Commons Annotations {5.1.2.Final}
2026-02-20 17:14:37.052  INFO 6639 --- [           main] com.zaxxer.hikari.HikariDataSource       : HikariPool-1 - Starting...
2026-02-20 17:14:38.713  INFO 6639 --- [           main] com.zaxxer.hikari.HikariDataSource       : HikariPool-1 - Start completed.
2026-02-20 17:14:38.825  INFO 6639 --- [           main] org.hibernate.dialect.Dialect            : HHH000400: Using dialect: org.hibernate.dialect.H2Dialect
2026-02-20 17:14:49.077 DEBUG 6639 --- [           main] org.hibernate.SQL                        : drop table if exists actions CASCADE 
Hibernate: drop table if exists actions CASCADE 
2026-02-20 17:14:49.096 DEBUG 6639 --- [           main] org.hibernate.SQL                        : drop table if exists clientes CASCADE 
Hibernate: drop table if exists clientes CASCADE 
2026-02-20 17:14:49.097 DEBUG 6639 --- [           main] org.hibernate.SQL                        : drop table if exists components CASCADE 
Hibernate: drop table if exists components CASCADE 
2026-02-20 17:14:49.097 DEBUG 6639 --- [           main] org.hibernate.SQL                        : drop table if exists contratos CASCADE 
Hibernate: drop table if exists contratos CASCADE 
2026-02-20 17:14:49.098 DEBUG 6639 --- [           main] org.hibernate.SQL                        : drop table if exists fraccionamientos CASCADE 
Hibernate: drop table if exists fraccionamientos CASCADE 
2026-02-20 17:14:49.099 DEBUG 6639 --- [           main] org.hibernate.SQL                        : drop table if exists leads CASCADE 
Hibernate: drop table if exists leads CASCADE 
2026-02-20 17:14:49.101 DEBUG 6639 --- [           main] org.hibernate.SQL                        : drop table if exists lote_imagenes CASCADE 
Hibernate: drop table if exists lote_imagenes CASCADE 
2026-02-20 17:14:49.103 DEBUG 6639 --- [           main] org.hibernate.SQL                        : drop table if exists lotes CASCADE 
Hibernate: drop table if exists lotes CASCADE 
2026-02-20 17:14:49.111 DEBUG 6639 --- [           main] org.hibernate.SQL                        : drop table if exists modules CASCADE 
Hibernate: drop table if exists modules CASCADE 
2026-02-20 17:14:49.112 DEBUG 6639 --- [           main] org.hibernate.SQL                        : drop table if exists opportunities CASCADE 
Hibernate: drop table if exists opportunities CASCADE 
2026-02-20 17:14:49.113 DEBUG 6639 --- [           main] org.hibernate.SQL                        : drop table if exists pagos CASCADE 
Hibernate: drop table if exists pagos CASCADE 
2026-02-20 17:14:49.115 DEBUG 6639 --- [           main] org.hibernate.SQL                        : drop table if exists permissions CASCADE 
Hibernate: drop table if exists permissions CASCADE 
2026-02-20 17:14:49.117 DEBUG 6639 --- [           main] org.hibernate.SQL                        : drop table if exists role_permissions CASCADE 
Hibernate: drop table if exists role_permissions CASCADE 
2026-02-20 17:14:49.132 DEBUG 6639 --- [           main] org.hibernate.SQL                        : drop table if exists roles CASCADE 
Hibernate: drop table if exists roles CASCADE 
2026-02-20 17:14:49.133 DEBUG 6639 --- [           main] org.hibernate.SQL                        : drop table if exists user_roles CASCADE 
Hibernate: drop table if exists user_roles CASCADE 
2026-02-20 17:14:49.134 DEBUG 6639 --- [           main] org.hibernate.SQL                        : drop table if exists users CASCADE 
Hibernate: drop table if exists users CASCADE 
2026-02-20 17:14:49.168 DEBUG 6639 --- [           main] org.hibernate.SQL                        : create table actions (id bigint generated by default as identity, created_at timestamp not null, description TEXT, display_name varchar(50) not null, name varchar(50) not null, primary key (id))
Hibernate: create table actions (id bigint generated by default as identity, created_at timestamp not null, description TEXT, display_name varchar(50) not null, name varchar(50) not null, primary key (id))
2026-02-20 17:14:49.229 DEBUG 6639 --- [           main] org.hibernate.SQL                        : create table clientes (id bigint generated by default as identity, apellidos varchar(255) not null, direccion varchar(255), email varchar(255) not null, fecha_registro timestamp, ine varchar(255), nombre varchar(255) not null, telefono varchar(255) not null, primary key (id))
Hibernate: create table clientes (id bigint generated by default as identity, apellidos varchar(255) not null, direccion varchar(255), email varchar(255) not null, fecha_registro timestamp, ine varchar(255), nombre varchar(255) not null, telefono varchar(255) not null, primary key (id))
2026-02-20 17:14:49.236 DEBUG 6639 --- [           main] org.hibernate.SQL                        : create table components (id bigint generated by default as identity, active boolean not null, created_at timestamp not null, description TEXT, display_name varchar(100) not null, display_order integer, name varchar(100) not null, route varchar(255), updated_at timestamp, module_id bigint not null, primary key (id))
Hibernate: create table components (id bigint generated by default as identity, active boolean not null, created_at timestamp not null, description TEXT, display_name varchar(100) not null, display_order integer, name varchar(100) not null, route varchar(255), updated_at timestamp, module_id bigint not null, primary key (id))
2026-02-20 17:14:49.245 DEBUG 6639 --- [           main] org.hibernate.SQL                        : create table contratos (id bigint generated by default as identity, enganche numeric(19,2), estatus varchar(255), fecha_contrato date, mensualidad numeric(19,2), monto_total numeric(19,2), plazo_meses integer, tasa_interes_anual double, cliente_id bigint not null, lote_id bigint not null, vendedor_id bigint, primary key (id))
Hibernate: create table contratos (id bigint generated by default as identity, enganche numeric(19,2), estatus varchar(255), fecha_contrato date, mensualidad numeric(19,2), monto_total numeric(19,2), plazo_meses integer, tasa_interes_anual double, cliente_id bigint not null, lote_id bigint not null, vendedor_id bigint, primary key (id))
2026-02-20 17:14:49.253 DEBUG 6639 --- [           main] org.hibernate.SQL                        : create table fraccionamientos (id bigint generated by default as identity, coordenadas_geo TEXT, descripcion varchar(255), logo_url varchar(255), nombre varchar(255) not null, poligono_delimitador TEXT, ubicacion varchar(255), primary key (id))
Hibernate: create table fraccionamientos (id bigint generated by default as identity, coordenadas_geo TEXT, descripcion varchar(255), logo_url varchar(255), nombre varchar(255) not null, poligono_delimitador TEXT, ubicacion varchar(255), primary key (id))
2026-02-20 17:14:49.265 DEBUG 6639 --- [           main] org.hibernate.SQL                        : create table leads (id bigint generated by default as identity, email varchar(255), fecha_registro timestamp, mensaje TEXT, nombre varchar(255) not null, source varchar(255), status varchar(255), telefono varchar(255), primary key (id))
Hibernate: create table leads (id bigint generated by default as identity, email varchar(255), fecha_registro timestamp, mensaje TEXT, nombre varchar(255) not null, source varchar(255), status varchar(255), telefono varchar(255), primary key (id))
2026-02-20 17:14:49.276 DEBUG 6639 --- [           main] org.hibernate.SQL                        : create table lote_imagenes (lote_id bigint not null, imagen_url varchar(255))
Hibernate: create table lote_imagenes (lote_id bigint not null, imagen_url varchar(255))
2026-02-20 17:14:49.280 DEBUG 6639 --- [           main] org.hibernate.SQL                        : create table lotes (id bigint generated by default as identity, area_metros_cuadrados double not null, coordenadas_geo TEXT, descripcion varchar(255), estatus varchar(20), imagen_url varchar(255), manzana varchar(255) not null, notas TEXT, numero_lote varchar(255) not null, plano_coordinates TEXT, precio_total numeric(19,2) not null, fraccionamiento_id bigint, primary key (id))
Hibernate: create table lotes (id bigint generated by default as identity, area_metros_cuadrados double not null, coordenadas_geo TEXT, descripcion varchar(255), estatus varchar(20), imagen_url varchar(255), manzana varchar(255) not null, notas TEXT, numero_lote varchar(255) not null, plano_coordinates TEXT, precio_total numeric(19,2) not null, fraccionamiento_id bigint, primary key (id))
2026-02-20 17:14:49.287 DEBUG 6639 --- [           main] org.hibernate.SQL                        : create table modules (id bigint generated by default as identity, active boolean not null, created_at timestamp not null, description TEXT, display_name varchar(100) not null, display_order integer, icon varchar(50), name varchar(100) not null, updated_at timestamp, primary key (id))
Hibernate: create table modules (id bigint generated by default as identity, active boolean not null, created_at timestamp not null, description TEXT, display_name varchar(100) not null, display_order integer, icon varchar(50), name varchar(100) not null, updated_at timestamp, primary key (id))
2026-02-20 17:14:49.305 DEBUG 6639 --- [           main] org.hibernate.SQL                        : create table opportunities (id bigint generated by default as identity, fecha_cierre_estimada date, monto_estimado numeric(19,2), notas TEXT, status varchar(255), lead_id bigint, lote_id bigint, primary key (id))
Hibernate: create table opportunities (id bigint generated by default as identity, fecha_cierre_estimada date, monto_estimado numeric(19,2), notas TEXT, status varchar(255), lead_id bigint, lote_id bigint, primary key (id))
2026-02-20 17:14:49.313 DEBUG 6639 --- [           main] org.hibernate.SQL                        : create table pagos (id bigint generated by default as identity, comprobante blob, comprobante_content_type varchar(255), concepto varchar(255), fecha_pago date, fecha_validacion timestamp, metodo_pago varchar(255), monto numeric(19,2), referencia varchar(255), validado boolean, validado_por varchar(255), contrato_id bigint not null, primary key (id))
Hibernate: create table pagos (id bigint generated by default as identity, comprobante blob, comprobante_content_type varchar(255), concepto varchar(255), fecha_pago date, fecha_validacion timestamp, metodo_pago varchar(255), monto numeric(19,2), referencia varchar(255), validado boolean, validado_por varchar(255), contrato_id bigint not null, primary key (id))
2026-02-20 17:14:49.332 DEBUG 6639 --- [           main] org.hibernate.SQL                        : create table permissions (id bigint generated by default as identity, active boolean not null, created_at timestamp not null, description TEXT, permission_key varchar(255) not null, updated_at timestamp, action_id bigint not null, component_id bigint, module_id bigint not null, primary key (id))
Hibernate: create table permissions (id bigint generated by default as identity, active boolean not null, created_at timestamp not null, description TEXT, permission_key varchar(255) not null, updated_at timestamp, action_id bigint not null, component_id bigint, module_id bigint not null, primary key (id))
2026-02-20 17:14:49.351 DEBUG 6639 --- [           main] org.hibernate.SQL                        : create table role_permissions (id bigint generated by default as identity, granted_at timestamp, granted_by varchar(255), permission_id bigint not null, role_id integer not null, primary key (id))
Hibernate: create table role_permissions (id bigint generated by default as identity, granted_at timestamp, granted_by varchar(255), permission_id bigint not null, role_id integer not null, primary key (id))
2026-02-20 17:14:49.363 DEBUG 6639 --- [           main] org.hibernate.SQL                        : create table roles (id integer generated by default as identity, name varchar(20), primary key (id))
Hibernate: create table roles (id integer generated by default as identity, name varchar(20), primary key (id))
2026-02-20 17:14:49.379 DEBUG 6639 --- [           main] org.hibernate.SQL                        : create table user_roles (user_id bigint not null, role_id integer not null, primary key (user_id, role_id))
Hibernate: create table user_roles (user_id bigint not null, role_id integer not null, primary key (user_id, role_id))
2026-02-20 17:14:49.386 DEBUG 6639 --- [           main] org.hibernate.SQL                        : create table users (id bigint generated by default as identity, created_at timestamp, email varchar(255) not null, password varchar(255) not null, username varchar(255) not null, primary key (id))
Hibernate: create table users (id bigint generated by default as identity, created_at timestamp, email varchar(255) not null, password varchar(255) not null, username varchar(255) not null, primary key (id))
2026-02-20 17:14:49.399 DEBUG 6639 --- [           main] org.hibernate.SQL                        : alter table actions add constraint UK_oe93gku1sb0in93ahwynjt5in unique (name)
Hibernate: alter table actions add constraint UK_oe93gku1sb0in93ahwynjt5in unique (name)
2026-02-20 17:14:49.402 DEBUG 6639 --- [           main] org.hibernate.SQL                        : alter table clientes add constraint UK_1c96wv36rk2hwui7qhjks3mvg unique (email)
Hibernate: alter table clientes add constraint UK_1c96wv36rk2hwui7qhjks3mvg unique (email)
2026-02-20 17:14:49.412 DEBUG 6639 --- [           main] org.hibernate.SQL                        : alter table modules add constraint UK_n5ng23nwasusfsyqk68hx5a05 unique (name)
Hibernate: alter table modules add constraint UK_n5ng23nwasusfsyqk68hx5a05 unique (name)
2026-02-20 17:14:49.414 DEBUG 6639 --- [           main] org.hibernate.SQL                        : alter table permissions add constraint UK_h1ss8mmscopr690vkcj25uj9a unique (permission_key)
Hibernate: alter table permissions add constraint UK_h1ss8mmscopr690vkcj25uj9a unique (permission_key)
2026-02-20 17:14:49.418 DEBUG 6639 --- [           main] org.hibernate.SQL                        : alter table users add constraint UK_6dotkott2kjsp8vw4d0m25fb7 unique (email)
Hibernate: alter table users add constraint UK_6dotkott2kjsp8vw4d0m25fb7 unique (email)
2026-02-20 17:14:49.421 DEBUG 6639 --- [           main] org.hibernate.SQL                        : alter table users add constraint UK_r43af9ap4edm43mmtq01oddj6 unique (username)
Hibernate: alter table users add constraint UK_r43af9ap4edm43mmtq01oddj6 unique (username)
2026-02-20 17:14:49.425 DEBUG 6639 --- [           main] org.hibernate.SQL                        : alter table components add constraint FKfdu4k43qdtk5qdu5tkmoiarqf foreign key (module_id) references modules
Hibernate: alter table components add constraint FKfdu4k43qdtk5qdu5tkmoiarqf foreign key (module_id) references modules
2026-02-20 17:14:49.558 DEBUG 6639 --- [           main] org.hibernate.SQL                        : alter table contratos add constraint FK1pllgg7q558aedufre3y4pewp foreign key (cliente_id) references clientes
Hibernate: alter table contratos add constraint FK1pllgg7q558aedufre3y4pewp foreign key (cliente_id) references clientes
2026-02-20 17:14:49.568 DEBUG 6639 --- [           main] org.hibernate.SQL                        : alter table contratos add constraint FKsm4a6vibva184u8f9td65vmna foreign key (lote_id) references lotes
Hibernate: alter table contratos add constraint FKsm4a6vibva184u8f9td65vmna foreign key (lote_id) references lotes
2026-02-20 17:14:49.574 DEBUG 6639 --- [           main] org.hibernate.SQL                        : alter table contratos add constraint FK7emve2vf3wgjecp31a7oax1yp foreign key (vendedor_id) references users
Hibernate: alter table contratos add constraint FK7emve2vf3wgjecp31a7oax1yp foreign key (vendedor_id) references users
2026-02-20 17:14:49.584 DEBUG 6639 --- [           main] org.hibernate.SQL                        : alter table lote_imagenes add constraint FKn84vq5ciyk753qptvrwnp939d foreign key (lote_id) references lotes
Hibernate: alter table lote_imagenes add constraint FKn84vq5ciyk753qptvrwnp939d foreign key (lote_id) references lotes
2026-02-20 17:14:49.591 DEBUG 6639 --- [           main] org.hibernate.SQL                        : alter table lotes add constraint FK91j3e4ckqbk885kyoq7f3wuco foreign key (fraccionamiento_id) references fraccionamientos
Hibernate: alter table lotes add constraint FK91j3e4ckqbk885kyoq7f3wuco foreign key (fraccionamiento_id) references fraccionamientos
2026-02-20 17:14:49.601 DEBUG 6639 --- [           main] org.hibernate.SQL                        : alter table opportunities add constraint FK6541yivnfwu29r63jefd6lsdq foreign key (lead_id) references leads
Hibernate: alter table opportunities add constraint FK6541yivnfwu29r63jefd6lsdq foreign key (lead_id) references leads
2026-02-20 17:14:49.611 DEBUG 6639 --- [           main] org.hibernate.SQL                        : alter table opportunities add constraint FKrkyrr7yqv9smyj1prphtex48m foreign key (lote_id) references lotes
Hibernate: alter table opportunities add constraint FKrkyrr7yqv9smyj1prphtex48m foreign key (lote_id) references lotes
2026-02-20 17:14:49.615 DEBUG 6639 --- [           main] org.hibernate.SQL                        : alter table pagos add constraint FKfsgbuky3qe4emfg7adfd4md2l foreign key (contrato_id) references contratos
Hibernate: alter table pagos add constraint FKfsgbuky3qe4emfg7adfd4md2l foreign key (contrato_id) references contratos
2026-02-20 17:14:49.627 DEBUG 6639 --- [           main] org.hibernate.SQL                        : alter table permissions add constraint FKql5yu3r5kbeww3liqu42u6r84 foreign key (action_id) references actions
Hibernate: alter table permissions add constraint FKql5yu3r5kbeww3liqu42u6r84 foreign key (action_id) references actions
2026-02-20 17:14:49.631 DEBUG 6639 --- [           main] org.hibernate.SQL                        : alter table permissions add constraint FK96aqqbttbigk4ht2odwpj83sx foreign key (component_id) references components
Hibernate: alter table permissions add constraint FK96aqqbttbigk4ht2odwpj83sx foreign key (component_id) references components
2026-02-20 17:14:49.635 DEBUG 6639 --- [           main] org.hibernate.SQL                        : alter table permissions add constraint FK22lamcef3kykumk5rwjiv4x5u foreign key (module_id) references modules
Hibernate: alter table permissions add constraint FK22lamcef3kykumk5rwjiv4x5u foreign key (module_id) references modules
2026-02-20 17:14:49.640 DEBUG 6639 --- [           main] org.hibernate.SQL                        : alter table role_permissions add constraint FKegdk29eiy7mdtefy5c7eirr6e foreign key (permission_id) references permissions
Hibernate: alter table role_permissions add constraint FKegdk29eiy7mdtefy5c7eirr6e foreign key (permission_id) references permissions
2026-02-20 17:14:49.645 DEBUG 6639 --- [           main] org.hibernate.SQL                        : alter table role_permissions add constraint FKn5fotdgk8d1xvo8nav9uv3muc foreign key (role_id) references roles
Hibernate: alter table role_permissions add constraint FKn5fotdgk8d1xvo8nav9uv3muc foreign key (role_id) references roles
2026-02-20 17:14:49.651 DEBUG 6639 --- [           main] org.hibernate.SQL                        : alter table user_roles add constraint FKh8ciramu9cc9q3qcqiv4ue8a6 foreign key (role_id) references roles
Hibernate: alter table user_roles add constraint FKh8ciramu9cc9q3qcqiv4ue8a6 foreign key (role_id) references roles
2026-02-20 17:14:49.657 DEBUG 6639 --- [           main] org.hibernate.SQL                        : alter table user_roles add constraint FKhfh9dx7w3ubf1co1vdev94g3f foreign key (user_id) references users
Hibernate: alter table user_roles add constraint FKhfh9dx7w3ubf1co1vdev94g3f foreign key (user_id) references users
2026-02-20 17:14:49.686  INFO 6639 --- [           main] o.h.e.t.j.p.i.JtaPlatformInitiator       : HHH000490: Using JtaPlatform implementation: [org.hibernate.engine.transaction.jta.platform.internal.NoJtaPlatform]
2026-02-20 17:14:49.798  INFO 6639 --- [           main] j.LocalContainerEntityManagerFactoryBean : Initialized JPA EntityManagerFactory for persistence unit 'default'
2026-02-20 17:14:53.531  INFO 6639 --- [           main] o.s.b.a.h2.H2ConsoleAutoConfiguration    : H2 console available at '/h2-console'. Database available at 'jdbc:h2:file:./data/casavida_db'
2026-02-20 17:14:54.028 DEBUG 6639 --- [           main] o.springframework.web.filter.CorsFilter  : Filter 'corsFilter' configured for use
--- FraccionamientoController INSTANTIATED ---
--- LoteController INSTANTIATED ---
2026-02-20 17:15:01.815  WARN 6639 --- [           main] JpaBaseConfiguration$JpaWebConfiguration : spring.jpa.open-in-view is enabled by default. Therefore, database queries may be performed during view rendering. Explicitly configure spring.jpa.open-in-view to disable this warning
2026-02-20 17:15:02.916 DEBUG 6639 --- [           main] s.w.s.m.m.a.RequestMappingHandlerMapping : 56 mappings in 'requestMappingHandlerMapping'
2026-02-20 17:15:06.310 DEBUG 6639 --- [           main] o.s.w.s.handler.SimpleUrlHandlerMapping  : Patterns [/webjars/**, /**, /swagger-ui*/*swagger-initializer.js, /swagger-ui*/**] in 'resourceHandlerMapping'
2026-02-20 17:15:06.490  INFO 6639 --- [           main] o.s.s.web.DefaultSecurityFilterChain     : Will secure any request with [org.springframework.security.web.session.DisableEncodeUrlFilter@7c9c7e7d, org.springframework.security.web.context.request.async.WebAsyncManagerIntegrationFilter@58701e8c, org.springframework.security.web.context.SecurityContextPersistenceFilter@21084a6d, org.springframework.security.web.header.HeaderWriterFilter@1cc42abe, org.springframework.web.filter.CorsFilter@951461a, org.springframework.security.web.authentication.logout.LogoutFilter@6094ad4, com.casavida.backend.security.jwt.AuthTokenFilter@105fe81e, org.springframework.security.web.savedrequest.RequestCacheAwareFilter@642d971f, org.springframework.security.web.servletapi.SecurityContextHolderAwareRequestFilter@2afe825a, org.springframework.security.web.authentication.AnonymousAuthenticationFilter@2f0e7008, org.springframework.security.web.session.SessionManagementFilter@35630ee8, org.springframework.security.web.access.ExceptionTranslationFilter@57466fb7, org.springframework.security.web.access.intercept.FilterSecurityInterceptor@399a5a52]
2026-02-20 17:15:07.162 DEBUG 6639 --- [           main] s.w.s.m.m.a.RequestMappingHandlerAdapter : ControllerAdvice beans: 0 @ModelAttribute, 0 @InitBinder, 1 RequestBodyAdvice, 1 ResponseBodyAdvice
2026-02-20 17:15:07.486 DEBUG 6639 --- [           main] .m.m.a.ExceptionHandlerExceptionResolver : ControllerAdvice beans: 1 @ExceptionHandler, 1 ResponseBodyAdvice
2026-02-20 17:15:08.888  WARN 6639 --- [           main] ConfigServletWebServerApplicationContext : Exception encountered during context initialization - cancelling refresh attempt: org.springframework.beans.factory.BeanCreationException: Error creating bean with name 'dataSourceScriptDatabaseInitializer' defined in class path resource [org/springframework/boot/autoconfigure/sql/init/DataSourceInitializationConfiguration.class]: Invocation of init method failed; nested exception is org.springframework.jdbc.datasource.init.ScriptStatementFailedException: Failed to execute SQL script statement #48 of URL [file:/Users/franivan/Documents/ProyectosWeb/CasaVida/backend/target/classes/data.sql]: INSERT INTO pagos (id, monto, fecha_pago, concepto, referencia, metodo_pago, estatus, validado, contrato_id) VALUES (1, 30000.0, CURRENT_TIMESTAMP, 'Enganche', 'REF-ENG-001', 'Transferencia', 'VALIDADO', true, 1); nested exception is org.h2.jdbc.JdbcSQLSyntaxErrorException: Column "ESTATUS" not found; SQL statement:
INSERT INTO pagos (id, monto, fecha_pago, concepto, referencia, metodo_pago, estatus, validado, contrato_id) VALUES (1, 30000.0, CURRENT_TIMESTAMP, 'Enganche', 'REF-ENG-001', 'Transferencia', 'VALIDADO', true, 1) [42122-214]
2026-02-20 17:15:08.941  INFO 6639 --- [           main] j.LocalContainerEntityManagerFactoryBean : Closing JPA EntityManagerFactory for persistence unit 'default'
2026-02-20 17:15:08.950  INFO 6639 --- [           main] .SchemaDropperImpl$DelayedDropActionImpl : HHH000477: Starting delayed evictData of schema as part of SessionFactory shut-down'
2026-02-20 17:15:08.951 DEBUG 6639 --- [           main] org.hibernate.SQL                        : drop table if exists actions CASCADE 
Hibernate: drop table if exists actions CASCADE 
2026-02-20 17:15:08.980 DEBUG 6639 --- [           main] org.hibernate.SQL                        : drop table if exists clientes CASCADE 
Hibernate: drop table if exists clientes CASCADE 
2026-02-20 17:15:08.984 DEBUG 6639 --- [           main] org.hibernate.SQL                        : drop table if exists components CASCADE 
Hibernate: drop table if exists components CASCADE 
2026-02-20 17:15:08.989 DEBUG 6639 --- [           main] org.hibernate.SQL                        : drop table if exists contratos CASCADE 
Hibernate: drop table if exists contratos CASCADE 
2026-02-20 17:15:08.993 DEBUG 6639 --- [           main] org.hibernate.SQL                        : drop table if exists fraccionamientos CASCADE 
Hibernate: drop table if exists fraccionamientos CASCADE 
2026-02-20 17:15:08.999 DEBUG 6639 --- [           main] org.hibernate.SQL                        : drop table if exists leads CASCADE 
Hibernate: drop table if exists leads CASCADE 
2026-02-20 17:15:09.001 DEBUG 6639 --- [           main] org.hibernate.SQL                        : drop table if exists lote_imagenes CASCADE 
Hibernate: drop table if exists lote_imagenes CASCADE 
2026-02-20 17:15:09.005 DEBUG 6639 --- [           main] org.hibernate.SQL                        : drop table if exists lotes CASCADE 
Hibernate: drop table if exists lotes CASCADE 
2026-02-20 17:15:09.015 DEBUG 6639 --- [           main] org.hibernate.SQL                        : drop table if exists modules CASCADE 
Hibernate: drop table if exists modules CASCADE 
2026-02-20 17:15:09.018 DEBUG 6639 --- [           main] org.hibernate.SQL                        : drop table if exists opportunities CASCADE 
Hibernate: drop table if exists opportunities CASCADE 
2026-02-20 17:15:09.022 DEBUG 6639 --- [           main] org.hibernate.SQL                        : drop table if exists pagos CASCADE 
Hibernate: drop table if exists pagos CASCADE 
2026-02-20 17:15:09.033 DEBUG 6639 --- [           main] org.hibernate.SQL                        : drop table if exists permissions CASCADE 
Hibernate: drop table if exists permissions CASCADE 
2026-02-20 17:15:09.038 DEBUG 6639 --- [           main] org.hibernate.SQL                        : drop table if exists role_permissions CASCADE 
Hibernate: drop table if exists role_permissions CASCADE 
2026-02-20 17:15:09.050 DEBUG 6639 --- [           main] org.hibernate.SQL                        : drop table if exists roles CASCADE 
Hibernate: drop table if exists roles CASCADE 
2026-02-20 17:15:09.052 DEBUG 6639 --- [           main] org.hibernate.SQL                        : drop table if exists user_roles CASCADE 
Hibernate: drop table if exists user_roles CASCADE 
2026-02-20 17:15:09.056 DEBUG 6639 --- [           main] org.hibernate.SQL                        : drop table if exists users CASCADE 
Hibernate: drop table if exists users CASCADE 
2026-02-20 17:15:09.084  INFO 6639 --- [           main] com.zaxxer.hikari.HikariDataSource       : HikariPool-1 - Shutdown initiated...
2026-02-20 17:15:09.106  INFO 6639 --- [           main] com.zaxxer.hikari.HikariDataSource       : HikariPool-1 - Shutdown completed.
2026-02-20 17:15:09.139  INFO 6639 --- [           main] o.apache.catalina.core.StandardService   : Stopping service [Tomcat]
2026-02-20 17:15:09.217  WARN 6639 --- [           main] o.a.c.loader.WebappClassLoaderBase       : The web application [ROOT] appears to have started a thread named [MVStore background writer /Users/franivan/Documents/ProyectosWeb/CasaVida/backend/data/casavida_db.mv.db] but has failed to stop it. This is very likely to create a memory leak. Stack trace of thread:
 java.base@11.0.17/java.lang.Object.wait(Native Method)
 app//org.h2.mvstore.MVStore$BackgroundWriterThread.run(MVStore.java:3768)
2026-02-20 17:15:09.219  WARN 6639 --- [           main] o.a.c.loader.WebappClassLoaderBase       : The web application [ROOT] appears to have started a thread named [H2-serialization] but has failed to stop it. This is very likely to create a memory leak. Stack trace of thread:
 java.base@11.0.17/jdk.internal.misc.Unsafe.park(Native Method)
 java.base@11.0.17/java.util.concurrent.locks.LockSupport.park(LockSupport.java:194)
 java.base@11.0.17/java.util.concurrent.locks.AbstractQueuedSynchronizer$ConditionObject.await(AbstractQueuedSynchronizer.java:2081)
 java.base@11.0.17/java.util.concurrent.LinkedBlockingQueue.take(LinkedBlockingQueue.java:433)
 java.base@11.0.17/java.util.concurrent.ThreadPoolExecutor.getTask(ThreadPoolExecutor.java:1054)
 java.base@11.0.17/java.util.concurrent.ThreadPoolExecutor.runWorker(ThreadPoolExecutor.java:1114)
 java.base@11.0.17/java.util.concurrent.ThreadPoolExecutor$Worker.run(ThreadPoolExecutor.java:628)
 java.base@11.0.17/java.lang.Thread.run(Thread.java:834)
2026-02-20 17:15:09.222  WARN 6639 --- [           main] o.a.c.loader.WebappClassLoaderBase       : The web application [ROOT] appears to have started a thread named [H2-save] but has failed to stop it. This is very likely to create a memory leak. Stack trace of thread:
 java.base@11.0.17/jdk.internal.misc.Unsafe.park(Native Method)
 java.base@11.0.17/java.util.concurrent.locks.LockSupport.park(LockSupport.java:194)
 java.base@11.0.17/java.util.concurrent.locks.AbstractQueuedSynchronizer$ConditionObject.await(AbstractQueuedSynchronizer.java:2081)
 java.base@11.0.17/java.util.concurrent.LinkedBlockingQueue.take(LinkedBlockingQueue.java:433)
 java.base@11.0.17/java.util.concurrent.ThreadPoolExecutor.getTask(ThreadPoolExecutor.java:1054)
 java.base@11.0.17/java.util.concurrent.ThreadPoolExecutor.runWorker(ThreadPoolExecutor.java:1114)
 java.base@11.0.17/java.util.concurrent.ThreadPoolExecutor$Worker.run(ThreadPoolExecutor.java:628)
 java.base@11.0.17/java.lang.Thread.run(Thread.java:834)
2026-02-20 17:15:09.288  INFO 6639 --- [           main] ConditionEvaluationReportLoggingListener : 

Error starting ApplicationContext. To display the conditions report re-run your application with 'debug' enabled.
2026-02-20 17:15:09.502 ERROR 6639 --- [           main] o.s.boot.SpringApplication               : Application run failed

org.springframework.beans.factory.BeanCreationException: Error creating bean with name 'dataSourceScriptDatabaseInitializer' defined in class path resource [org/springframework/boot/autoconfigure/sql/init/DataSourceInitializationConfiguration.class]: Invocation of init method failed; nested exception is org.springframework.jdbc.datasource.init.ScriptStatementFailedException: Failed to execute SQL script statement #48 of URL [file:/Users/franivan/Documents/ProyectosWeb/CasaVida/backend/target/classes/data.sql]: INSERT INTO pagos (id, monto, fecha_pago, concepto, referencia, metodo_pago, estatus, validado, contrato_id) VALUES (1, 30000.0, CURRENT_TIMESTAMP, 'Enganche', 'REF-ENG-001', 'Transferencia', 'VALIDADO', true, 1); nested exception is org.h2.jdbc.JdbcSQLSyntaxErrorException: Column "ESTATUS" not found; SQL statement:
INSERT INTO pagos (id, monto, fecha_pago, concepto, referencia, metodo_pago, estatus, validado, contrato_id) VALUES (1, 30000.0, CURRENT_TIMESTAMP, 'Enganche', 'REF-ENG-001', 'Transferencia', 'VALIDADO', true, 1) [42122-214]
	at org.springframework.beans.factory.support.AbstractAutowireCapableBeanFactory.initializeBean(AbstractAutowireCapableBeanFactory.java:1804) ~[spring-beans-5.3.31.jar:5.3.31]
	at org.springframework.beans.factory.support.AbstractAutowireCapableBeanFactory.doCreateBean(AbstractAutowireCapableBeanFactory.java:620) ~[spring-beans-5.3.31.jar:5.3.31]
	at org.springframework.beans.factory.support.AbstractAutowireCapableBeanFactory.createBean(AbstractAutowireCapableBeanFactory.java:542) ~[spring-beans-5.3.31.jar:5.3.31]
	at org.springframework.beans.factory.support.AbstractBeanFactory.lambda$doGetBean$0(AbstractBeanFactory.java:335) ~[spring-beans-5.3.31.jar:5.3.31]
	at org.springframework.beans.factory.support.DefaultSingletonBeanRegistry.getSingleton(DefaultSingletonBeanRegistry.java:234) ~[spring-beans-5.3.31.jar:5.3.31]
	at org.springframework.beans.factory.support.AbstractBeanFactory.doGetBean(AbstractBeanFactory.java:333) ~[spring-beans-5.3.31.jar:5.3.31]
	at org.springframework.beans.factory.support.AbstractBeanFactory.getBean(AbstractBeanFactory.java:208) ~[spring-beans-5.3.31.jar:5.3.31]
	at org.springframework.beans.factory.support.AbstractBeanFactory.doGetBean(AbstractBeanFactory.java:322) ~[spring-beans-5.3.31.jar:5.3.31]
	at org.springframework.beans.factory.support.AbstractBeanFactory.getBean(AbstractBeanFactory.java:208) ~[spring-beans-5.3.31.jar:5.3.31]
	at org.springframework.beans.factory.support.DefaultListableBeanFactory.preInstantiateSingletons(DefaultListableBeanFactory.java:955) ~[spring-beans-5.3.31.jar:5.3.31]
	at org.springframework.context.support.AbstractApplicationContext.finishBeanFactoryInitialization(AbstractApplicationContext.java:929) ~[spring-context-5.3.31.jar:5.3.31]
	at org.springframework.context.support.AbstractApplicationContext.refresh(AbstractApplicationContext.java:591) ~[spring-context-5.3.31.jar:5.3.31]
	at org.springframework.boot.web.servlet.context.ServletWebServerApplicationContext.refresh(ServletWebServerApplicationContext.java:147) ~[spring-boot-2.7.18.jar:2.7.18]
	at org.springframework.boot.SpringApplication.refresh(SpringApplication.java:732) ~[spring-boot-2.7.18.jar:2.7.18]
	at org.springframework.boot.SpringApplication.refreshContext(SpringApplication.java:409) ~[spring-boot-2.7.18.jar:2.7.18]
	at org.springframework.boot.SpringApplication.run(SpringApplication.java:308) ~[spring-boot-2.7.18.jar:2.7.18]
	at org.springframework.boot.SpringApplication.run(SpringApplication.java:1300) ~[spring-boot-2.7.18.jar:2.7.18]
	at org.springframework.boot.SpringApplication.run(SpringApplication.java:1289) ~[spring-boot-2.7.18.jar:2.7.18]
	at com.casavida.backend.BackendApplication.main(BackendApplication.java:10) ~[classes/:na]
Caused by: org.springframework.jdbc.datasource.init.ScriptStatementFailedException: Failed to execute SQL script statement #48 of URL [file:/Users/franivan/Documents/ProyectosWeb/CasaVida/backend/target/classes/data.sql]: INSERT INTO pagos (id, monto, fecha_pago, concepto, referencia, metodo_pago, estatus, validado, contrato_id) VALUES (1, 30000.0, CURRENT_TIMESTAMP, 'Enganche', 'REF-ENG-001', 'Transferencia', 'VALIDADO', true, 1); nested exception is org.h2.jdbc.JdbcSQLSyntaxErrorException: Column "ESTATUS" not found; SQL statement:
INSERT INTO pagos (id, monto, fecha_pago, concepto, referencia, metodo_pago, estatus, validado, contrato_id) VALUES (1, 30000.0, CURRENT_TIMESTAMP, 'Enganche', 'REF-ENG-001', 'Transferencia', 'VALIDADO', true, 1) [42122-214]
	at org.springframework.jdbc.datasource.init.ScriptUtils.executeSqlScript(ScriptUtils.java:282) ~[spring-jdbc-5.3.31.jar:5.3.31]
	at org.springframework.jdbc.datasource.init.ResourceDatabasePopulator.populate(ResourceDatabasePopulator.java:254) ~[spring-jdbc-5.3.31.jar:5.3.31]
	at org.springframework.jdbc.datasource.init.DatabasePopulatorUtils.execute(DatabasePopulatorUtils.java:54) ~[spring-jdbc-5.3.31.jar:5.3.31]
	at org.springframework.boot.jdbc.init.DataSourceScriptDatabaseInitializer.runScripts(DataSourceScriptDatabaseInitializer.java:90) ~[spring-boot-2.7.18.jar:2.7.18]
	at org.springframework.boot.sql.init.AbstractScriptDatabaseInitializer.runScripts(AbstractScriptDatabaseInitializer.java:145) ~[spring-boot-2.7.18.jar:2.7.18]
	at org.springframework.boot.sql.init.AbstractScriptDatabaseInitializer.applyScripts(AbstractScriptDatabaseInitializer.java:107) ~[spring-boot-2.7.18.jar:2.7.18]
	at org.springframework.boot.sql.init.AbstractScriptDatabaseInitializer.applyDataScripts(AbstractScriptDatabaseInitializer.java:101) ~[spring-boot-2.7.18.jar:2.7.18]
	at org.springframework.boot.sql.init.AbstractScriptDatabaseInitializer.initializeDatabase(AbstractScriptDatabaseInitializer.java:76) ~[spring-boot-2.7.18.jar:2.7.18]
	at org.springframework.boot.sql.init.AbstractScriptDatabaseInitializer.afterPropertiesSet(AbstractScriptDatabaseInitializer.java:65) ~[spring-boot-2.7.18.jar:2.7.18]
	at org.springframework.beans.factory.support.AbstractAutowireCapableBeanFactory.invokeInitMethods(AbstractAutowireCapableBeanFactory.java:1863) ~[spring-beans-5.3.31.jar:5.3.31]
	at org.springframework.beans.factory.support.AbstractAutowireCapableBeanFactory.initializeBean(AbstractAutowireCapableBeanFactory.java:1800) ~[spring-beans-5.3.31.jar:5.3.31]
	... 18 common frames omitted
Caused by: org.h2.jdbc.JdbcSQLSyntaxErrorException: Column "ESTATUS" not found; SQL statement:
INSERT INTO pagos (id, monto, fecha_pago, concepto, referencia, metodo_pago, estatus, validado, contrato_id) VALUES (1, 30000.0, CURRENT_TIMESTAMP, 'Enganche', 'REF-ENG-001', 'Transferencia', 'VALIDADO', true, 1) [42122-214]
	at org.h2.message.DbException.getJdbcSQLException(DbException.java:502) ~[h2-2.1.214.jar:2.1.214]
	at org.h2.message.DbException.getJdbcSQLException(DbException.java:477) ~[h2-2.1.214.jar:2.1.214]
	at org.h2.message.DbException.get(DbException.java:223) ~[h2-2.1.214.jar:2.1.214]
	at org.h2.message.DbException.get(DbException.java:199) ~[h2-2.1.214.jar:2.1.214]
	at org.h2.table.Table.getColumn(Table.java:749) ~[h2-2.1.214.jar:2.1.214]
	at org.h2.command.Parser.parseColumn(Parser.java:1256) ~[h2-2.1.214.jar:2.1.214]
	at org.h2.command.Parser.parseColumnList(Parser.java:1241) ~[h2-2.1.214.jar:2.1.214]
	at org.h2.command.Parser.parseInsert(Parser.java:1641) ~[h2-2.1.214.jar:2.1.214]
	at org.h2.command.Parser.parsePrepared(Parser.java:814) ~[h2-2.1.214.jar:2.1.214]
	at org.h2.command.Parser.parse(Parser.java:689) ~[h2-2.1.214.jar:2.1.214]
	at org.h2.command.Parser.parse(Parser.java:661) ~[h2-2.1.214.jar:2.1.214]
	at org.h2.command.Parser.prepareCommand(Parser.java:569) ~[h2-2.1.214.jar:2.1.214]
	at org.h2.engine.SessionLocal.prepareLocal(SessionLocal.java:631) ~[h2-2.1.214.jar:2.1.214]
	at org.h2.engine.SessionLocal.prepareCommand(SessionLocal.java:554) ~[h2-2.1.214.jar:2.1.214]
	at org.h2.jdbc.JdbcConnection.prepareCommand(JdbcConnection.java:1116) ~[h2-2.1.214.jar:2.1.214]
	at org.h2.jdbc.JdbcStatement.executeInternal(JdbcStatement.java:237) ~[h2-2.1.214.jar:2.1.214]
	at org.h2.jdbc.JdbcStatement.execute(JdbcStatement.java:223) ~[h2-2.1.214.jar:2.1.214]
	at com.zaxxer.hikari.pool.ProxyStatement.execute(ProxyStatement.java:94) ~[HikariCP-4.0.3.jar:na]
	at com.zaxxer.hikari.pool.HikariProxyStatement.execute(HikariProxyStatement.java) ~[HikariCP-4.0.3.jar:na]
	at org.springframework.jdbc.datasource.init.ScriptUtils.executeSqlScript(ScriptUtils.java:261) ~[spring-jdbc-5.3.31.jar:5.3.31]
	... 28 common frames omitted

[INFO] ------------------------------------------------------------------------
[INFO] BUILD FAILURE
[INFO] ------------------------------------------------------------------------
[INFO] Total time:  02:05 min
[INFO] Finished at: 2026-02-20T17:15:09-06:00
[INFO] ------------------------------------------------------------------------
[ERROR] Failed to execute goal org.springframework.boot:spring-boot-maven-plugin:2.7.18:run (default-cli) on project backend: Application finished with exit code: 1 -> [Help 1]
[ERROR] 
[ERROR] To see the full stack trace of the errors, re-run Maven with the -e switch.
[ERROR] Re-run Maven using the -X switch to enable full debug logging.
[ERROR] 
[ERROR] For more information about the errors and possible solutions, please read the following articles:
[ERROR] [Help 1] http://cwiki.apache.org/confluence/display/MAVEN/MojoExecutionException
