[INFO] Scanning for projects...
[INFO] 
[INFO] ------------------------< com.casavida:backend >------------------------
[INFO] Building backend 0.0.1-SNAPSHOT
[INFO]   from pom.xml
[INFO] --------------------------------[ jar ]---------------------------------
[INFO] 
[INFO] --- clean:3.2.0:clean (default-clean) @ backend ---
[INFO] Deleting /Users/franivan/Documents/ProyectosWeb/CasaVida/backend/target
[INFO] 
[INFO] >>> spring-boot:2.7.18:run (default-cli) > test-compile @ backend >>>
[INFO] 
[INFO] --- resources:3.2.0:resources (default-resources) @ backend ---
[INFO] Using 'UTF-8' encoding to copy filtered resources.
[INFO] Using 'UTF-8' encoding to copy filtered properties files.
[INFO] Copying 1 resource
[INFO] Copying 1 resource
[INFO] 
[INFO] --- compiler:3.13.0:compile (default-compile) @ backend ---
[INFO] Recompiling the module because of changed source code.
[INFO] Compiling 65 source files with javac [debug parameters target 11] to target/classes
[INFO] 
[INFO] --- resources:3.2.0:testResources (default-testResources) @ backend ---
[INFO] Using 'UTF-8' encoding to copy filtered resources.
[INFO] Using 'UTF-8' encoding to copy filtered properties files.
[INFO] skip non existing resourceDirectory /Users/franivan/Documents/ProyectosWeb/CasaVida/backend/src/test/resources
[INFO] 
[INFO] --- compiler:3.13.0:testCompile (default-testCompile) @ backend ---
[INFO] No sources to compile
[INFO] 
[INFO] <<< spring-boot:2.7.18:run (default-cli) < test-compile @ backend <<<
[INFO] 
[INFO] 
[INFO] --- spring-boot:2.7.18:run (default-cli) @ backend ---
[INFO] Attaching agents: []

  .   ____          _            __ _ _
 /\\ / ___'_ __ _ _(_)_ __  __ _ \ \ \ \
( ( )\___ | '_ | '_| | '_ \/ _` | \ \ \ \
 \\/  ___)| |_)| | | | | || (_| |  ) ) ) )
  '  |____| .__|_| |_|_| |_\__, | / / / /
 =========|_|==============|___/=/_/_/_/
 :: Spring Boot ::               (v2.7.18)

2026-02-20 17:34:46.033  INFO 8193 --- [           main] com.casavida.backend.BackendApplication  : Starting BackendApplication using Java 11.0.17 on Frans-MacBook-Air.local with PID 8193 (/Users/franivan/Documents/ProyectosWeb/CasaVida/backend/target/classes started by franivan in /Users/franivan/Documents/ProyectosWeb/CasaVida/backend)
2026-02-20 17:34:46.036  INFO 8193 --- [           main] com.casavida.backend.BackendApplication  : No active profile set, falling back to 1 default profile: "default"
2026-02-20 17:34:48.068  INFO 8193 --- [           main] .s.d.r.c.RepositoryConfigurationDelegate : Bootstrapping Spring Data JPA repositories in DEFAULT mode.
2026-02-20 17:34:48.229  INFO 8193 --- [           main] .s.d.r.c.RepositoryConfigurationDelegate : Finished Spring Data repository scanning in 146 ms. Found 11 JPA repository interfaces.
2026-02-20 17:34:49.263  INFO 8193 --- [           main] o.s.b.w.embedded.tomcat.TomcatWebServer  : Tomcat initialized with port(s): 8080 (http)
2026-02-20 17:34:49.287  INFO 8193 --- [           main] o.apache.catalina.core.StandardService   : Starting service [Tomcat]
2026-02-20 17:34:49.287  INFO 8193 --- [           main] org.apache.catalina.core.StandardEngine  : Starting Servlet engine: [Apache Tomcat/9.0.83]
2026-02-20 17:34:49.556  INFO 8193 --- [           main] o.a.c.c.C.[Tomcat].[localhost].[/]       : Initializing Spring embedded WebApplicationContext
2026-02-20 17:34:49.559  INFO 8193 --- [           main] w.s.c.ServletWebServerApplicationContext : Root WebApplicationContext: initialization completed in 3444 ms
2026-02-20 17:34:50.028  INFO 8193 --- [           main] o.hibernate.jpa.internal.util.LogHelper  : HHH000204: Processing PersistenceUnitInfo [name: default]
2026-02-20 17:34:50.163  INFO 8193 --- [           main] org.hibernate.Version                    : HHH000412: Hibernate ORM core version 5.6.15.Final
2026-02-20 17:34:50.529  INFO 8193 --- [           main] o.hibernate.annotations.common.Version   : HCANN000001: Hibernate Commons Annotations {5.1.2.Final}
2026-02-20 17:34:50.729  INFO 8193 --- [           main] com.zaxxer.hikari.HikariDataSource       : HikariPool-1 - Starting...
2026-02-20 17:34:51.020  INFO 8193 --- [           main] com.zaxxer.hikari.HikariDataSource       : HikariPool-1 - Start completed.
2026-02-20 17:34:51.058  INFO 8193 --- [           main] org.hibernate.dialect.Dialect            : HHH000400: Using dialect: org.hibernate.dialect.H2Dialect
2026-02-20 17:34:52.612 DEBUG 8193 --- [           main] org.hibernate.SQL                        : drop table if exists actions CASCADE 
Hibernate: drop table if exists actions CASCADE 
2026-02-20 17:34:52.625 DEBUG 8193 --- [           main] org.hibernate.SQL                        : drop table if exists clientes CASCADE 
Hibernate: drop table if exists clientes CASCADE 
2026-02-20 17:34:52.626 DEBUG 8193 --- [           main] org.hibernate.SQL                        : drop table if exists components CASCADE 
Hibernate: drop table if exists components CASCADE 
2026-02-20 17:34:52.626 DEBUG 8193 --- [           main] org.hibernate.SQL                        : drop table if exists contratos CASCADE 
Hibernate: drop table if exists contratos CASCADE 
2026-02-20 17:34:52.627 DEBUG 8193 --- [           main] org.hibernate.SQL                        : drop table if exists fraccionamientos CASCADE 
Hibernate: drop table if exists fraccionamientos CASCADE 
2026-02-20 17:34:52.628 DEBUG 8193 --- [           main] org.hibernate.SQL                        : drop table if exists leads CASCADE 
Hibernate: drop table if exists leads CASCADE 
2026-02-20 17:34:52.630 DEBUG 8193 --- [           main] org.hibernate.SQL                        : drop table if exists lote_imagenes CASCADE 
Hibernate: drop table if exists lote_imagenes CASCADE 
2026-02-20 17:34:52.631 DEBUG 8193 --- [           main] org.hibernate.SQL                        : drop table if exists lotes CASCADE 
Hibernate: drop table if exists lotes CASCADE 
2026-02-20 17:34:52.631 DEBUG 8193 --- [           main] org.hibernate.SQL                        : drop table if exists modules CASCADE 
Hibernate: drop table if exists modules CASCADE 
2026-02-20 17:34:52.633 DEBUG 8193 --- [           main] org.hibernate.SQL                        : drop table if exists opportunities CASCADE 
Hibernate: drop table if exists opportunities CASCADE 
2026-02-20 17:34:52.634 DEBUG 8193 --- [           main] org.hibernate.SQL                        : drop table if exists pagos CASCADE 
Hibernate: drop table if exists pagos CASCADE 
2026-02-20 17:34:52.643 DEBUG 8193 --- [           main] org.hibernate.SQL                        : drop table if exists permissions CASCADE 
Hibernate: drop table if exists permissions CASCADE 
2026-02-20 17:34:52.643 DEBUG 8193 --- [           main] org.hibernate.SQL                        : drop table if exists role_permissions CASCADE 
Hibernate: drop table if exists role_permissions CASCADE 
2026-02-20 17:34:52.644 DEBUG 8193 --- [           main] org.hibernate.SQL                        : drop table if exists roles CASCADE 
Hibernate: drop table if exists roles CASCADE 
2026-02-20 17:34:52.644 DEBUG 8193 --- [           main] org.hibernate.SQL                        : drop table if exists user_roles CASCADE 
Hibernate: drop table if exists user_roles CASCADE 
2026-02-20 17:34:52.645 DEBUG 8193 --- [           main] org.hibernate.SQL                        : drop table if exists users CASCADE 
Hibernate: drop table if exists users CASCADE 
2026-02-20 17:34:52.651 DEBUG 8193 --- [           main] org.hibernate.SQL                        : create table actions (id bigint generated by default as identity, created_at timestamp not null, description TEXT, display_name varchar(50) not null, name varchar(50) not null, primary key (id))
Hibernate: create table actions (id bigint generated by default as identity, created_at timestamp not null, description TEXT, display_name varchar(50) not null, name varchar(50) not null, primary key (id))
2026-02-20 17:34:52.675 DEBUG 8193 --- [           main] org.hibernate.SQL                        : create table clientes (id bigint generated by default as identity, apellidos varchar(255) not null, direccion varchar(255), email varchar(255) not null, fecha_registro timestamp, ine varchar(255), nombre varchar(255) not null, telefono varchar(255) not null, primary key (id))
Hibernate: create table clientes (id bigint generated by default as identity, apellidos varchar(255) not null, direccion varchar(255), email varchar(255) not null, fecha_registro timestamp, ine varchar(255), nombre varchar(255) not null, telefono varchar(255) not null, primary key (id))
2026-02-20 17:34:52.677 DEBUG 8193 --- [           main] org.hibernate.SQL                        : create table components (id bigint generated by default as identity, active boolean not null, created_at timestamp not null, description TEXT, display_name varchar(100) not null, display_order integer, name varchar(100) not null, route varchar(255), updated_at timestamp, module_id bigint not null, primary key (id))
Hibernate: create table components (id bigint generated by default as identity, active boolean not null, created_at timestamp not null, description TEXT, display_name varchar(100) not null, display_order integer, name varchar(100) not null, route varchar(255), updated_at timestamp, module_id bigint not null, primary key (id))
2026-02-20 17:34:52.679 DEBUG 8193 --- [           main] org.hibernate.SQL                        : create table contratos (id bigint generated by default as identity, enganche numeric(19,2), estatus varchar(255), fecha_contrato date, mensualidad numeric(19,2), monto_total numeric(19,2), plazo_meses integer, tasa_interes_anual double, cliente_id bigint not null, lote_id bigint not null, vendedor_id bigint, primary key (id))
Hibernate: create table contratos (id bigint generated by default as identity, enganche numeric(19,2), estatus varchar(255), fecha_contrato date, mensualidad numeric(19,2), monto_total numeric(19,2), plazo_meses integer, tasa_interes_anual double, cliente_id bigint not null, lote_id bigint not null, vendedor_id bigint, primary key (id))
2026-02-20 17:34:52.681 DEBUG 8193 --- [           main] org.hibernate.SQL                        : create table fraccionamientos (id bigint generated by default as identity, coordenadas_geo TEXT, descripcion varchar(255), logo_url varchar(255), nombre varchar(255) not null, poligono_delimitador TEXT, ubicacion varchar(255), primary key (id))
Hibernate: create table fraccionamientos (id bigint generated by default as identity, coordenadas_geo TEXT, descripcion varchar(255), logo_url varchar(255), nombre varchar(255) not null, poligono_delimitador TEXT, ubicacion varchar(255), primary key (id))
2026-02-20 17:34:52.685 DEBUG 8193 --- [           main] org.hibernate.SQL                        : create table leads (id bigint generated by default as identity, email varchar(255), fecha_registro timestamp, mensaje TEXT, nombre varchar(255) not null, source varchar(255), status varchar(255), telefono varchar(255), primary key (id))
Hibernate: create table leads (id bigint generated by default as identity, email varchar(255), fecha_registro timestamp, mensaje TEXT, nombre varchar(255) not null, source varchar(255), status varchar(255), telefono varchar(255), primary key (id))
2026-02-20 17:34:52.688 DEBUG 8193 --- [           main] org.hibernate.SQL                        : create table lote_imagenes (lote_id bigint not null, imagen_url varchar(255))
Hibernate: create table lote_imagenes (lote_id bigint not null, imagen_url varchar(255))
2026-02-20 17:34:52.689 DEBUG 8193 --- [           main] org.hibernate.SQL                        : create table lotes (id bigint generated by default as identity, area_metros_cuadrados double not null, coordenadas_geo TEXT, descripcion varchar(255), estatus varchar(20), imagen_url varchar(255), manzana varchar(255) not null, notas TEXT, numero_lote varchar(255) not null, plano_coordinates TEXT, precio_total numeric(19,2) not null, fraccionamiento_id bigint, primary key (id))
Hibernate: create table lotes (id bigint generated by default as identity, area_metros_cuadrados double not null, coordenadas_geo TEXT, descripcion varchar(255), estatus varchar(20), imagen_url varchar(255), manzana varchar(255) not null, notas TEXT, numero_lote varchar(255) not null, plano_coordinates TEXT, precio_total numeric(19,2) not null, fraccionamiento_id bigint, primary key (id))
2026-02-20 17:34:52.692 DEBUG 8193 --- [           main] org.hibernate.SQL                        : create table modules (id bigint generated by default as identity, active boolean not null, created_at timestamp not null, description TEXT, display_name varchar(100) not null, display_order integer, icon varchar(50), name varchar(100) not null, updated_at timestamp, primary key (id))
Hibernate: create table modules (id bigint generated by default as identity, active boolean not null, created_at timestamp not null, description TEXT, display_name varchar(100) not null, display_order integer, icon varchar(50), name varchar(100) not null, updated_at timestamp, primary key (id))
2026-02-20 17:34:52.695 DEBUG 8193 --- [           main] org.hibernate.SQL                        : create table opportunities (id bigint generated by default as identity, fecha_cierre_estimada date, monto_estimado numeric(19,2), notas TEXT, status varchar(255), lead_id bigint, lote_id bigint, primary key (id))
Hibernate: create table opportunities (id bigint generated by default as identity, fecha_cierre_estimada date, monto_estimado numeric(19,2), notas TEXT, status varchar(255), lead_id bigint, lote_id bigint, primary key (id))
2026-02-20 17:34:52.697 DEBUG 8193 --- [           main] org.hibernate.SQL                        : create table pagos (id bigint generated by default as identity, comprobante blob, comprobante_content_type varchar(255), concepto varchar(255), estatus varchar(255), fecha_pago date, fecha_validacion timestamp, metodo_pago varchar(255), monto numeric(19,2), referencia varchar(255), validado boolean, validado_por varchar(255), contrato_id bigint not null, primary key (id))
Hibernate: create table pagos (id bigint generated by default as identity, comprobante blob, comprobante_content_type varchar(255), concepto varchar(255), estatus varchar(255), fecha_pago date, fecha_validacion timestamp, metodo_pago varchar(255), monto numeric(19,2), referencia varchar(255), validado boolean, validado_por varchar(255), contrato_id bigint not null, primary key (id))
2026-02-20 17:34:52.701 DEBUG 8193 --- [           main] org.hibernate.SQL                        : create table permissions (id bigint generated by default as identity, active boolean not null, created_at timestamp not null, description TEXT, permission_key varchar(255) not null, updated_at timestamp, action_id bigint not null, component_id bigint, module_id bigint not null, primary key (id))
Hibernate: create table permissions (id bigint generated by default as identity, active boolean not null, created_at timestamp not null, description TEXT, permission_key varchar(255) not null, updated_at timestamp, action_id bigint not null, component_id bigint, module_id bigint not null, primary key (id))
2026-02-20 17:34:52.704 DEBUG 8193 --- [           main] org.hibernate.SQL                        : create table role_permissions (id bigint generated by default as identity, granted_at timestamp, granted_by varchar(255), permission_id bigint not null, role_id integer not null, primary key (id))
Hibernate: create table role_permissions (id bigint generated by default as identity, granted_at timestamp, granted_by varchar(255), permission_id bigint not null, role_id integer not null, primary key (id))
2026-02-20 17:34:52.707 DEBUG 8193 --- [           main] org.hibernate.SQL                        : create table roles (id integer generated by default as identity, name varchar(20), primary key (id))
Hibernate: create table roles (id integer generated by default as identity, name varchar(20), primary key (id))
2026-02-20 17:34:52.715 DEBUG 8193 --- [           main] org.hibernate.SQL                        : create table user_roles (user_id bigint not null, role_id integer not null, primary key (user_id, role_id))
Hibernate: create table user_roles (user_id bigint not null, role_id integer not null, primary key (user_id, role_id))
2026-02-20 17:34:52.722 DEBUG 8193 --- [           main] org.hibernate.SQL                        : create table users (id bigint generated by default as identity, created_at timestamp, email varchar(255) not null, password varchar(255) not null, username varchar(255) not null, primary key (id))
Hibernate: create table users (id bigint generated by default as identity, created_at timestamp, email varchar(255) not null, password varchar(255) not null, username varchar(255) not null, primary key (id))
2026-02-20 17:34:52.726 DEBUG 8193 --- [           main] org.hibernate.SQL                        : alter table actions add constraint UK_oe93gku1sb0in93ahwynjt5in unique (name)
Hibernate: alter table actions add constraint UK_oe93gku1sb0in93ahwynjt5in unique (name)
2026-02-20 17:34:52.727 DEBUG 8193 --- [           main] org.hibernate.SQL                        : alter table clientes add constraint UK_1c96wv36rk2hwui7qhjks3mvg unique (email)
Hibernate: alter table clientes add constraint UK_1c96wv36rk2hwui7qhjks3mvg unique (email)
2026-02-20 17:34:52.729 DEBUG 8193 --- [           main] org.hibernate.SQL                        : alter table modules add constraint UK_n5ng23nwasusfsyqk68hx5a05 unique (name)
Hibernate: alter table modules add constraint UK_n5ng23nwasusfsyqk68hx5a05 unique (name)
2026-02-20 17:34:52.730 DEBUG 8193 --- [           main] org.hibernate.SQL                        : alter table permissions add constraint UK_h1ss8mmscopr690vkcj25uj9a unique (permission_key)
Hibernate: alter table permissions add constraint UK_h1ss8mmscopr690vkcj25uj9a unique (permission_key)
2026-02-20 17:34:52.731 DEBUG 8193 --- [           main] org.hibernate.SQL                        : alter table users add constraint UK_6dotkott2kjsp8vw4d0m25fb7 unique (email)
Hibernate: alter table users add constraint UK_6dotkott2kjsp8vw4d0m25fb7 unique (email)
2026-02-20 17:34:52.733 DEBUG 8193 --- [           main] org.hibernate.SQL                        : alter table users add constraint UK_r43af9ap4edm43mmtq01oddj6 unique (username)
Hibernate: alter table users add constraint UK_r43af9ap4edm43mmtq01oddj6 unique (username)
2026-02-20 17:34:52.734 DEBUG 8193 --- [           main] org.hibernate.SQL                        : alter table components add constraint FKfdu4k43qdtk5qdu5tkmoiarqf foreign key (module_id) references modules
Hibernate: alter table components add constraint FKfdu4k43qdtk5qdu5tkmoiarqf foreign key (module_id) references modules
2026-02-20 17:34:52.771 DEBUG 8193 --- [           main] org.hibernate.SQL                        : alter table contratos add constraint FK1pllgg7q558aedufre3y4pewp foreign key (cliente_id) references clientes
Hibernate: alter table contratos add constraint FK1pllgg7q558aedufre3y4pewp foreign key (cliente_id) references clientes
2026-02-20 17:34:52.773 DEBUG 8193 --- [           main] org.hibernate.SQL                        : alter table contratos add constraint FKsm4a6vibva184u8f9td65vmna foreign key (lote_id) references lotes
Hibernate: alter table contratos add constraint FKsm4a6vibva184u8f9td65vmna foreign key (lote_id) references lotes
2026-02-20 17:34:52.775 DEBUG 8193 --- [           main] org.hibernate.SQL                        : alter table contratos add constraint FK7emve2vf3wgjecp31a7oax1yp foreign key (vendedor_id) references users
Hibernate: alter table contratos add constraint FK7emve2vf3wgjecp31a7oax1yp foreign key (vendedor_id) references users
2026-02-20 17:34:52.783 DEBUG 8193 --- [           main] org.hibernate.SQL                        : alter table lote_imagenes add constraint FKn84vq5ciyk753qptvrwnp939d foreign key (lote_id) references lotes
Hibernate: alter table lote_imagenes add constraint FKn84vq5ciyk753qptvrwnp939d foreign key (lote_id) references lotes
2026-02-20 17:34:52.785 DEBUG 8193 --- [           main] org.hibernate.SQL                        : alter table lotes add constraint FK91j3e4ckqbk885kyoq7f3wuco foreign key (fraccionamiento_id) references fraccionamientos
Hibernate: alter table lotes add constraint FK91j3e4ckqbk885kyoq7f3wuco foreign key (fraccionamiento_id) references fraccionamientos
2026-02-20 17:34:52.787 DEBUG 8193 --- [           main] org.hibernate.SQL                        : alter table opportunities add constraint FK6541yivnfwu29r63jefd6lsdq foreign key (lead_id) references leads
Hibernate: alter table opportunities add constraint FK6541yivnfwu29r63jefd6lsdq foreign key (lead_id) references leads
2026-02-20 17:34:52.794 DEBUG 8193 --- [           main] org.hibernate.SQL                        : alter table opportunities add constraint FKrkyrr7yqv9smyj1prphtex48m foreign key (lote_id) references lotes
Hibernate: alter table opportunities add constraint FKrkyrr7yqv9smyj1prphtex48m foreign key (lote_id) references lotes
2026-02-20 17:34:52.797 DEBUG 8193 --- [           main] org.hibernate.SQL                        : alter table pagos add constraint FKfsgbuky3qe4emfg7adfd4md2l foreign key (contrato_id) references contratos
Hibernate: alter table pagos add constraint FKfsgbuky3qe4emfg7adfd4md2l foreign key (contrato_id) references contratos
2026-02-20 17:34:52.800 DEBUG 8193 --- [           main] org.hibernate.SQL                        : alter table permissions add constraint FKql5yu3r5kbeww3liqu42u6r84 foreign key (action_id) references actions
Hibernate: alter table permissions add constraint FKql5yu3r5kbeww3liqu42u6r84 foreign key (action_id) references actions
2026-02-20 17:34:52.807 DEBUG 8193 --- [           main] org.hibernate.SQL                        : alter table permissions add constraint FK96aqqbttbigk4ht2odwpj83sx foreign key (component_id) references components
Hibernate: alter table permissions add constraint FK96aqqbttbigk4ht2odwpj83sx foreign key (component_id) references components
2026-02-20 17:34:52.809 DEBUG 8193 --- [           main] org.hibernate.SQL                        : alter table permissions add constraint FK22lamcef3kykumk5rwjiv4x5u foreign key (module_id) references modules
Hibernate: alter table permissions add constraint FK22lamcef3kykumk5rwjiv4x5u foreign key (module_id) references modules
2026-02-20 17:34:52.811 DEBUG 8193 --- [           main] org.hibernate.SQL                        : alter table role_permissions add constraint FKegdk29eiy7mdtefy5c7eirr6e foreign key (permission_id) references permissions
Hibernate: alter table role_permissions add constraint FKegdk29eiy7mdtefy5c7eirr6e foreign key (permission_id) references permissions
2026-02-20 17:34:52.816 DEBUG 8193 --- [           main] org.hibernate.SQL                        : alter table role_permissions add constraint FKn5fotdgk8d1xvo8nav9uv3muc foreign key (role_id) references roles
Hibernate: alter table role_permissions add constraint FKn5fotdgk8d1xvo8nav9uv3muc foreign key (role_id) references roles
2026-02-20 17:34:52.819 DEBUG 8193 --- [           main] org.hibernate.SQL                        : alter table user_roles add constraint FKh8ciramu9cc9q3qcqiv4ue8a6 foreign key (role_id) references roles
Hibernate: alter table user_roles add constraint FKh8ciramu9cc9q3qcqiv4ue8a6 foreign key (role_id) references roles
2026-02-20 17:34:52.820 DEBUG 8193 --- [           main] org.hibernate.SQL                        : alter table user_roles add constraint FKhfh9dx7w3ubf1co1vdev94g3f foreign key (user_id) references users
Hibernate: alter table user_roles add constraint FKhfh9dx7w3ubf1co1vdev94g3f foreign key (user_id) references users
2026-02-20 17:34:52.826  INFO 8193 --- [           main] o.h.e.t.j.p.i.JtaPlatformInitiator       : HHH000490: Using JtaPlatform implementation: [org.hibernate.engine.transaction.jta.platform.internal.NoJtaPlatform]
2026-02-20 17:34:52.844  INFO 8193 --- [           main] j.LocalContainerEntityManagerFactoryBean : Initialized JPA EntityManagerFactory for persistence unit 'default'
2026-02-20 17:34:53.508  INFO 8193 --- [           main] o.s.b.a.h2.H2ConsoleAutoConfiguration    : H2 console available at '/h2-console'. Database available at 'jdbc:h2:mem:casavida_db'
2026-02-20 17:34:53.582 DEBUG 8193 --- [           main] o.springframework.web.filter.CorsFilter  : Filter 'corsFilter' configured for use
--- FraccionamientoController INSTANTIATED ---
--- LoteController INSTANTIATED ---
2026-02-20 17:34:54.882  WARN 8193 --- [           main] JpaBaseConfiguration$JpaWebConfiguration : spring.jpa.open-in-view is enabled by default. Therefore, database queries may be performed during view rendering. Explicitly configure spring.jpa.open-in-view to disable this warning
2026-02-20 17:34:55.399 DEBUG 8193 --- [           main] s.w.s.m.m.a.RequestMappingHandlerMapping : 56 mappings in 'requestMappingHandlerMapping'
2026-02-20 17:34:56.578 DEBUG 8193 --- [           main] o.s.w.s.handler.SimpleUrlHandlerMapping  : Patterns [/webjars/**, /**, /swagger-ui*/*swagger-initializer.js, /swagger-ui*/**] in 'resourceHandlerMapping'
2026-02-20 17:34:56.643  INFO 8193 --- [           main] o.s.s.web.DefaultSecurityFilterChain     : Will secure any request with [org.springframework.security.web.session.DisableEncodeUrlFilter@30d2f9ea, org.springframework.security.web.context.request.async.WebAsyncManagerIntegrationFilter@1bca9b64, org.springframework.security.web.context.SecurityContextPersistenceFilter@30a6984c, org.springframework.security.web.header.HeaderWriterFilter@1c966488, org.springframework.web.filter.CorsFilter@3a61d819, org.springframework.security.web.authentication.logout.LogoutFilter@6bec566e, com.casavida.backend.security.jwt.AuthTokenFilter@7535307c, org.springframework.security.web.savedrequest.RequestCacheAwareFilter@47c422d3, org.springframework.security.web.servletapi.SecurityContextHolderAwareRequestFilter@382608d0, org.springframework.security.web.authentication.AnonymousAuthenticationFilter@508abc74, org.springframework.security.web.session.SessionManagementFilter@10bcbbed, org.springframework.security.web.access.ExceptionTranslationFilter@45ac973, org.springframework.security.web.access.intercept.FilterSecurityInterceptor@5608e254]
2026-02-20 17:34:56.899 DEBUG 8193 --- [           main] s.w.s.m.m.a.RequestMappingHandlerAdapter : ControllerAdvice beans: 0 @ModelAttribute, 0 @InitBinder, 1 RequestBodyAdvice, 1 ResponseBodyAdvice
2026-02-20 17:34:56.997 DEBUG 8193 --- [           main] .m.m.a.ExceptionHandlerExceptionResolver : ControllerAdvice beans: 1 @ExceptionHandler, 1 ResponseBodyAdvice
2026-02-20 17:34:57.515  INFO 8193 --- [           main] o.s.b.w.embedded.tomcat.TomcatWebServer  : Tomcat started on port(s): 8080 (http) with context path ''
2026-02-20 17:34:57.532  INFO 8193 --- [           main] com.casavida.backend.BackendApplication  : Started BackendApplication in 12.247 seconds (JVM running for 12.984)
[INFO] ------------------------------------------------------------------------
[INFO] BUILD FAILURE
[INFO] ------------------------------------------------------------------------
[INFO] Total time:  01:59 min
[INFO] Finished at: 2026-02-20T17:36:30-06:00
[INFO] ------------------------------------------------------------------------
[ERROR] Failed to execute goal org.springframework.boot:spring-boot-maven-plugin:2.7.18:run (default-cli) on project backend: Application finished with exit code: 137 -> [Help 1]
[ERROR] 
[ERROR] To see the full stack trace of the errors, re-run Maven with the -e switch.
[ERROR] Re-run Maven using the -X switch to enable full debug logging.
[ERROR] 
[ERROR] For more information about the errors and possible solutions, please read the following articles:
[ERROR] [Help 1] http://cwiki.apache.org/confluence/display/MAVEN/MojoExecutionException
