[INFO] Scanning for projects...
[INFO] 
[INFO] ------------------------< com.casavida:backend >------------------------
[INFO] Building backend 0.0.1-SNAPSHOT
[INFO]   from pom.xml
[INFO] --------------------------------[ jar ]---------------------------------
[INFO] 
[INFO] >>> spring-boot:2.7.18:run (default-cli) > test-compile @ backend >>>
[INFO] 
[INFO] --- resources:3.2.0:resources (default-resources) @ backend ---
[INFO] Using 'UTF-8' encoding to copy filtered resources.
[INFO] Using 'UTF-8' encoding to copy filtered properties files.
[INFO] Copying 1 resource
[INFO] Copying 1 resource
[INFO] 
[INFO] --- compiler:3.13.0:compile (default-compile) @ backend ---
[INFO] Recompiling the module because of changed source code.
[INFO] Compiling 64 source files with javac [debug parameters target 11] to target/classes
[INFO] -------------------------------------------------------------
[ERROR] COMPILATION ERROR : 
[INFO] -------------------------------------------------------------
[ERROR] /Users/franivan/Documents/ProyectosWeb/CasaVida/backend/src/main/java/com/casavida/backend/controllers/ReporteController.java:[293,35] cannot find symbol
  symbol:   method findByCreatedAtBetween(java.time.LocalDateTime,java.time.LocalDateTime)
  location: variable userRepository of type com.casavida.backend.repository.UserRepository
[ERROR] /Users/franivan/Documents/ProyectosWeb/CasaVida/backend/src/main/java/com/casavida/backend/controllers/ReporteController.java:[307,42] cannot find symbol
  symbol:   method getCreatedAt()
  location: variable user of type com.casavida.backend.entity.User
[ERROR] /Users/franivan/Documents/ProyectosWeb/CasaVida/backend/src/main/java/com/casavida/backend/controllers/ReporteController.java:[325,54] cannot find symbol
  symbol:   method generateUsersReport(java.util.List<java.util.Map<java.lang.String,java.lang.Object>>)
  location: variable pdfService of type com.casavida.backend.services.PdfService
[ERROR] /Users/franivan/Documents/ProyectosWeb/CasaVida/backend/src/main/java/com/casavida/backend/controllers/ReporteController.java:[360,58] cannot find symbol
  symbol:   method findByLoteId(java.lang.Long)
  location: variable contratoRepository of type com.casavida.backend.repository.ContratoRepository
[ERROR] /Users/franivan/Documents/ProyectosWeb/CasaVida/backend/src/main/java/com/casavida/backend/controllers/ReporteController.java:[367,35] cannot find symbol
  symbol:   method findByFraccionamientoId(java.lang.Long)
  location: variable pagoRepository of type com.casavida.backend.repository.PagoRepository
[ERROR] /Users/franivan/Documents/ProyectosWeb/CasaVida/backend/src/main/java/com/casavida/backend/controllers/ReporteController.java:[372,62] cannot find symbol
  symbol:   method findByVendedor(com.casavida.backend.entity.User)
  location: variable contratoRepository of type com.casavida.backend.repository.ContratoRepository
[ERROR] /Users/franivan/Documents/ProyectosWeb/CasaVida/backend/src/main/java/com/casavida/backend/controllers/ReporteController.java:[407,54] cannot find symbol
  symbol:   method generatePagosReport(java.util.List<com.casavida.backend.entity.Pago>)
  location: variable pdfService of type com.casavida.backend.services.PdfService
[ERROR] /Users/franivan/Documents/ProyectosWeb/CasaVida/backend/src/main/java/com/casavida/backend/controllers/ReporteController.java:[443,54] cannot find symbol
  symbol:   method generateInventarioReport(java.util.List<com.casavida.backend.entity.Lote>)
  location: variable pdfService of type com.casavida.backend.services.PdfService
[INFO] 8 errors 
[INFO] -------------------------------------------------------------
[INFO] ------------------------------------------------------------------------
[INFO] BUILD FAILURE
[INFO] ------------------------------------------------------------------------
[INFO] Total time:  11.966 s
[INFO] Finished at: 2026-02-20T16:47:13-06:00
[INFO] ------------------------------------------------------------------------
[ERROR] Failed to execute goal org.apache.maven.plugins:maven-compiler-plugin:3.13.0:compile (default-compile) on project backend: Compilation failure: Compilation failure: 
[ERROR] /Users/franivan/Documents/ProyectosWeb/CasaVida/backend/src/main/java/com/casavida/backend/controllers/ReporteController.java:[293,35] cannot find symbol
[ERROR]   symbol:   method findByCreatedAtBetween(java.time.LocalDateTime,java.time.LocalDateTime)
[ERROR]   location: variable userRepository of type com.casavida.backend.repository.UserRepository
[ERROR] /Users/franivan/Documents/ProyectosWeb/CasaVida/backend/src/main/java/com/casavida/backend/controllers/ReporteController.java:[307,42] cannot find symbol
[ERROR]   symbol:   method getCreatedAt()
[ERROR]   location: variable user of type com.casavida.backend.entity.User
[ERROR] /Users/franivan/Documents/ProyectosWeb/CasaVida/backend/src/main/java/com/casavida/backend/controllers/ReporteController.java:[325,54] cannot find symbol
[ERROR]   symbol:   method generateUsersReport(java.util.List<java.util.Map<java.lang.String,java.lang.Object>>)
[ERROR]   location: variable pdfService of type com.casavida.backend.services.PdfService
[ERROR] /Users/franivan/Documents/ProyectosWeb/CasaVida/backend/src/main/java/com/casavida/backend/controllers/ReporteController.java:[360,58] cannot find symbol
[ERROR]   symbol:   method findByLoteId(java.lang.Long)
[ERROR]   location: variable contratoRepository of type com.casavida.backend.repository.ContratoRepository
[ERROR] /Users/franivan/Documents/ProyectosWeb/CasaVida/backend/src/main/java/com/casavida/backend/controllers/ReporteController.java:[367,35] cannot find symbol
[ERROR]   symbol:   method findByFraccionamientoId(java.lang.Long)
[ERROR]   location: variable pagoRepository of type com.casavida.backend.repository.PagoRepository
[ERROR] /Users/franivan/Documents/ProyectosWeb/CasaVida/backend/src/main/java/com/casavida/backend/controllers/ReporteController.java:[372,62] cannot find symbol
[ERROR]   symbol:   method findByVendedor(com.casavida.backend.entity.User)
[ERROR]   location: variable contratoRepository of type com.casavida.backend.repository.ContratoRepository
[ERROR] /Users/franivan/Documents/ProyectosWeb/CasaVida/backend/src/main/java/com/casavida/backend/controllers/ReporteController.java:[407,54] cannot find symbol
[ERROR]   symbol:   method generatePagosReport(java.util.List<com.casavida.backend.entity.Pago>)
[ERROR]   location: variable pdfService of type com.casavida.backend.services.PdfService
[ERROR] /Users/franivan/Documents/ProyectosWeb/CasaVida/backend/src/main/java/com/casavida/backend/controllers/ReporteController.java:[443,54] cannot find symbol
[ERROR]   symbol:   method generateInventarioReport(java.util.List<com.casavida.backend.entity.Lote>)
[ERROR]   location: variable pdfService of type com.casavida.backend.services.PdfService
[ERROR] -> [Help 1]
[ERROR] 
[ERROR] To see the full stack trace of the errors, re-run Maven with the -e switch.
[ERROR] Re-run Maven using the -X switch to enable full debug logging.
[ERROR] 
[ERROR] For more information about the errors and possible solutions, please read the following articles:
[ERROR] [Help 1] http://cwiki.apache.org/confluence/display/MAVEN/MojoFailureException
