[INFO] Scanning for projects...
[INFO] 
[INFO] ------------------------< com.casavida:backend >------------------------
[INFO] Building backend 0.0.1-SNAPSHOT
[INFO]   from pom.xml
[INFO] --------------------------------[ jar ]---------------------------------
[INFO] 
[INFO] >>> spring-boot:2.7.18:run (default-cli) > test-compile @ backend >>>
[INFO] 
[INFO] --- resources:3.2.0:resources (default-resources) @ backend ---
[INFO] Using 'UTF-8' encoding to copy filtered resources.
[INFO] Using 'UTF-8' encoding to copy filtered properties files.
[INFO] Copying 1 resource
[INFO] Copying 5 resources
[INFO] 
[INFO] --- compiler:3.13.0:compile (default-compile) @ backend ---
[INFO] Nothing to compile - all classes are up to date.
[INFO] 
[INFO] --- resources:3.2.0:testResources (default-testResources) @ backend ---
[INFO] Using 'UTF-8' encoding to copy filtered resources.
[INFO] Using 'UTF-8' encoding to copy filtered properties files.
[INFO] skip non existing resourceDirectory /Users/franivan/Documents/ProyectosWeb/CasaVida/backend/src/test/resources
[INFO] 
[INFO] --- compiler:3.13.0:testCompile (default-testCompile) @ backend ---
[INFO] Nothing to compile - all classes are up to date.
[INFO] 
[INFO] <<< spring-boot:2.7.18:run (default-cli) < test-compile @ backend <<<
[INFO] 
[INFO] 
[INFO] --- spring-boot:2.7.18:run (default-cli) @ backend ---
[INFO] Attaching agents: []

  .   ____          _            __ _ _
 /\\ / ___'_ __ _ _(_)_ __  __ _ \ \ \ \
( ( )\___ | '_ | '_| | '_ \/ _` | \ \ \ \
 \\/  ___)| |_)| | | | | || (_| |  ) ) ) )
  '  |____| .__|_| |_|_| |_\__, | / / / /
 =========|_|==============|___/=/_/_/_/
 :: Spring Boot ::               (v2.7.18)

2026-02-16 19:18:36.269  INFO 27934 --- [           main] com.casavida.backend.BackendApplication  : Starting BackendApplication using Java 11.0.17 on Frans-MacBook-Air.local with PID 27934 (/Users/franivan/Documents/ProyectosWeb/CasaVida/backend/target/classes started by franivan in /Users/franivan/Documents/ProyectosWeb/CasaVida/backend)
2026-02-16 19:18:36.273  INFO 27934 --- [           main] com.casavida.backend.BackendApplication  : No active profile set, falling back to 1 default profile: "default"
2026-02-16 19:18:38.893  INFO 27934 --- [           main] .s.d.r.c.RepositoryConfigurationDelegate : Bootstrapping Spring Data JPA repositories in DEFAULT mode.
2026-02-16 19:18:39.070  INFO 27934 --- [           main] .s.d.r.c.RepositoryConfigurationDelegate : Finished Spring Data repository scanning in 154 ms. Found 12 JPA repository interfaces.
2026-02-16 19:18:39.805  INFO 27934 --- [           main] trationDelegate$BeanPostProcessorChecker : Bean '(inner bean)#2924f1d8' of type [org.springframework.beans.factory.config.PropertiesFactoryBean] is not eligible for getting processed by all BeanPostProcessors (for example: not eligible for auto-proxying)
2026-02-16 19:18:39.806  INFO 27934 --- [           main] trationDelegate$BeanPostProcessorChecker : Bean '(inner bean)#2924f1d8' of type [java.util.Properties] is not eligible for getting processed by all BeanPostProcessors (for example: not eligible for auto-proxying)
2026-02-16 19:18:39.807  INFO 27934 --- [           main] trationDelegate$BeanPostProcessorChecker : Bean '(inner bean)#337bbfdf' of type [org.springframework.data.repository.core.support.PropertiesBasedNamedQueries] is not eligible for getting processed by all BeanPostProcessors (for example: not eligible for auto-proxying)
2026-02-16 19:18:39.812  INFO 27934 --- [           main] trationDelegate$BeanPostProcessorChecker : Bean '(inner bean)#1aad0b1' of type [org.springframework.data.repository.core.support.RepositoryFragmentsFactoryBean] is not eligible for getting processed by all BeanPostProcessors (for example: not eligible for auto-proxying)
2026-02-16 19:18:39.812  INFO 27934 --- [           main] trationDelegate$BeanPostProcessorChecker : Bean '(inner bean)#1aad0b1' of type [org.springframework.data.repository.core.support.RepositoryComposition$RepositoryFragments] is not eligible for getting processed by all BeanPostProcessors (for example: not eligible for auto-proxying)
2026-02-16 19:18:39.829  INFO 27934 --- [           main] trationDelegate$BeanPostProcessorChecker : Bean 'org.springframework.boot.autoconfigure.jdbc.DataSourceConfiguration$Hikari' of type [org.springframework.boot.autoconfigure.jdbc.DataSourceConfiguration$Hikari] is not eligible for getting processed by all BeanPostProcessors (for example: not eligible for auto-proxying)
2026-02-16 19:18:39.872  INFO 27934 --- [           main] trationDelegate$BeanPostProcessorChecker : Bean 'spring.datasource-org.springframework.boot.autoconfigure.jdbc.DataSourceProperties' of type [org.springframework.boot.autoconfigure.jdbc.DataSourceProperties] is not eligible for getting processed by all BeanPostProcessors (for example: not eligible for auto-proxying)
2026-02-16 19:18:39.913  INFO 27934 --- [           main] trationDelegate$BeanPostProcessorChecker : Bean 'dataSource' of type [com.zaxxer.hikari.HikariDataSource] is not eligible for getting processed by all BeanPostProcessors (for example: not eligible for auto-proxying)
2026-02-16 19:18:39.923  INFO 27934 --- [           main] trationDelegate$BeanPostProcessorChecker : Bean 'spring.jpa-org.springframework.boot.autoconfigure.orm.jpa.JpaProperties' of type [org.springframework.boot.autoconfigure.orm.jpa.JpaProperties] is not eligible for getting processed by all BeanPostProcessors (for example: not eligible for auto-proxying)
2026-02-16 19:18:39.927  INFO 27934 --- [           main] trationDelegate$BeanPostProcessorChecker : Bean 'spring.jpa.hibernate-org.springframework.boot.autoconfigure.orm.jpa.HibernateProperties' of type [org.springframework.boot.autoconfigure.orm.jpa.HibernateProperties] is not eligible for getting processed by all BeanPostProcessors (for example: not eligible for auto-proxying)
2026-02-16 19:18:39.930  INFO 27934 --- [           main] trationDelegate$BeanPostProcessorChecker : Bean 'org.springframework.boot.autoconfigure.jdbc.metadata.DataSourcePoolMetadataProvidersConfiguration$HikariPoolDataSourceMetadataProviderConfiguration' of type [org.springframework.boot.autoconfigure.jdbc.metadata.DataSourcePoolMetadataProvidersConfiguration$HikariPoolDataSourceMetadataProviderConfiguration] is not eligible for getting processed by all BeanPostProcessors (for example: not eligible for auto-proxying)
2026-02-16 19:18:39.931  INFO 27934 --- [           main] trationDelegate$BeanPostProcessorChecker : Bean 'hikariPoolDataSourceMetadataProvider' of type [org.springframework.boot.autoconfigure.jdbc.metadata.DataSourcePoolMetadataProvidersConfiguration$HikariPoolDataSourceMetadataProviderConfiguration$$Lambda$510/0x0000000800438040] is not eligible for getting processed by all BeanPostProcessors (for example: not eligible for auto-proxying)
2026-02-16 19:18:39.937  INFO 27934 --- [           main] trationDelegate$BeanPostProcessorChecker : Bean 'org.springframework.boot.autoconfigure.orm.jpa.HibernateJpaConfiguration' of type [org.springframework.boot.autoconfigure.orm.jpa.HibernateJpaConfiguration] is not eligible for getting processed by all BeanPostProcessors (for example: not eligible for auto-proxying)
2026-02-16 19:18:39.956  INFO 27934 --- [           main] trationDelegate$BeanPostProcessorChecker : Bean 'jpaVendorAdapter' of type [org.springframework.orm.jpa.vendor.HibernateJpaVendorAdapter] is not eligible for getting processed by all BeanPostProcessors (for example: not eligible for auto-proxying)
2026-02-16 19:18:39.962  INFO 27934 --- [           main] trationDelegate$BeanPostProcessorChecker : Bean 'entityManagerFactoryBuilder' of type [org.springframework.boot.orm.jpa.EntityManagerFactoryBuilder] is not eligible for getting processed by all BeanPostProcessors (for example: not eligible for auto-proxying)
2026-02-16 19:18:40.038  INFO 27934 --- [           main] o.hibernate.jpa.internal.util.LogHelper  : HHH000204: Processing PersistenceUnitInfo [name: default]
2026-02-16 19:18:40.186  INFO 27934 --- [           main] org.hibernate.Version                    : HHH000412: Hibernate ORM core version 5.6.15.Final
2026-02-16 19:18:40.654  INFO 27934 --- [           main] o.hibernate.annotations.common.Version   : HCANN000001: Hibernate Commons Annotations {5.1.2.Final}
2026-02-16 19:18:40.943  INFO 27934 --- [           main] com.zaxxer.hikari.HikariDataSource       : HikariPool-1 - Starting...
2026-02-16 19:18:41.342  INFO 27934 --- [           main] com.zaxxer.hikari.HikariDataSource       : HikariPool-1 - Start completed.
2026-02-16 19:18:41.384  INFO 27934 --- [           main] org.hibernate.dialect.Dialect            : HHH000400: Using dialect: org.hibernate.dialect.H2Dialect
2026-02-16 19:18:43.919 DEBUG 27934 --- [           main] org.hibernate.SQL                        : create table actions (id bigint generated by default as identity, created_at timestamp not null, description TEXT, display_name varchar(50) not null, name varchar(50) not null, primary key (id))
Hibernate: create table actions (id bigint generated by default as identity, created_at timestamp not null, description TEXT, display_name varchar(50) not null, name varchar(50) not null, primary key (id))
2026-02-16 19:18:43.939 DEBUG 27934 --- [           main] org.hibernate.SQL                        : create table clientes (id bigint generated by default as identity, apellidos varchar(255) not null, direccion varchar(255), email varchar(255) not null, fecha_registro timestamp, ine varchar(255), nombre varchar(255) not null, telefono varchar(255) not null, primary key (id))
Hibernate: create table clientes (id bigint generated by default as identity, apellidos varchar(255) not null, direccion varchar(255), email varchar(255) not null, fecha_registro timestamp, ine varchar(255), nombre varchar(255) not null, telefono varchar(255) not null, primary key (id))
2026-02-16 19:18:43.941 DEBUG 27934 --- [           main] org.hibernate.SQL                        : create table components (id bigint generated by default as identity, active boolean not null, created_at timestamp not null, description TEXT, display_name varchar(100) not null, display_order integer, name varchar(100) not null, route varchar(255), updated_at timestamp, module_id bigint not null, primary key (id))
Hibernate: create table components (id bigint generated by default as identity, active boolean not null, created_at timestamp not null, description TEXT, display_name varchar(100) not null, display_order integer, name varchar(100) not null, route varchar(255), updated_at timestamp, module_id bigint not null, primary key (id))
2026-02-16 19:18:43.943 DEBUG 27934 --- [           main] org.hibernate.SQL                        : create table contratos (id bigint generated by default as identity, enganche numeric(19,2), estatus varchar(255), fecha_contrato date, mensualidad numeric(19,2), monto_total numeric(19,2), plazo_meses integer, tasa_interes_anual double, cliente_id bigint not null, lote_id bigint not null, vendedor_id bigint, primary key (id))
Hibernate: create table contratos (id bigint generated by default as identity, enganche numeric(19,2), estatus varchar(255), fecha_contrato date, mensualidad numeric(19,2), monto_total numeric(19,2), plazo_meses integer, tasa_interes_anual double, cliente_id bigint not null, lote_id bigint not null, vendedor_id bigint, primary key (id))
2026-02-16 19:18:43.946 DEBUG 27934 --- [           main] org.hibernate.SQL                        : create table fraccionamiento_imagenes (fraccionamiento_id bigint not null, imagen_url varchar(255))
Hibernate: create table fraccionamiento_imagenes (fraccionamiento_id bigint not null, imagen_url varchar(255))
2026-02-16 19:18:43.948 DEBUG 27934 --- [           main] org.hibernate.SQL                        : create table fraccionamientos (id bigint generated by default as identity, coordenadas_geo TEXT, descripcion varchar(255), imagen_plano_url varchar(255), logo_url varchar(255), nombre varchar(255) not null, plano_svg TEXT, poligono_delimitador TEXT, ubicacion varchar(255), primary key (id))
Hibernate: create table fraccionamientos (id bigint generated by default as identity, coordenadas_geo TEXT, descripcion varchar(255), imagen_plano_url varchar(255), logo_url varchar(255), nombre varchar(255) not null, plano_svg TEXT, poligono_delimitador TEXT, ubicacion varchar(255), primary key (id))
2026-02-16 19:18:43.950 DEBUG 27934 --- [           main] org.hibernate.SQL                        : create table leads (id bigint generated by default as identity, email varchar(255), fecha_registro timestamp, interes varchar(255), mensaje TEXT, nombre varchar(255) not null, source varchar(255), status varchar(255), telefono varchar(255), primary key (id))
Hibernate: create table leads (id bigint generated by default as identity, email varchar(255), fecha_registro timestamp, interes varchar(255), mensaje TEXT, nombre varchar(255) not null, source varchar(255), status varchar(255), telefono varchar(255), primary key (id))
2026-02-16 19:18:43.952 DEBUG 27934 --- [           main] org.hibernate.SQL                        : create table lote_imagenes (lote_id bigint not null, imagen_url varchar(255))
Hibernate: create table lote_imagenes (lote_id bigint not null, imagen_url varchar(255))
2026-02-16 19:18:43.953 DEBUG 27934 --- [           main] org.hibernate.SQL                        : create table lotes (id bigint generated by default as identity, area_metros_cuadrados double not null, coordenadas_geo TEXT, descripcion varchar(255), estatus varchar(20), imagen_url varchar(255), manzana varchar(255) not null, notas TEXT, numero_lote varchar(255) not null, plano_coordinates TEXT, precio_total numeric(19,2) not null, fraccionamiento_id bigint, primary key (id))
Hibernate: create table lotes (id bigint generated by default as identity, area_metros_cuadrados double not null, coordenadas_geo TEXT, descripcion varchar(255), estatus varchar(20), imagen_url varchar(255), manzana varchar(255) not null, notas TEXT, numero_lote varchar(255) not null, plano_coordinates TEXT, precio_total numeric(19,2) not null, fraccionamiento_id bigint, primary key (id))
2026-02-16 19:18:43.955 DEBUG 27934 --- [           main] org.hibernate.SQL                        : create table modules (id bigint generated by default as identity, active boolean not null, created_at timestamp not null, description TEXT, display_name varchar(100) not null, display_order integer, icon varchar(50), name varchar(100) not null, updated_at timestamp, primary key (id))
Hibernate: create table modules (id bigint generated by default as identity, active boolean not null, created_at timestamp not null, description TEXT, display_name varchar(100) not null, display_order integer, icon varchar(50), name varchar(100) not null, updated_at timestamp, primary key (id))
2026-02-16 19:18:43.957 DEBUG 27934 --- [           main] org.hibernate.SQL                        : create table opportunities (id bigint generated by default as identity, fecha_cierre_estimada date, monto_estimado numeric(19,2), notas TEXT, status varchar(255), lead_id bigint, lote_id bigint, primary key (id))
Hibernate: create table opportunities (id bigint generated by default as identity, fecha_cierre_estimada date, monto_estimado numeric(19,2), notas TEXT, status varchar(255), lead_id bigint, lote_id bigint, primary key (id))
2026-02-16 19:18:43.960 DEBUG 27934 --- [           main] org.hibernate.SQL                        : create table pagos (id bigint generated by default as identity, comprobante blob, comprobante_content_type varchar(255), concepto varchar(255), estatus varchar(20), fecha_pago date, fecha_validacion timestamp, metodo_pago varchar(255), monto numeric(19,2), referencia varchar(255), validado boolean not null, validado_por varchar(255), contrato_id bigint not null, primary key (id))
Hibernate: create table pagos (id bigint generated by default as identity, comprobante blob, comprobante_content_type varchar(255), concepto varchar(255), estatus varchar(20), fecha_pago date, fecha_validacion timestamp, metodo_pago varchar(255), monto numeric(19,2), referencia varchar(255), validado boolean not null, validado_por varchar(255), contrato_id bigint not null, primary key (id))
2026-02-16 19:18:43.963 DEBUG 27934 --- [           main] org.hibernate.SQL                        : create table permissions (id bigint generated by default as identity, active boolean not null, created_at timestamp not null, description TEXT, permission_key varchar(255) not null, updated_at timestamp, action_id bigint not null, component_id bigint, module_id bigint not null, primary key (id))
Hibernate: create table permissions (id bigint generated by default as identity, active boolean not null, created_at timestamp not null, description TEXT, permission_key varchar(255) not null, updated_at timestamp, action_id bigint not null, component_id bigint, module_id bigint not null, primary key (id))
2026-02-16 19:18:43.967 DEBUG 27934 --- [           main] org.hibernate.SQL                        : create table role_permissions (permission_id bigint not null, role_id bigint not null, granted_at timestamp not null, granted_by varchar(100), primary key (permission_id, role_id))
Hibernate: create table role_permissions (permission_id bigint not null, role_id bigint not null, granted_at timestamp not null, granted_by varchar(100), primary key (permission_id, role_id))
2026-02-16 19:18:43.973 DEBUG 27934 --- [           main] org.hibernate.SQL                        : create table roles (id integer generated by default as identity, name varchar(20), primary key (id))
Hibernate: create table roles (id integer generated by default as identity, name varchar(20), primary key (id))
2026-02-16 19:18:43.975 DEBUG 27934 --- [           main] org.hibernate.SQL                        : create table user_roles (user_id bigint not null, role_id integer not null, primary key (user_id, role_id))
Hibernate: create table user_roles (user_id bigint not null, role_id integer not null, primary key (user_id, role_id))
2026-02-16 19:18:43.978 DEBUG 27934 --- [           main] org.hibernate.SQL                        : create table users (id bigint generated by default as identity, created_at timestamp, email varchar(255) not null, password varchar(255) not null, username varchar(255) not null, primary key (id))
Hibernate: create table users (id bigint generated by default as identity, created_at timestamp, email varchar(255) not null, password varchar(255) not null, username varchar(255) not null, primary key (id))
2026-02-16 19:18:43.980 DEBUG 27934 --- [           main] org.hibernate.SQL                        : alter table actions drop constraint if exists UK_oe93gku1sb0in93ahwynjt5in
Hibernate: alter table actions drop constraint if exists UK_oe93gku1sb0in93ahwynjt5in
2026-02-16 19:18:43.981 DEBUG 27934 --- [           main] org.hibernate.SQL                        : alter table actions add constraint UK_oe93gku1sb0in93ahwynjt5in unique (name)
Hibernate: alter table actions add constraint UK_oe93gku1sb0in93ahwynjt5in unique (name)
2026-02-16 19:18:43.983 DEBUG 27934 --- [           main] org.hibernate.SQL                        : alter table clientes drop constraint if exists UK_1c96wv36rk2hwui7qhjks3mvg
Hibernate: alter table clientes drop constraint if exists UK_1c96wv36rk2hwui7qhjks3mvg
2026-02-16 19:18:43.983 DEBUG 27934 --- [           main] org.hibernate.SQL                        : alter table clientes add constraint UK_1c96wv36rk2hwui7qhjks3mvg unique (email)
Hibernate: alter table clientes add constraint UK_1c96wv36rk2hwui7qhjks3mvg unique (email)
2026-02-16 19:18:43.984 DEBUG 27934 --- [           main] org.hibernate.SQL                        : alter table modules drop constraint if exists UK_n5ng23nwasusfsyqk68hx5a05
Hibernate: alter table modules drop constraint if exists UK_n5ng23nwasusfsyqk68hx5a05
2026-02-16 19:18:43.985 DEBUG 27934 --- [           main] org.hibernate.SQL                        : alter table modules add constraint UK_n5ng23nwasusfsyqk68hx5a05 unique (name)
Hibernate: alter table modules add constraint UK_n5ng23nwasusfsyqk68hx5a05 unique (name)
2026-02-16 19:18:43.986 DEBUG 27934 --- [           main] org.hibernate.SQL                        : alter table permissions drop constraint if exists UK_h1ss8mmscopr690vkcj25uj9a
Hibernate: alter table permissions drop constraint if exists UK_h1ss8mmscopr690vkcj25uj9a
2026-02-16 19:18:43.987 DEBUG 27934 --- [           main] org.hibernate.SQL                        : alter table permissions add constraint UK_h1ss8mmscopr690vkcj25uj9a unique (permission_key)
Hibernate: alter table permissions add constraint UK_h1ss8mmscopr690vkcj25uj9a unique (permission_key)
2026-02-16 19:18:43.988 DEBUG 27934 --- [           main] org.hibernate.SQL                        : alter table users drop constraint if exists UK_6dotkott2kjsp8vw4d0m25fb7
Hibernate: alter table users drop constraint if exists UK_6dotkott2kjsp8vw4d0m25fb7
2026-02-16 19:18:43.989 DEBUG 27934 --- [           main] org.hibernate.SQL                        : alter table users add constraint UK_6dotkott2kjsp8vw4d0m25fb7 unique (email)
Hibernate: alter table users add constraint UK_6dotkott2kjsp8vw4d0m25fb7 unique (email)
2026-02-16 19:18:43.990 DEBUG 27934 --- [           main] org.hibernate.SQL                        : alter table users drop constraint if exists UK_r43af9ap4edm43mmtq01oddj6
Hibernate: alter table users drop constraint if exists UK_r43af9ap4edm43mmtq01oddj6
2026-02-16 19:18:43.992 DEBUG 27934 --- [           main] org.hibernate.SQL                        : alter table users add constraint UK_r43af9ap4edm43mmtq01oddj6 unique (username)
Hibernate: alter table users add constraint UK_r43af9ap4edm43mmtq01oddj6 unique (username)
2026-02-16 19:18:43.994 DEBUG 27934 --- [           main] org.hibernate.SQL                        : alter table components add constraint FKfdu4k43qdtk5qdu5tkmoiarqf foreign key (module_id) references modules
Hibernate: alter table components add constraint FKfdu4k43qdtk5qdu5tkmoiarqf foreign key (module_id) references modules
2026-02-16 19:18:44.014 DEBUG 27934 --- [           main] org.hibernate.SQL                        : alter table contratos add constraint FK1pllgg7q558aedufre3y4pewp foreign key (cliente_id) references clientes
Hibernate: alter table contratos add constraint FK1pllgg7q558aedufre3y4pewp foreign key (cliente_id) references clientes
2026-02-16 19:18:44.016 DEBUG 27934 --- [           main] org.hibernate.SQL                        : alter table contratos add constraint FKsm4a6vibva184u8f9td65vmna foreign key (lote_id) references lotes
Hibernate: alter table contratos add constraint FKsm4a6vibva184u8f9td65vmna foreign key (lote_id) references lotes
2026-02-16 19:18:44.018 DEBUG 27934 --- [           main] org.hibernate.SQL                        : alter table contratos add constraint FK7emve2vf3wgjecp31a7oax1yp foreign key (vendedor_id) references users
Hibernate: alter table contratos add constraint FK7emve2vf3wgjecp31a7oax1yp foreign key (vendedor_id) references users
2026-02-16 19:18:44.020 DEBUG 27934 --- [           main] org.hibernate.SQL                        : alter table fraccionamiento_imagenes add constraint FK5qh6pwxfj7g2gnx83opgjxps3 foreign key (fraccionamiento_id) references fraccionamientos
Hibernate: alter table fraccionamiento_imagenes add constraint FK5qh6pwxfj7g2gnx83opgjxps3 foreign key (fraccionamiento_id) references fraccionamientos
2026-02-16 19:18:44.022 DEBUG 27934 --- [           main] org.hibernate.SQL                        : alter table lote_imagenes add constraint FKn84vq5ciyk753qptvrwnp939d foreign key (lote_id) references lotes
Hibernate: alter table lote_imagenes add constraint FKn84vq5ciyk753qptvrwnp939d foreign key (lote_id) references lotes
2026-02-16 19:18:44.024 DEBUG 27934 --- [           main] org.hibernate.SQL                        : alter table lotes add constraint FK91j3e4ckqbk885kyoq7f3wuco foreign key (fraccionamiento_id) references fraccionamientos
Hibernate: alter table lotes add constraint FK91j3e4ckqbk885kyoq7f3wuco foreign key (fraccionamiento_id) references fraccionamientos
2026-02-16 19:18:44.026 DEBUG 27934 --- [           main] org.hibernate.SQL                        : alter table opportunities add constraint FK6541yivnfwu29r63jefd6lsdq foreign key (lead_id) references leads
Hibernate: alter table opportunities add constraint FK6541yivnfwu29r63jefd6lsdq foreign key (lead_id) references leads
2026-02-16 19:18:44.028 DEBUG 27934 --- [           main] org.hibernate.SQL                        : alter table opportunities add constraint FKrkyrr7yqv9smyj1prphtex48m foreign key (lote_id) references lotes
Hibernate: alter table opportunities add constraint FKrkyrr7yqv9smyj1prphtex48m foreign key (lote_id) references lotes
2026-02-16 19:18:44.030 DEBUG 27934 --- [           main] org.hibernate.SQL                        : alter table pagos add constraint FKfsgbuky3qe4emfg7adfd4md2l foreign key (contrato_id) references contratos
Hibernate: alter table pagos add constraint FKfsgbuky3qe4emfg7adfd4md2l foreign key (contrato_id) references contratos
2026-02-16 19:18:44.032 DEBUG 27934 --- [           main] org.hibernate.SQL                        : alter table permissions add constraint FKql5yu3r5kbeww3liqu42u6r84 foreign key (action_id) references actions
Hibernate: alter table permissions add constraint FKql5yu3r5kbeww3liqu42u6r84 foreign key (action_id) references actions
2026-02-16 19:18:44.035 DEBUG 27934 --- [           main] org.hibernate.SQL                        : alter table permissions add constraint FK96aqqbttbigk4ht2odwpj83sx foreign key (component_id) references components
Hibernate: alter table permissions add constraint FK96aqqbttbigk4ht2odwpj83sx foreign key (component_id) references components
2026-02-16 19:18:44.037 DEBUG 27934 --- [           main] org.hibernate.SQL                        : alter table permissions add constraint FK22lamcef3kykumk5rwjiv4x5u foreign key (module_id) references modules
Hibernate: alter table permissions add constraint FK22lamcef3kykumk5rwjiv4x5u foreign key (module_id) references modules
2026-02-16 19:18:44.039 DEBUG 27934 --- [           main] org.hibernate.SQL                        : alter table role_permissions add constraint FKegdk29eiy7mdtefy5c7eirr6e foreign key (permission_id) references permissions
Hibernate: alter table role_permissions add constraint FKegdk29eiy7mdtefy5c7eirr6e foreign key (permission_id) references permissions
2026-02-16 19:18:44.041 DEBUG 27934 --- [           main] org.hibernate.SQL                        : alter table role_permissions add constraint FKn5fotdgk8d1xvo8nav9uv3muc foreign key (role_id) references roles
Hibernate: alter table role_permissions add constraint FKn5fotdgk8d1xvo8nav9uv3muc foreign key (role_id) references roles
2026-02-16 19:18:44.043 DEBUG 27934 --- [           main] org.hibernate.SQL                        : alter table user_roles add constraint FKh8ciramu9cc9q3qcqiv4ue8a6 foreign key (role_id) references roles
Hibernate: alter table user_roles add constraint FKh8ciramu9cc9q3qcqiv4ue8a6 foreign key (role_id) references roles
2026-02-16 19:18:44.045 DEBUG 27934 --- [           main] org.hibernate.SQL                        : alter table user_roles add constraint FKhfh9dx7w3ubf1co1vdev94g3f foreign key (user_id) references users
Hibernate: alter table user_roles add constraint FKhfh9dx7w3ubf1co1vdev94g3f foreign key (user_id) references users
2026-02-16 19:18:44.047  INFO 27934 --- [           main] o.h.e.t.j.p.i.JtaPlatformInitiator       : HHH000490: Using JtaPlatform implementation: [org.hibernate.engine.transaction.jta.platform.internal.NoJtaPlatform]
2026-02-16 19:18:44.076  INFO 27934 --- [           main] j.LocalContainerEntityManagerFactoryBean : Initialized JPA EntityManagerFactory for persistence unit 'default'
2026-02-16 19:18:44.081  INFO 27934 --- [           main] trationDelegate$BeanPostProcessorChecker : Bean 'entityManagerFactory' of type [org.springframework.orm.jpa.LocalContainerEntityManagerFactoryBean] is not eligible for getting processed by all BeanPostProcessors (for example: not eligible for auto-proxying)
2026-02-16 19:18:44.082  INFO 27934 --- [           main] trationDelegate$BeanPostProcessorChecker : Bean 'entityManagerFactory' of type [com.sun.proxy.$Proxy131] is not eligible for getting processed by all BeanPostProcessors (for example: not eligible for auto-proxying)
2026-02-16 19:18:44.135  INFO 27934 --- [           main] trationDelegate$BeanPostProcessorChecker : Bean '(inner bean)#10f7c76' of type [com.sun.proxy.$Proxy132] is not eligible for getting processed by all BeanPostProcessors (for example: not eligible for auto-proxying)
2026-02-16 19:18:44.181  INFO 27934 --- [           main] trationDelegate$BeanPostProcessorChecker : Bean 'jpaMappingContext' of type [org.springframework.data.jpa.repository.config.JpaMetamodelMappingContextFactoryBean] is not eligible for getting processed by all BeanPostProcessors (for example: not eligible for auto-proxying)
2026-02-16 19:18:44.182  INFO 27934 --- [           main] trationDelegate$BeanPostProcessorChecker : Bean 'jpaMappingContext' of type [org.springframework.data.jpa.mapping.JpaMetamodelMappingContext] is not eligible for getting processed by all BeanPostProcessors (for example: not eligible for auto-proxying)
2026-02-16 19:18:44.941  INFO 27934 --- [           main] trationDelegate$BeanPostProcessorChecker : Bean 'userRepository' of type [org.springframework.data.jpa.repository.support.JpaRepositoryFactoryBean] is not eligible for getting processed by all BeanPostProcessors (for example: not eligible for auto-proxying)
2026-02-16 19:18:44.942  INFO 27934 --- [           main] trationDelegate$BeanPostProcessorChecker : Bean 'userRepository' of type [com.sun.proxy.$Proxy137] is not eligible for getting processed by all BeanPostProcessors (for example: not eligible for auto-proxying)
2026-02-16 19:18:44.947  INFO 27934 --- [           main] trationDelegate$BeanPostProcessorChecker : Bean '(inner bean)#5cfe28e1' of type [org.springframework.beans.factory.config.PropertiesFactoryBean] is not eligible for getting processed by all BeanPostProcessors (for example: not eligible for auto-proxying)
2026-02-16 19:18:44.947  INFO 27934 --- [           main] trationDelegate$BeanPostProcessorChecker : Bean '(inner bean)#5cfe28e1' of type [java.util.Properties] is not eligible for getting processed by all BeanPostProcessors (for example: not eligible for auto-proxying)
2026-02-16 19:18:44.948  INFO 27934 --- [           main] trationDelegate$BeanPostProcessorChecker : Bean '(inner bean)#75adb1c0' of type [org.springframework.data.repository.core.support.PropertiesBasedNamedQueries] is not eligible for getting processed by all BeanPostProcessors (for example: not eligible for auto-proxying)
2026-02-16 19:18:44.949  INFO 27934 --- [           main] trationDelegate$BeanPostProcessorChecker : Bean '(inner bean)#757c685d' of type [org.springframework.data.repository.core.support.RepositoryFragmentsFactoryBean] is not eligible for getting processed by all BeanPostProcessors (for example: not eligible for auto-proxying)
2026-02-16 19:18:44.950  INFO 27934 --- [           main] trationDelegate$BeanPostProcessorChecker : Bean '(inner bean)#757c685d' of type [org.springframework.data.repository.core.support.RepositoryComposition$RepositoryFragments] is not eligible for getting processed by all BeanPostProcessors (for example: not eligible for auto-proxying)
2026-02-16 19:18:44.951  INFO 27934 --- [           main] trationDelegate$BeanPostProcessorChecker : Bean '(inner bean)#34626d4' of type [com.sun.proxy.$Proxy132] is not eligible for getting processed by all BeanPostProcessors (for example: not eligible for auto-proxying)
2026-02-16 19:18:45.030  INFO 27934 --- [           main] trationDelegate$BeanPostProcessorChecker : Bean 'permissionRepository' of type [org.springframework.data.jpa.repository.support.JpaRepositoryFactoryBean] is not eligible for getting processed by all BeanPostProcessors (for example: not eligible for auto-proxying)
2026-02-16 19:18:45.030  INFO 27934 --- [           main] trationDelegate$BeanPostProcessorChecker : Bean 'permissionRepository' of type [com.sun.proxy.$Proxy139] is not eligible for getting processed by all BeanPostProcessors (for example: not eligible for auto-proxying)
2026-02-16 19:18:45.031  INFO 27934 --- [           main] trationDelegate$BeanPostProcessorChecker : Bean 'permissionServiceImpl' of type [com.casavida.backend.services.impl.PermissionServiceImpl] is not eligible for getting processed by all BeanPostProcessors (for example: not eligible for auto-proxying)
2026-02-16 19:18:45.081  INFO 27934 --- [           main] trationDelegate$BeanPostProcessorChecker : Bean 'customPermissionEvaluator' of type [com.casavida.backend.security.CustomPermissionEvaluator] is not eligible for getting processed by all BeanPostProcessors (for example: not eligible for auto-proxying)
2026-02-16 19:18:45.082  INFO 27934 --- [           main] trationDelegate$BeanPostProcessorChecker : Bean 'methodSecurityConfig' of type [com.casavida.backend.security.MethodSecurityConfig$$EnhancerBySpringCGLIB$$5c779fb7] is not eligible for getting processed by all BeanPostProcessors (for example: not eligible for auto-proxying)
2026-02-16 19:18:45.661  INFO 27934 --- [           main] o.s.b.w.embedded.tomcat.TomcatWebServer  : Tomcat initialized with port(s): 8084 (http)
2026-02-16 19:18:45.685  INFO 27934 --- [           main] o.apache.catalina.core.StandardService   : Starting service [Tomcat]
2026-02-16 19:18:45.685  INFO 27934 --- [           main] org.apache.catalina.core.StandardEngine  : Starting Servlet engine: [Apache Tomcat/9.0.83]
2026-02-16 19:18:45.881  INFO 27934 --- [           main] o.a.c.c.C.[Tomcat].[localhost].[/]       : Initializing Spring embedded WebApplicationContext
2026-02-16 19:18:45.881  INFO 27934 --- [           main] w.s.c.ServletWebServerApplicationContext : Root WebApplicationContext: initialization completed in 9331 ms
2026-02-16 19:18:45.950  INFO 27934 --- [           main] o.s.b.a.h2.H2ConsoleAutoConfiguration    : H2 console available at '/h2-console'. Database available at 'jdbc:h2:file:./data/casavida'
2026-02-16 19:18:46.093 DEBUG 27934 --- [           main] o.springframework.web.filter.CorsFilter  : Filter 'corsFilter' configured for use
--- FraccionamientoController INSTANTIATED ---
--- LoteController INSTANTIATED ---
2026-02-16 19:18:48.083  WARN 27934 --- [           main] JpaBaseConfiguration$JpaWebConfiguration : spring.jpa.open-in-view is enabled by default. Therefore, database queries may be performed during view rendering. Explicitly configure spring.jpa.open-in-view to disable this warning
2026-02-16 19:18:48.353 DEBUG 27934 --- [           main] s.w.s.m.m.a.RequestMappingHandlerMapping : 83 mappings in 'requestMappingHandlerMapping'
2026-02-16 19:18:49.413 DEBUG 27934 --- [           main] o.s.w.s.handler.SimpleUrlHandlerMapping  : Patterns [/webjars/**, /**, /swagger-ui*/*swagger-initializer.js, /swagger-ui*/**] in 'resourceHandlerMapping'
2026-02-16 19:18:49.447  INFO 27934 --- [           main] o.s.s.web.DefaultSecurityFilterChain     : Will secure any request with [org.springframework.security.web.session.DisableEncodeUrlFilter@33cec966, org.springframework.security.web.context.request.async.WebAsyncManagerIntegrationFilter@643fed50, org.springframework.security.web.context.SecurityContextPersistenceFilter@1399ad68, org.springframework.security.web.header.HeaderWriterFilter@62878d7c, org.springframework.web.filter.CorsFilter@65b07b9, org.springframework.security.web.authentication.logout.LogoutFilter@3b28ab9b, com.casavida.backend.security.jwt.AuthTokenFilter@3aa8c337, org.springframework.security.web.savedrequest.RequestCacheAwareFilter@47d4468a, org.springframework.security.web.servletapi.SecurityContextHolderAwareRequestFilter@60658389, org.springframework.security.web.authentication.AnonymousAuthenticationFilter@7dbe858f, org.springframework.security.web.session.SessionManagementFilter@5570ee6d, org.springframework.security.web.access.ExceptionTranslationFilter@6464f017, org.springframework.security.web.access.intercept.FilterSecurityInterceptor@2d398cfb]
2026-02-16 19:18:49.582 DEBUG 27934 --- [           main] s.w.s.m.m.a.RequestMappingHandlerAdapter : ControllerAdvice beans: 0 @ModelAttribute, 0 @InitBinder, 1 RequestBodyAdvice, 1 ResponseBodyAdvice
2026-02-16 19:18:49.661 DEBUG 27934 --- [           main] .m.m.a.ExceptionHandlerExceptionResolver : ControllerAdvice beans: 3 @ExceptionHandler, 1 ResponseBodyAdvice
2026-02-16 19:18:50.178  INFO 27934 --- [           main] o.s.b.w.embedded.tomcat.TomcatWebServer  : Tomcat started on port(s): 8084 (http) with context path ''
2026-02-16 19:18:50.196  INFO 27934 --- [           main] com.casavida.backend.BackendApplication  : Started BackendApplication in 14.928 seconds (JVM running for 15.787)
--- PermissionFixer: Checking permissions... ---
2026-02-16 19:18:50.291 DEBUG 27934 --- [           main] org.hibernate.SQL                        : select permission0_.id as id1_12_, permission0_.action_id as action_i7_12_, permission0_.active as active2_12_, permission0_.component_id as componen8_12_, permission0_.created_at as created_3_12_, permission0_.description as descript4_12_, permission0_.module_id as module_i9_12_, permission0_.permission_key as permissi5_12_, permission0_.updated_at as updated_6_12_ from permissions permission0_ where permission0_.permission_key=?
Hibernate: select permission0_.id as id1_12_, permission0_.action_id as action_i7_12_, permission0_.active as active2_12_, permission0_.component_id as componen8_12_, permission0_.created_at as created_3_12_, permission0_.description as descript4_12_, permission0_.module_id as module_i9_12_, permission0_.permission_key as permissi5_12_, permission0_.updated_at as updated_6_12_ from permissions permission0_ where permission0_.permission_key=?
2026-02-16 19:18:50.296 TRACE 27934 --- [           main] o.h.type.descriptor.sql.BasicBinder      : binding parameter [1] as [VARCHAR] - [CONTRATOS.VIEW]
Found Permission: CONTRATOS.VIEW
2026-02-16 19:18:50.394 DEBUG 27934 --- [           main] org.hibernate.SQL                        : select role0_.id as id1_14_0_, role0_.name as name2_14_0_ from roles role0_ where role0_.id=?
Hibernate: select role0_.id as id1_14_0_, role0_.name as name2_14_0_ from roles role0_ where role0_.id=?
2026-02-16 19:18:50.396 TRACE 27934 --- [           main] o.h.type.descriptor.sql.BasicBinder      : binding parameter [1] as [INTEGER] - [2]
Found Role: ROLE_ADMIN
PermissionFixer failed: Parameter value [2] did not match expected type [java.lang.Integer (n/a)]; nested exception is java.lang.IllegalArgumentException: Parameter value [2] did not match expected type [java.lang.Integer (n/a)]
org.springframework.dao.InvalidDataAccessApiUsageException: Parameter value [2] did not match expected type [java.lang.Integer (n/a)]; nested exception is java.lang.IllegalArgumentException: Parameter value [2] did not match expected type [java.lang.Integer (n/a)]
	at org.springframework.orm.jpa.EntityManagerFactoryUtils.convertJpaAccessExceptionIfPossible(EntityManagerFactoryUtils.java:374)
	at org.springframework.orm.jpa.vendor.HibernateJpaDialect.translateExceptionIfPossible(HibernateJpaDialect.java:235)
	at org.springframework.orm.jpa.AbstractEntityManagerFactoryBean.translateExceptionIfPossible(AbstractEntityManagerFactoryBean.java:551)
	at org.springframework.dao.support.ChainedPersistenceExceptionTranslator.translateExceptionIfPossible(ChainedPersistenceExceptionTranslator.java:61)
	at org.springframework.dao.support.DataAccessUtils.translateIfNecessary(DataAccessUtils.java:243)
	at org.springframework.dao.support.PersistenceExceptionTranslationInterceptor.invoke(PersistenceExceptionTranslationInterceptor.java:152)
	at org.springframework.aop.framework.ReflectiveMethodInvocation.proceed(ReflectiveMethodInvocation.java:186)
	at org.springframework.data.jpa.repository.support.CrudMethodMetadataPostProcessor$CrudMethodMetadataPopulatingMethodInterceptor.invoke(CrudMethodMetadataPostProcessor.java:145)
	at org.springframework.aop.framework.ReflectiveMethodInvocation.proceed(ReflectiveMethodInvocation.java:186)
	at org.springframework.aop.interceptor.ExposeInvocationInterceptor.invoke(ExposeInvocationInterceptor.java:97)
	at org.springframework.aop.framework.ReflectiveMethodInvocation.proceed(ReflectiveMethodInvocation.java:186)
	at org.springframework.aop.framework.JdkDynamicAopProxy.invoke(JdkDynamicAopProxy.java:241)
	at com.sun.proxy.$Proxy148.findByRoleId(Unknown Source)
	at com.casavida.backend.config.PermissionFixer.run(PermissionFixer.java:50)
	at com.casavida.backend.config.PermissionFixer$$FastClassBySpringCGLIB$$1f9769e6.invoke(<generated>)
	at org.springframework.cglib.proxy.MethodProxy.invoke(MethodProxy.java:218)
	at org.springframework.aop.framework.CglibAopProxy$CglibMethodInvocation.invokeJoinpoint(CglibAopProxy.java:792)
	at org.springframework.aop.framework.ReflectiveMethodInvocation.proceed(ReflectiveMethodInvocation.java:163)
	at org.springframework.aop.framework.CglibAopProxy$CglibMethodInvocation.proceed(CglibAopProxy.java:762)
	at org.springframework.transaction.interceptor.TransactionInterceptor$1.proceedWithInvocation(TransactionInterceptor.java:123)
	at org.springframework.transaction.interceptor.TransactionAspectSupport.invokeWithinTransaction(TransactionAspectSupport.java:388)
	at org.springframework.transaction.interceptor.TransactionInterceptor.invoke(TransactionInterceptor.java:119)
	at org.springframework.aop.framework.ReflectiveMethodInvocation.proceed(ReflectiveMethodInvocation.java:186)
	at org.springframework.aop.framework.CglibAopProxy$CglibMethodInvocation.proceed(CglibAopProxy.java:762)
	at org.springframework.aop.framework.CglibAopProxy$DynamicAdvisedInterceptor.intercept(CglibAopProxy.java:707)
	at com.casavida.backend.config.PermissionFixer$$EnhancerBySpringCGLIB$$5b10a668.run(<generated>)
	at org.springframework.boot.SpringApplication.callRunner(SpringApplication.java:765)
	at org.springframework.boot.SpringApplication.lambda$callRunners$2(SpringApplication.java:749)
	at java.base/java.util.stream.ForEachOps$ForEachOp$OfRef.accept(ForEachOps.java:183)
	at java.base/java.util.stream.SortedOps$SizedRefSortingSink.end(SortedOps.java:357)
	at java.base/java.util.stream.AbstractPipeline.copyInto(AbstractPipeline.java:485)
	at java.base/java.util.stream.AbstractPipeline.wrapAndCopyInto(AbstractPipeline.java:474)
	at java.base/java.util.stream.ForEachOps$ForEachOp.evaluateSequential(ForEachOps.java:150)
	at java.base/java.util.stream.ForEachOps$ForEachOp$OfRef.evaluateSequential(ForEachOps.java:173)
	at java.base/java.util.stream.AbstractPipeline.evaluate(AbstractPipeline.java:234)
	at java.base/java.util.stream.ReferencePipeline.forEach(ReferencePipeline.java:497)
	at org.springframework.boot.SpringApplication.callRunners(SpringApplication.java:744)
	at org.springframework.boot.SpringApplication.run(SpringApplication.java:315)
	at org.springframework.boot.SpringApplication.run(SpringApplication.java:1300)
	at org.springframework.boot.SpringApplication.run(SpringApplication.java:1289)
	at com.casavida.backend.BackendApplication.main(BackendApplication.java:10)
Caused by: java.lang.IllegalArgumentException: Parameter value [2] did not match expected type [java.lang.Integer (n/a)]
	at org.hibernate.query.spi.QueryParameterBindingValidator.validate(QueryParameterBindingValidator.java:54)
	at org.hibernate.query.spi.QueryParameterBindingValidator.validate(QueryParameterBindingValidator.java:27)
	at org.hibernate.query.internal.QueryParameterBindingImpl.validate(QueryParameterBindingImpl.java:90)
	at org.hibernate.query.internal.QueryParameterBindingImpl.setBindValue(QueryParameterBindingImpl.java:55)
	at org.hibernate.query.internal.AbstractProducedQuery.setParameter(AbstractProducedQuery.java:501)
	at org.hibernate.query.internal.AbstractProducedQuery.setParameter(AbstractProducedQuery.java:122)
	at org.hibernate.query.criteria.internal.compile.CriteriaQueryTypeQueryAdapter.setParameter(CriteriaQueryTypeQueryAdapter.java:393)
	at org.hibernate.query.criteria.internal.compile.CriteriaQueryTypeQueryAdapter.setParameter(CriteriaQueryTypeQueryAdapter.java:61)
	at org.springframework.data.jpa.repository.query.QueryParameterSetter$BindableQuery.setParameter(QueryParameterSetter.java:327)
	at org.springframework.data.jpa.repository.query.QueryParameterSetter$NamedOrIndexedQueryParameterSetter.lambda$setParameter$3(QueryParameterSetter.java:124)
	at org.springframework.data.jpa.repository.query.QueryParameterSetter$ErrorHandling$1.execute(QueryParameterSetter.java:149)
	at org.springframework.data.jpa.repository.query.QueryParameterSetter$NamedOrIndexedQueryParameterSetter.setParameter(QueryParameterSetter.java:124)
	at org.springframework.data.jpa.repository.query.ParameterBinder.bind(ParameterBinder.java:82)
	at org.springframework.data.jpa.repository.query.ParameterBinder.bind(ParameterBinder.java:74)
	at org.springframework.data.jpa.repository.query.ParameterBinder.bindAndPrepare(ParameterBinder.java:96)
	at org.springframework.data.jpa.repository.query.PartTreeJpaQuery$QueryPreparer.invokeBinding(PartTreeJpaQuery.java:324)
	at org.springframework.data.jpa.repository.query.PartTreeJpaQuery$QueryPreparer.createQuery(PartTreeJpaQuery.java:243)
	at org.springframework.data.jpa.repository.query.PartTreeJpaQuery.doCreateQuery(PartTreeJpaQuery.java:106)
	at org.springframework.data.jpa.repository.query.AbstractJpaQuery.createQuery(AbstractJpaQuery.java:233)
	at org.springframework.data.jpa.repository.query.JpaQueryExecution$CollectionExecution.doExecute(JpaQueryExecution.java:128)
	at org.springframework.data.jpa.repository.query.JpaQueryExecution.execute(JpaQueryExecution.java:90)
	at org.springframework.data.jpa.repository.query.AbstractJpaQuery.doExecute(AbstractJpaQuery.java:156)
	at org.springframework.data.jpa.repository.query.AbstractJpaQuery.execute(AbstractJpaQuery.java:144)
	at org.springframework.data.repository.core.support.RepositoryMethodInvoker.doInvoke(RepositoryMethodInvoker.java:137)
	at org.springframework.data.repository.core.support.RepositoryMethodInvoker.invoke(RepositoryMethodInvoker.java:121)
	at org.springframework.data.repository.core.support.QueryExecutorMethodInterceptor.doInvoke(QueryExecutorMethodInterceptor.java:160)
	at org.springframework.data.repository.core.support.QueryExecutorMethodInterceptor.invoke(QueryExecutorMethodInterceptor.java:139)
	at org.springframework.aop.framework.ReflectiveMethodInvocation.proceed(ReflectiveMethodInvocation.java:186)
	at org.springframework.data.projection.DefaultMethodInvokingMethodInterceptor.invoke(DefaultMethodInvokingMethodInterceptor.java:76)
	at org.springframework.aop.framework.ReflectiveMethodInvocation.proceed(ReflectiveMethodInvocation.java:186)
	at org.springframework.transaction.interceptor.TransactionInterceptor$1.proceedWithInvocation(TransactionInterceptor.java:123)
	at org.springframework.transaction.interceptor.TransactionAspectSupport.invokeWithinTransaction(TransactionAspectSupport.java:388)
	at org.springframework.transaction.interceptor.TransactionInterceptor.invoke(TransactionInterceptor.java:119)
	at org.springframework.aop.framework.ReflectiveMethodInvocation.proceed(ReflectiveMethodInvocation.java:186)
	at org.springframework.dao.support.PersistenceExceptionTranslationInterceptor.invoke(PersistenceExceptionTranslationInterceptor.java:137)
	... 35 more
--- PermissionFixer: Done. ---
2026-02-16 19:19:18.899  INFO 27934 --- [nio-8084-exec-1] o.a.c.c.C.[Tomcat].[localhost].[/]       : Initializing Spring DispatcherServlet 'dispatcherServlet'
2026-02-16 19:19:18.902  INFO 27934 --- [nio-8084-exec-1] o.s.web.servlet.DispatcherServlet        : Initializing Servlet 'dispatcherServlet'
2026-02-16 19:19:18.904 DEBUG 27934 --- [nio-8084-exec-1] o.s.web.servlet.DispatcherServlet        : Detected StandardServletMultipartResolver
2026-02-16 19:19:18.905 DEBUG 27934 --- [nio-8084-exec-1] o.s.web.servlet.DispatcherServlet        : Detected AcceptHeaderLocaleResolver
2026-02-16 19:19:18.905 DEBUG 27934 --- [nio-8084-exec-1] o.s.web.servlet.DispatcherServlet        : Detected FixedThemeResolver
2026-02-16 19:19:18.920 DEBUG 27934 --- [nio-8084-exec-1] o.s.web.servlet.DispatcherServlet        : Detected org.springframework.web.servlet.view.DefaultRequestToViewNameTranslator@13288174
2026-02-16 19:19:18.921 DEBUG 27934 --- [nio-8084-exec-1] o.s.web.servlet.DispatcherServlet        : Detected org.springframework.web.servlet.support.SessionFlashMapManager@3f910f36
2026-02-16 19:19:18.921 DEBUG 27934 --- [nio-8084-exec-1] o.s.web.servlet.DispatcherServlet        : enableLoggingRequestDetails='false': request parameters and headers will be masked to prevent unsafe logging of potentially sensitive data
2026-02-16 19:19:18.921  INFO 27934 --- [nio-8084-exec-1] o.s.web.servlet.DispatcherServlet        : Completed initialization in 18 ms
2026-02-16 19:19:18.999 DEBUG 27934 --- [nio-8084-exec-1] s.w.s.m.m.a.RequestMappingHandlerMapping : Mapped to com.casavida.backend.controllers.AuthController#authenticateUser(LoginRequest)
2026-02-16 19:19:19.028 DEBUG 27934 --- [nio-8084-exec-1] o.s.web.servlet.DispatcherServlet        : POST "/api/auth/signin", parameters={}
2026-02-16 19:19:19.032 DEBUG 27934 --- [nio-8084-exec-1] s.w.s.m.m.a.RequestMappingHandlerMapping : Mapped to com.casavida.backend.controllers.AuthController#authenticateUser(LoginRequest)
2026-02-16 19:19:19.371 DEBUG 27934 --- [nio-8084-exec-1] m.m.a.RequestResponseBodyMethodProcessor : Read "application/json;charset=UTF-8" to [com.casavida.backend.payload.request.LoginRequest@a8f61d9]
2026-02-16 19:19:19.730 DEBUG 27934 --- [nio-8084-exec-1] org.hibernate.SQL                        : select user0_.id as id1_16_, user0_.created_at as created_2_16_, user0_.email as email3_16_, user0_.password as password4_16_, user0_.username as username5_16_ from users user0_ where user0_.username=?
Hibernate: select user0_.id as id1_16_, user0_.created_at as created_2_16_, user0_.email as email3_16_, user0_.password as password4_16_, user0_.username as username5_16_ from users user0_ where user0_.username=?
2026-02-16 19:19:19.737 TRACE 27934 --- [nio-8084-exec-1] o.h.type.descriptor.sql.BasicBinder      : binding parameter [1] as [VARCHAR] - [admin]
2026-02-16 19:19:19.767 DEBUG 27934 --- [nio-8084-exec-1] org.hibernate.SQL                        : select roles0_.user_id as user_id1_15_0_, roles0_.role_id as role_id2_15_0_, role1_.id as id1_14_1_, role1_.name as name2_14_1_ from user_roles roles0_ inner join roles role1_ on roles0_.role_id=role1_.id where roles0_.user_id=?
Hibernate: select roles0_.user_id as user_id1_15_0_, roles0_.role_id as role_id2_15_0_, role1_.id as id1_14_1_, role1_.name as name2_14_1_ from user_roles roles0_ inner join roles role1_ on roles0_.role_id=role1_.id where roles0_.user_id=?
2026-02-16 19:19:19.776 TRACE 27934 --- [nio-8084-exec-1] o.h.type.descriptor.sql.BasicBinder      : binding parameter [1] as [BIGINT] - [1]
2026-02-16 19:19:19.826 DEBUG 27934 --- [nio-8084-exec-1] org.hibernate.SQL                        : select permission1_.id as id1_12_, permission1_.action_id as action_i7_12_, permission1_.active as active2_12_, permission1_.component_id as componen8_12_, permission1_.created_at as created_3_12_, permission1_.description as descript4_12_, permission1_.module_id as module_i9_12_, permission1_.permission_key as permissi5_12_, permission1_.updated_at as updated_6_12_ from role_permissions rolepermis0_ inner join permissions permission1_ on rolepermis0_.permission_id=permission1_.id where rolepermis0_.role_id=? and permission1_.active=true
Hibernate: select permission1_.id as id1_12_, permission1_.action_id as action_i7_12_, permission1_.active as active2_12_, permission1_.component_id as componen8_12_, permission1_.created_at as created_3_12_, permission1_.description as descript4_12_, permission1_.module_id as module_i9_12_, permission1_.permission_key as permissi5_12_, permission1_.updated_at as updated_6_12_ from role_permissions rolepermis0_ inner join permissions permission1_ on rolepermis0_.permission_id=permission1_.id where rolepermis0_.role_id=? and permission1_.active=true
2026-02-16 19:19:19.828 TRACE 27934 --- [nio-8084-exec-1] o.h.type.descriptor.sql.BasicBinder      : binding parameter [1] as [INTEGER] - [2]
2026-02-16 19:19:20.239 DEBUG 27934 --- [nio-8084-exec-1] o.s.w.s.m.m.a.HttpEntityMethodProcessor  : Using 'application/json', given [*/*] and supported [application/json, application/*+json, application/json, application/*+json]
2026-02-16 19:19:20.240 DEBUG 27934 --- [nio-8084-exec-1] o.s.w.s.m.m.a.HttpEntityMethodProcessor  : Writing [com.casavida.backend.payload.response.JwtResponse@4280686a]
2026-02-16 19:19:20.300 DEBUG 27934 --- [nio-8084-exec-1] o.s.web.servlet.DispatcherServlet        : Completed 200 OK
2026-02-16 19:19:41.414 DEBUG 27934 --- [nio-8084-exec-2] s.w.s.m.m.a.RequestMappingHandlerMapping : Mapped to com.casavida.backend.controllers.ReporteController#getDashboardStats()
2026-02-16 19:19:41.754 DEBUG 27934 --- [nio-8084-exec-2] org.hibernate.SQL                        : select user0_.id as id1_16_, user0_.created_at as created_2_16_, user0_.email as email3_16_, user0_.password as password4_16_, user0_.username as username5_16_ from users user0_ where user0_.username=?
Hibernate: select user0_.id as id1_16_, user0_.created_at as created_2_16_, user0_.email as email3_16_, user0_.password as password4_16_, user0_.username as username5_16_ from users user0_ where user0_.username=?
2026-02-16 19:19:41.757 TRACE 27934 --- [nio-8084-exec-2] o.h.type.descriptor.sql.BasicBinder      : binding parameter [1] as [VARCHAR] - [admin]
2026-02-16 19:19:41.827 DEBUG 27934 --- [nio-8084-exec-2] org.hibernate.SQL                        : select roles0_.user_id as user_id1_15_0_, roles0_.role_id as role_id2_15_0_, role1_.id as id1_14_1_, role1_.name as name2_14_1_ from user_roles roles0_ inner join roles role1_ on roles0_.role_id=role1_.id where roles0_.user_id=?
Hibernate: select roles0_.user_id as user_id1_15_0_, roles0_.role_id as role_id2_15_0_, role1_.id as id1_14_1_, role1_.name as name2_14_1_ from user_roles roles0_ inner join roles role1_ on roles0_.role_id=role1_.id where roles0_.user_id=?
2026-02-16 19:19:41.829 TRACE 27934 --- [nio-8084-exec-2] o.h.type.descriptor.sql.BasicBinder      : binding parameter [1] as [BIGINT] - [1]
2026-02-16 19:19:41.870 DEBUG 27934 --- [nio-8084-exec-2] org.hibernate.SQL                        : select permission1_.id as id1_12_, permission1_.action_id as action_i7_12_, permission1_.active as active2_12_, permission1_.component_id as componen8_12_, permission1_.created_at as created_3_12_, permission1_.description as descript4_12_, permission1_.module_id as module_i9_12_, permission1_.permission_key as permissi5_12_, permission1_.updated_at as updated_6_12_ from role_permissions rolepermis0_ inner join permissions permission1_ on rolepermis0_.permission_id=permission1_.id where rolepermis0_.role_id=? and permission1_.active=true
Hibernate: select permission1_.id as id1_12_, permission1_.action_id as action_i7_12_, permission1_.active as active2_12_, permission1_.component_id as componen8_12_, permission1_.created_at as created_3_12_, permission1_.description as descript4_12_, permission1_.module_id as module_i9_12_, permission1_.permission_key as permissi5_12_, permission1_.updated_at as updated_6_12_ from role_permissions rolepermis0_ inner join permissions permission1_ on rolepermis0_.permission_id=permission1_.id where rolepermis0_.role_id=? and permission1_.active=true
2026-02-16 19:19:41.871 TRACE 27934 --- [nio-8084-exec-2] o.h.type.descriptor.sql.BasicBinder      : binding parameter [1] as [INTEGER] - [2]
2026-02-16 19:19:41.916 DEBUG 27934 --- [nio-8084-exec-2] o.s.web.servlet.DispatcherServlet        : GET "/api/reportes/dashboard", parameters={}
2026-02-16 19:19:41.917 DEBUG 27934 --- [nio-8084-exec-2] s.w.s.m.m.a.RequestMappingHandlerMapping : Mapped to com.casavida.backend.controllers.ReporteController#getDashboardStats()
2026-02-16 19:19:41.981 DEBUG 27934 --- [nio-8084-exec-2] org.hibernate.SQL                        : select user0_.id as id1_16_0_, user0_.created_at as created_2_16_0_, user0_.email as email3_16_0_, user0_.password as password4_16_0_, user0_.username as username5_16_0_, roles1_.user_id as user_id1_15_1_, role2_.id as role_id2_15_1_, role2_.id as id1_14_2_, role2_.name as name2_14_2_ from users user0_ left outer join user_roles roles1_ on user0_.id=roles1_.user_id left outer join roles role2_ on roles1_.role_id=role2_.id where user0_.id=?
Hibernate: select user0_.id as id1_16_0_, user0_.created_at as created_2_16_0_, user0_.email as email3_16_0_, user0_.password as password4_16_0_, user0_.username as username5_16_0_, roles1_.user_id as user_id1_15_1_, role2_.id as role_id2_15_1_, role2_.id as id1_14_2_, role2_.name as name2_14_2_ from users user0_ left outer join user_roles roles1_ on user0_.id=roles1_.user_id left outer join roles role2_ on roles1_.role_id=role2_.id where user0_.id=?
2026-02-16 19:19:41.985 TRACE 27934 --- [nio-8084-exec-2] o.h.type.descriptor.sql.BasicBinder      : binding parameter [1] as [BIGINT] - [1]
2026-02-16 19:19:41.990 DEBUG 27934 --- [nio-8084-exec-2] org.hibernate.SQL                        : select permission1_.id as id1_12_, permission1_.action_id as action_i7_12_, permission1_.active as active2_12_, permission1_.component_id as componen8_12_, permission1_.created_at as created_3_12_, permission1_.description as descript4_12_, permission1_.module_id as module_i9_12_, permission1_.permission_key as permissi5_12_, permission1_.updated_at as updated_6_12_ from role_permissions rolepermis0_ inner join permissions permission1_ on rolepermis0_.permission_id=permission1_.id where rolepermis0_.role_id=? and permission1_.active=true
Hibernate: select permission1_.id as id1_12_, permission1_.action_id as action_i7_12_, permission1_.active as active2_12_, permission1_.component_id as componen8_12_, permission1_.created_at as created_3_12_, permission1_.description as descript4_12_, permission1_.module_id as module_i9_12_, permission1_.permission_key as permissi5_12_, permission1_.updated_at as updated_6_12_ from role_permissions rolepermis0_ inner join permissions permission1_ on rolepermis0_.permission_id=permission1_.id where rolepermis0_.role_id=? and permission1_.active=true
2026-02-16 19:19:41.991 TRACE 27934 --- [nio-8084-exec-2] o.h.type.descriptor.sql.BasicBinder      : binding parameter [1] as [INTEGER] - [2]
2026-02-16 19:19:42.139 DEBUG 27934 --- [nio-8084-exec-2] org.hibernate.SQL                        : select count(*) as col_0_0_ from lotes lote0_
Hibernate: select count(*) as col_0_0_ from lotes lote0_
2026-02-16 19:19:42.148 DEBUG 27934 --- [nio-8084-exec-2] org.hibernate.SQL                        : select lote0_.id as id1_8_, lote0_.area_metros_cuadrados as area_met2_8_, lote0_.coordenadas_geo as coordena3_8_, lote0_.descripcion as descripc4_8_, lote0_.estatus as estatus5_8_, lote0_.fraccionamiento_id as fraccio12_8_, lote0_.imagen_url as imagen_u6_8_, lote0_.manzana as manzana7_8_, lote0_.notas as notas8_8_, lote0_.numero_lote as numero_l9_8_, lote0_.plano_coordinates as plano_c10_8_, lote0_.precio_total as precio_11_8_ from lotes lote0_ where lote0_.estatus=?
Hibernate: select lote0_.id as id1_8_, lote0_.area_metros_cuadrados as area_met2_8_, lote0_.coordenadas_geo as coordena3_8_, lote0_.descripcion as descripc4_8_, lote0_.estatus as estatus5_8_, lote0_.fraccionamiento_id as fraccio12_8_, lote0_.imagen_url as imagen_u6_8_, lote0_.manzana as manzana7_8_, lote0_.notas as notas8_8_, lote0_.numero_lote as numero_l9_8_, lote0_.plano_coordinates as plano_c10_8_, lote0_.precio_total as precio_11_8_ from lotes lote0_ where lote0_.estatus=?
2026-02-16 19:19:42.149 TRACE 27934 --- [nio-8084-exec-2] o.h.type.descriptor.sql.BasicBinder      : binding parameter [1] as [VARCHAR] - [DISPONIBLE]
2026-02-16 19:19:42.151 DEBUG 27934 --- [nio-8084-exec-2] org.hibernate.SQL                        : select lote0_.id as id1_8_, lote0_.area_metros_cuadrados as area_met2_8_, lote0_.coordenadas_geo as coordena3_8_, lote0_.descripcion as descripc4_8_, lote0_.estatus as estatus5_8_, lote0_.fraccionamiento_id as fraccio12_8_, lote0_.imagen_url as imagen_u6_8_, lote0_.manzana as manzana7_8_, lote0_.notas as notas8_8_, lote0_.numero_lote as numero_l9_8_, lote0_.plano_coordinates as plano_c10_8_, lote0_.precio_total as precio_11_8_ from lotes lote0_ where lote0_.estatus=?
Hibernate: select lote0_.id as id1_8_, lote0_.area_metros_cuadrados as area_met2_8_, lote0_.coordenadas_geo as coordena3_8_, lote0_.descripcion as descripc4_8_, lote0_.estatus as estatus5_8_, lote0_.fraccionamiento_id as fraccio12_8_, lote0_.imagen_url as imagen_u6_8_, lote0_.manzana as manzana7_8_, lote0_.notas as notas8_8_, lote0_.numero_lote as numero_l9_8_, lote0_.plano_coordinates as plano_c10_8_, lote0_.precio_total as precio_11_8_ from lotes lote0_ where lote0_.estatus=?
2026-02-16 19:19:42.151 TRACE 27934 --- [nio-8084-exec-2] o.h.type.descriptor.sql.BasicBinder      : binding parameter [1] as [VARCHAR] - [VENDIDO]
2026-02-16 19:19:42.156 DEBUG 27934 --- [nio-8084-exec-2] org.hibernate.SQL                        : select fraccionam0_.id as id1_5_0_, fraccionam0_.coordenadas_geo as coordena2_5_0_, fraccionam0_.descripcion as descripc3_5_0_, fraccionam0_.imagen_plano_url as imagen_p4_5_0_, fraccionam0_.logo_url as logo_url5_5_0_, fraccionam0_.nombre as nombre6_5_0_, fraccionam0_.plano_svg as plano_sv7_5_0_, fraccionam0_.poligono_delimitador as poligono8_5_0_, fraccionam0_.ubicacion as ubicacio9_5_0_ from fraccionamientos fraccionam0_ where fraccionam0_.id=?
Hibernate: select fraccionam0_.id as id1_5_0_, fraccionam0_.coordenadas_geo as coordena2_5_0_, fraccionam0_.descripcion as descripc3_5_0_, fraccionam0_.imagen_plano_url as imagen_p4_5_0_, fraccionam0_.logo_url as logo_url5_5_0_, fraccionam0_.nombre as nombre6_5_0_, fraccionam0_.plano_svg as plano_sv7_5_0_, fraccionam0_.poligono_delimitador as poligono8_5_0_, fraccionam0_.ubicacion as ubicacio9_5_0_ from fraccionamientos fraccionam0_ where fraccionam0_.id=?
2026-02-16 19:19:42.157 TRACE 27934 --- [nio-8084-exec-2] o.h.type.descriptor.sql.BasicBinder      : binding parameter [1] as [BIGINT] - [1]
2026-02-16 19:19:42.169 DEBUG 27934 --- [nio-8084-exec-2] org.hibernate.SQL                        : select count(*) as col_0_0_ from clientes cliente0_
Hibernate: select count(*) as col_0_0_ from clientes cliente0_
2026-02-16 19:19:42.175 DEBUG 27934 --- [nio-8084-exec-2] org.hibernate.SQL                        : select count(*) as col_0_0_ from contratos contrato0_
Hibernate: select count(*) as col_0_0_ from contratos contrato0_
2026-02-16 19:19:42.179 DEBUG 27934 --- [nio-8084-exec-2] org.hibernate.SQL                        : select count(*) as col_0_0_ from leads lead0_
Hibernate: select count(*) as col_0_0_ from leads lead0_
2026-02-16 19:19:42.186 DEBUG 27934 --- [nio-8084-exec-2] org.hibernate.SQL                        : select count(*) as col_0_0_ from opportunities opportunit0_
Hibernate: select count(*) as col_0_0_ from opportunities opportunit0_
2026-02-16 19:19:42.190 DEBUG 27934 --- [nio-8084-exec-2] org.hibernate.SQL                        : select pago0_.id as id1_11_, pago0_.comprobante as comproba2_11_, pago0_.comprobante_content_type as comproba3_11_, pago0_.concepto as concepto4_11_, pago0_.contrato_id as contrat13_11_, pago0_.estatus as estatus5_11_, pago0_.fecha_pago as fecha_pa6_11_, pago0_.fecha_validacion as fecha_va7_11_, pago0_.metodo_pago as metodo_p8_11_, pago0_.monto as monto9_11_, pago0_.referencia as referen10_11_, pago0_.validado as validad11_11_, pago0_.validado_por as validad12_11_ from pagos pago0_
Hibernate: select pago0_.id as id1_11_, pago0_.comprobante as comproba2_11_, pago0_.comprobante_content_type as comproba3_11_, pago0_.concepto as concepto4_11_, pago0_.contrato_id as contrat13_11_, pago0_.estatus as estatus5_11_, pago0_.fecha_pago as fecha_pa6_11_, pago0_.fecha_validacion as fecha_va7_11_, pago0_.metodo_pago as metodo_p8_11_, pago0_.monto as monto9_11_, pago0_.referencia as referen10_11_, pago0_.validado as validad11_11_, pago0_.validado_por as validad12_11_ from pagos pago0_
2026-02-16 19:19:42.201 DEBUG 27934 --- [nio-8084-exec-2] org.hibernate.SQL                        : select contrato0_.id as id1_3_0_, contrato0_.cliente_id as cliente_9_3_0_, contrato0_.enganche as enganche2_3_0_, contrato0_.estatus as estatus3_3_0_, contrato0_.fecha_contrato as fecha_co4_3_0_, contrato0_.lote_id as lote_id10_3_0_, contrato0_.mensualidad as mensuali5_3_0_, contrato0_.monto_total as monto_to6_3_0_, contrato0_.plazo_meses as plazo_me7_3_0_, contrato0_.tasa_interes_anual as tasa_int8_3_0_, contrato0_.vendedor_id as vendedo11_3_0_, cliente1_.id as id1_1_1_, cliente1_.apellidos as apellido2_1_1_, cliente1_.direccion as direccio3_1_1_, cliente1_.email as email4_1_1_, cliente1_.fecha_registro as fecha_re5_1_1_, cliente1_.ine as ine6_1_1_, cliente1_.nombre as nombre7_1_1_, cliente1_.telefono as telefono8_1_1_, lote2_.id as id1_8_2_, lote2_.area_metros_cuadrados as area_met2_8_2_, lote2_.coordenadas_geo as coordena3_8_2_, lote2_.descripcion as descripc4_8_2_, lote2_.estatus as estatus5_8_2_, lote2_.fraccionamiento_id as fraccio12_8_2_, lote2_.imagen_url as imagen_u6_8_2_, lote2_.manzana as manzana7_8_2_, lote2_.notas as notas8_8_2_, lote2_.numero_lote as numero_l9_8_2_, lote2_.plano_coordinates as plano_c10_8_2_, lote2_.precio_total as precio_11_8_2_, fraccionam3_.id as id1_5_3_, fraccionam3_.coordenadas_geo as coordena2_5_3_, fraccionam3_.descripcion as descripc3_5_3_, fraccionam3_.imagen_plano_url as imagen_p4_5_3_, fraccionam3_.logo_url as logo_url5_5_3_, fraccionam3_.nombre as nombre6_5_3_, fraccionam3_.plano_svg as plano_sv7_5_3_, fraccionam3_.poligono_delimitador as poligono8_5_3_, fraccionam3_.ubicacion as ubicacio9_5_3_, user4_.id as id1_16_4_, user4_.created_at as created_2_16_4_, user4_.email as email3_16_4_, user4_.password as password4_16_4_, user4_.username as username5_16_4_, roles5_.user_id as user_id1_15_5_, role6_.id as role_id2_15_5_, role6_.id as id1_14_6_, role6_.name as name2_14_6_ from contratos contrato0_ inner join clientes cliente1_ on contrato0_.cliente_id=cliente1_.id inner join lotes lote2_ on contrato0_.lote_id=lote2_.id left outer join fraccionamientos fraccionam3_ on lote2_.fraccionamiento_id=fraccionam3_.id left outer join users user4_ on contrato0_.vendedor_id=user4_.id left outer join user_roles roles5_ on user4_.id=roles5_.user_id left outer join roles role6_ on roles5_.role_id=role6_.id where contrato0_.id=?
Hibernate: select contrato0_.id as id1_3_0_, contrato0_.cliente_id as cliente_9_3_0_, contrato0_.enganche as enganche2_3_0_, contrato0_.estatus as estatus3_3_0_, contrato0_.fecha_contrato as fecha_co4_3_0_, contrato0_.lote_id as lote_id10_3_0_, contrato0_.mensualidad as mensuali5_3_0_, contrato0_.monto_total as monto_to6_3_0_, contrato0_.plazo_meses as plazo_me7_3_0_, contrato0_.tasa_interes_anual as tasa_int8_3_0_, contrato0_.vendedor_id as vendedo11_3_0_, cliente1_.id as id1_1_1_, cliente1_.apellidos as apellido2_1_1_, cliente1_.direccion as direccio3_1_1_, cliente1_.email as email4_1_1_, cliente1_.fecha_registro as fecha_re5_1_1_, cliente1_.ine as ine6_1_1_, cliente1_.nombre as nombre7_1_1_, cliente1_.telefono as telefono8_1_1_, lote2_.id as id1_8_2_, lote2_.area_metros_cuadrados as area_met2_8_2_, lote2_.coordenadas_geo as coordena3_8_2_, lote2_.descripcion as descripc4_8_2_, lote2_.estatus as estatus5_8_2_, lote2_.fraccionamiento_id as fraccio12_8_2_, lote2_.imagen_url as imagen_u6_8_2_, lote2_.manzana as manzana7_8_2_, lote2_.notas as notas8_8_2_, lote2_.numero_lote as numero_l9_8_2_, lote2_.plano_coordinates as plano_c10_8_2_, lote2_.precio_total as precio_11_8_2_, fraccionam3_.id as id1_5_3_, fraccionam3_.coordenadas_geo as coordena2_5_3_, fraccionam3_.descripcion as descripc3_5_3_, fraccionam3_.imagen_plano_url as imagen_p4_5_3_, fraccionam3_.logo_url as logo_url5_5_3_, fraccionam3_.nombre as nombre6_5_3_, fraccionam3_.plano_svg as plano_sv7_5_3_, fraccionam3_.poligono_delimitador as poligono8_5_3_, fraccionam3_.ubicacion as ubicacio9_5_3_, user4_.id as id1_16_4_, user4_.created_at as created_2_16_4_, user4_.email as email3_16_4_, user4_.password as password4_16_4_, user4_.username as username5_16_4_, roles5_.user_id as user_id1_15_5_, role6_.id as role_id2_15_5_, role6_.id as id1_14_6_, role6_.name as name2_14_6_ from contratos contrato0_ inner join clientes cliente1_ on contrato0_.cliente_id=cliente1_.id inner join lotes lote2_ on contrato0_.lote_id=lote2_.id left outer join fraccionamientos fraccionam3_ on lote2_.fraccionamiento_id=fraccionam3_.id left outer join users user4_ on contrato0_.vendedor_id=user4_.id left outer join user_roles roles5_ on user4_.id=roles5_.user_id left outer join roles role6_ on roles5_.role_id=role6_.id where contrato0_.id=?
2026-02-16 19:19:42.206 TRACE 27934 --- [nio-8084-exec-2] o.h.type.descriptor.sql.BasicBinder      : binding parameter [1] as [BIGINT] - [1]
2026-02-16 19:19:42.213 DEBUG 27934 --- [nio-8084-exec-2] org.hibernate.SQL                        : select contrato0_.id as id1_3_0_, contrato0_.cliente_id as cliente_9_3_0_, contrato0_.enganche as enganche2_3_0_, contrato0_.estatus as estatus3_3_0_, contrato0_.fecha_contrato as fecha_co4_3_0_, contrato0_.lote_id as lote_id10_3_0_, contrato0_.mensualidad as mensuali5_3_0_, contrato0_.monto_total as monto_to6_3_0_, contrato0_.plazo_meses as plazo_me7_3_0_, contrato0_.tasa_interes_anual as tasa_int8_3_0_, contrato0_.vendedor_id as vendedo11_3_0_, cliente1_.id as id1_1_1_, cliente1_.apellidos as apellido2_1_1_, cliente1_.direccion as direccio3_1_1_, cliente1_.email as email4_1_1_, cliente1_.fecha_registro as fecha_re5_1_1_, cliente1_.ine as ine6_1_1_, cliente1_.nombre as nombre7_1_1_, cliente1_.telefono as telefono8_1_1_, lote2_.id as id1_8_2_, lote2_.area_metros_cuadrados as area_met2_8_2_, lote2_.coordenadas_geo as coordena3_8_2_, lote2_.descripcion as descripc4_8_2_, lote2_.estatus as estatus5_8_2_, lote2_.fraccionamiento_id as fraccio12_8_2_, lote2_.imagen_url as imagen_u6_8_2_, lote2_.manzana as manzana7_8_2_, lote2_.notas as notas8_8_2_, lote2_.numero_lote as numero_l9_8_2_, lote2_.plano_coordinates as plano_c10_8_2_, lote2_.precio_total as precio_11_8_2_, fraccionam3_.id as id1_5_3_, fraccionam3_.coordenadas_geo as coordena2_5_3_, fraccionam3_.descripcion as descripc3_5_3_, fraccionam3_.imagen_plano_url as imagen_p4_5_3_, fraccionam3_.logo_url as logo_url5_5_3_, fraccionam3_.nombre as nombre6_5_3_, fraccionam3_.plano_svg as plano_sv7_5_3_, fraccionam3_.poligono_delimitador as poligono8_5_3_, fraccionam3_.ubicacion as ubicacio9_5_3_, user4_.id as id1_16_4_, user4_.created_at as created_2_16_4_, user4_.email as email3_16_4_, user4_.password as password4_16_4_, user4_.username as username5_16_4_, roles5_.user_id as user_id1_15_5_, role6_.id as role_id2_15_5_, role6_.id as id1_14_6_, role6_.name as name2_14_6_ from contratos contrato0_ inner join clientes cliente1_ on contrato0_.cliente_id=cliente1_.id inner join lotes lote2_ on contrato0_.lote_id=lote2_.id left outer join fraccionamientos fraccionam3_ on lote2_.fraccionamiento_id=fraccionam3_.id left outer join users user4_ on contrato0_.vendedor_id=user4_.id left outer join user_roles roles5_ on user4_.id=roles5_.user_id left outer join roles role6_ on roles5_.role_id=role6_.id where contrato0_.id=?
Hibernate: select contrato0_.id as id1_3_0_, contrato0_.cliente_id as cliente_9_3_0_, contrato0_.enganche as enganche2_3_0_, contrato0_.estatus as estatus3_3_0_, contrato0_.fecha_contrato as fecha_co4_3_0_, contrato0_.lote_id as lote_id10_3_0_, contrato0_.mensualidad as mensuali5_3_0_, contrato0_.monto_total as monto_to6_3_0_, contrato0_.plazo_meses as plazo_me7_3_0_, contrato0_.tasa_interes_anual as tasa_int8_3_0_, contrato0_.vendedor_id as vendedo11_3_0_, cliente1_.id as id1_1_1_, cliente1_.apellidos as apellido2_1_1_, cliente1_.direccion as direccio3_1_1_, cliente1_.email as email4_1_1_, cliente1_.fecha_registro as fecha_re5_1_1_, cliente1_.ine as ine6_1_1_, cliente1_.nombre as nombre7_1_1_, cliente1_.telefono as telefono8_1_1_, lote2_.id as id1_8_2_, lote2_.area_metros_cuadrados as area_met2_8_2_, lote2_.coordenadas_geo as coordena3_8_2_, lote2_.descripcion as descripc4_8_2_, lote2_.estatus as estatus5_8_2_, lote2_.fraccionamiento_id as fraccio12_8_2_, lote2_.imagen_url as imagen_u6_8_2_, lote2_.manzana as manzana7_8_2_, lote2_.notas as notas8_8_2_, lote2_.numero_lote as numero_l9_8_2_, lote2_.plano_coordinates as plano_c10_8_2_, lote2_.precio_total as precio_11_8_2_, fraccionam3_.id as id1_5_3_, fraccionam3_.coordenadas_geo as coordena2_5_3_, fraccionam3_.descripcion as descripc3_5_3_, fraccionam3_.imagen_plano_url as imagen_p4_5_3_, fraccionam3_.logo_url as logo_url5_5_3_, fraccionam3_.nombre as nombre6_5_3_, fraccionam3_.plano_svg as plano_sv7_5_3_, fraccionam3_.poligono_delimitador as poligono8_5_3_, fraccionam3_.ubicacion as ubicacio9_5_3_, user4_.id as id1_16_4_, user4_.created_at as created_2_16_4_, user4_.email as email3_16_4_, user4_.password as password4_16_4_, user4_.username as username5_16_4_, roles5_.user_id as user_id1_15_5_, role6_.id as role_id2_15_5_, role6_.id as id1_14_6_, role6_.name as name2_14_6_ from contratos contrato0_ inner join clientes cliente1_ on contrato0_.cliente_id=cliente1_.id inner join lotes lote2_ on contrato0_.lote_id=lote2_.id left outer join fraccionamientos fraccionam3_ on lote2_.fraccionamiento_id=fraccionam3_.id left outer join users user4_ on contrato0_.vendedor_id=user4_.id left outer join user_roles roles5_ on user4_.id=roles5_.user_id left outer join roles role6_ on roles5_.role_id=role6_.id where contrato0_.id=?
2026-02-16 19:19:42.214 TRACE 27934 --- [nio-8084-exec-2] o.h.type.descriptor.sql.BasicBinder      : binding parameter [1] as [BIGINT] - [2]
2026-02-16 19:19:42.227 DEBUG 27934 --- [nio-8084-exec-2] org.hibernate.SQL                        : select contrato0_.id as id1_3_, contrato0_.cliente_id as cliente_9_3_, contrato0_.enganche as enganche2_3_, contrato0_.estatus as estatus3_3_, contrato0_.fecha_contrato as fecha_co4_3_, contrato0_.lote_id as lote_id10_3_, contrato0_.mensualidad as mensuali5_3_, contrato0_.monto_total as monto_to6_3_, contrato0_.plazo_meses as plazo_me7_3_, contrato0_.tasa_interes_anual as tasa_int8_3_, contrato0_.vendedor_id as vendedo11_3_ from contratos contrato0_
Hibernate: select contrato0_.id as id1_3_, contrato0_.cliente_id as cliente_9_3_, contrato0_.enganche as enganche2_3_, contrato0_.estatus as estatus3_3_, contrato0_.fecha_contrato as fecha_co4_3_, contrato0_.lote_id as lote_id10_3_, contrato0_.mensualidad as mensuali5_3_, contrato0_.monto_total as monto_to6_3_, contrato0_.plazo_meses as plazo_me7_3_, contrato0_.tasa_interes_anual as tasa_int8_3_, contrato0_.vendedor_id as vendedo11_3_ from contratos contrato0_
2026-02-16 19:19:42.236 DEBUG 27934 --- [nio-8084-exec-2] org.hibernate.SQL                        : select contrato0_.id as id1_3_, contrato0_.cliente_id as cliente_9_3_, contrato0_.enganche as enganche2_3_, contrato0_.estatus as estatus3_3_, contrato0_.fecha_contrato as fecha_co4_3_, contrato0_.lote_id as lote_id10_3_, contrato0_.mensualidad as mensuali5_3_, contrato0_.monto_total as monto_to6_3_, contrato0_.plazo_meses as plazo_me7_3_, contrato0_.tasa_interes_anual as tasa_int8_3_, contrato0_.vendedor_id as vendedo11_3_ from contratos contrato0_ order by contrato0_.fecha_contrato desc
Hibernate: select contrato0_.id as id1_3_, contrato0_.cliente_id as cliente_9_3_, contrato0_.enganche as enganche2_3_, contrato0_.estatus as estatus3_3_, contrato0_.fecha_contrato as fecha_co4_3_, contrato0_.lote_id as lote_id10_3_, contrato0_.mensualidad as mensuali5_3_, contrato0_.monto_total as monto_to6_3_, contrato0_.plazo_meses as plazo_me7_3_, contrato0_.tasa_interes_anual as tasa_int8_3_, contrato0_.vendedor_id as vendedo11_3_ from contratos contrato0_ order by contrato0_.fecha_contrato desc
2026-02-16 19:19:42.281 DEBUG 27934 --- [nio-8084-exec-2] o.s.w.s.m.m.a.HttpEntityMethodProcessor  : Using 'application/json', given [*/*] and supported [application/json, application/*+json, application/json, application/*+json]
2026-02-16 19:19:42.282 DEBUG 27934 --- [nio-8084-exec-2] o.s.w.s.m.m.a.HttpEntityMethodProcessor  : Writing [com.casavida.backend.controllers.ReporteController$DashboardStats@1ba9ac25]
2026-02-16 19:19:42.331 DEBUG 27934 --- [nio-8084-exec-2] o.s.web.servlet.DispatcherServlet        : Completed 200 OK
2026-02-16 22:40:15.912  INFO 27934 --- [ionShutdownHook] j.LocalContainerEntityManagerFactoryBean : Closing JPA EntityManagerFactory for persistence unit 'default'
2026-02-16 22:40:16.021  INFO 27934 --- [ionShutdownHook] com.zaxxer.hikari.HikariDataSource       : HikariPool-1 - Shutdown initiated...
2026-02-16 22:40:16.045  INFO 27934 --- [ionShutdownHook] com.zaxxer.hikari.HikariDataSource       : HikariPool-1 - Shutdown completed.
