[INFO] Scanning for projects...
[INFO] 
[INFO] ------------------------< com.casavida:backend >------------------------
[INFO] Building backend 0.0.1-SNAPSHOT
[INFO]   from pom.xml
[INFO] --------------------------------[ jar ]---------------------------------
[INFO] 
[INFO] >>> spring-boot:2.7.18:run (default-cli) > test-compile @ backend >>>
[INFO] 
[INFO] --- resources:3.2.0:resources (default-resources) @ backend ---
[INFO] Using 'UTF-8' encoding to copy filtered resources.
[INFO] Using 'UTF-8' encoding to copy filtered properties files.
[INFO] Copying 1 resource
[INFO] Copying 5 resources
[INFO] 
[INFO] --- compiler:3.13.0:compile (default-compile) @ backend ---
[INFO] Nothing to compile - all classes are up to date.
[INFO] 
[INFO] --- resources:3.2.0:testResources (default-testResources) @ backend ---
[INFO] Using 'UTF-8' encoding to copy filtered resources.
[INFO] Using 'UTF-8' encoding to copy filtered properties files.
[INFO] skip non existing resourceDirectory /Users/franivan/Documents/ProyectosWeb/CasaVida/backend/src/test/resources
[INFO] 
[INFO] --- compiler:3.13.0:testCompile (default-testCompile) @ backend ---
[INFO] Nothing to compile - all classes are up to date.
[INFO] 
[INFO] <<< spring-boot:2.7.18:run (default-cli) < test-compile @ backend <<<
[INFO] 
[INFO] 
[INFO] --- spring-boot:2.7.18:run (default-cli) @ backend ---
[INFO] Attaching agents: []

  .   ____          _            __ _ _
 /\\ / ___'_ __ _ _(_)_ __  __ _ \ \ \ \
( ( )\___ | '_ | '_| | '_ \/ _` | \ \ \ \
 \\/  ___)| |_)| | | | | || (_| |  ) ) ) )
  '  |____| .__|_| |_|_| |_\__, | / / / /
 =========|_|==============|___/=/_/_/_/
 :: Spring Boot ::               (v2.7.18)

2026-02-16 19:11:10.544  INFO 27686 --- [           main] com.casavida.backend.BackendApplication  : Starting BackendApplication using Java 11.0.17 on Frans-MacBook-Air.local with PID 27686 (/Users/franivan/Documents/ProyectosWeb/CasaVida/backend/target/classes started by franivan in /Users/franivan/Documents/ProyectosWeb/CasaVida/backend)
2026-02-16 19:11:10.629  INFO 27686 --- [           main] com.casavida.backend.BackendApplication  : No active profile set, falling back to 1 default profile: "default"
2026-02-16 19:11:12.924  INFO 27686 --- [           main] .s.d.r.c.RepositoryConfigurationDelegate : Bootstrapping Spring Data JPA repositories in DEFAULT mode.
2026-02-16 19:11:13.090  INFO 27686 --- [           main] .s.d.r.c.RepositoryConfigurationDelegate : Finished Spring Data repository scanning in 145 ms. Found 12 JPA repository interfaces.
2026-02-16 19:11:13.856  INFO 27686 --- [           main] trationDelegate$BeanPostProcessorChecker : Bean '(inner bean)#5e5af8e1' of type [org.springframework.beans.factory.config.PropertiesFactoryBean] is not eligible for getting processed by all BeanPostProcessors (for example: not eligible for auto-proxying)
2026-02-16 19:11:13.857  INFO 27686 --- [           main] trationDelegate$BeanPostProcessorChecker : Bean '(inner bean)#5e5af8e1' of type [java.util.Properties] is not eligible for getting processed by all BeanPostProcessors (for example: not eligible for auto-proxying)
2026-02-16 19:11:13.858  INFO 27686 --- [           main] trationDelegate$BeanPostProcessorChecker : Bean '(inner bean)#a92be4f' of type [org.springframework.data.repository.core.support.PropertiesBasedNamedQueries] is not eligible for getting processed by all BeanPostProcessors (for example: not eligible for auto-proxying)
2026-02-16 19:11:13.862  INFO 27686 --- [           main] trationDelegate$BeanPostProcessorChecker : Bean '(inner bean)#2aff9dff' of type [org.springframework.data.repository.core.support.RepositoryFragmentsFactoryBean] is not eligible for getting processed by all BeanPostProcessors (for example: not eligible for auto-proxying)
2026-02-16 19:11:13.863  INFO 27686 --- [           main] trationDelegate$BeanPostProcessorChecker : Bean '(inner bean)#2aff9dff' of type [org.springframework.data.repository.core.support.RepositoryComposition$RepositoryFragments] is not eligible for getting processed by all BeanPostProcessors (for example: not eligible for auto-proxying)
2026-02-16 19:11:13.872  INFO 27686 --- [           main] trationDelegate$BeanPostProcessorChecker : Bean 'org.springframework.boot.autoconfigure.jdbc.DataSourceConfiguration$Hikari' of type [org.springframework.boot.autoconfigure.jdbc.DataSourceConfiguration$Hikari] is not eligible for getting processed by all BeanPostProcessors (for example: not eligible for auto-proxying)
2026-02-16 19:11:13.903  INFO 27686 --- [           main] trationDelegate$BeanPostProcessorChecker : Bean 'spring.datasource-org.springframework.boot.autoconfigure.jdbc.DataSourceProperties' of type [org.springframework.boot.autoconfigure.jdbc.DataSourceProperties] is not eligible for getting processed by all BeanPostProcessors (for example: not eligible for auto-proxying)
2026-02-16 19:11:13.929  INFO 27686 --- [           main] trationDelegate$BeanPostProcessorChecker : Bean 'dataSource' of type [com.zaxxer.hikari.HikariDataSource] is not eligible for getting processed by all BeanPostProcessors (for example: not eligible for auto-proxying)
2026-02-16 19:11:13.936  INFO 27686 --- [           main] trationDelegate$BeanPostProcessorChecker : Bean 'spring.jpa-org.springframework.boot.autoconfigure.orm.jpa.JpaProperties' of type [org.springframework.boot.autoconfigure.orm.jpa.JpaProperties] is not eligible for getting processed by all BeanPostProcessors (for example: not eligible for auto-proxying)
2026-02-16 19:11:13.939  INFO 27686 --- [           main] trationDelegate$BeanPostProcessorChecker : Bean 'spring.jpa.hibernate-org.springframework.boot.autoconfigure.orm.jpa.HibernateProperties' of type [org.springframework.boot.autoconfigure.orm.jpa.HibernateProperties] is not eligible for getting processed by all BeanPostProcessors (for example: not eligible for auto-proxying)
2026-02-16 19:11:13.942  INFO 27686 --- [           main] trationDelegate$BeanPostProcessorChecker : Bean 'org.springframework.boot.autoconfigure.jdbc.metadata.DataSourcePoolMetadataProvidersConfiguration$HikariPoolDataSourceMetadataProviderConfiguration' of type [org.springframework.boot.autoconfigure.jdbc.metadata.DataSourcePoolMetadataProvidersConfiguration$HikariPoolDataSourceMetadataProviderConfiguration] is not eligible for getting processed by all BeanPostProcessors (for example: not eligible for auto-proxying)
2026-02-16 19:11:13.943  INFO 27686 --- [           main] trationDelegate$BeanPostProcessorChecker : Bean 'hikariPoolDataSourceMetadataProvider' of type [org.springframework.boot.autoconfigure.jdbc.metadata.DataSourcePoolMetadataProvidersConfiguration$HikariPoolDataSourceMetadataProviderConfiguration$$Lambda$510/0x0000000800438040] is not eligible for getting processed by all BeanPostProcessors (for example: not eligible for auto-proxying)
2026-02-16 19:11:13.948  INFO 27686 --- [           main] trationDelegate$BeanPostProcessorChecker : Bean 'org.springframework.boot.autoconfigure.orm.jpa.HibernateJpaConfiguration' of type [org.springframework.boot.autoconfigure.orm.jpa.HibernateJpaConfiguration] is not eligible for getting processed by all BeanPostProcessors (for example: not eligible for auto-proxying)
2026-02-16 19:11:13.968  INFO 27686 --- [           main] trationDelegate$BeanPostProcessorChecker : Bean 'jpaVendorAdapter' of type [org.springframework.orm.jpa.vendor.HibernateJpaVendorAdapter] is not eligible for getting processed by all BeanPostProcessors (for example: not eligible for auto-proxying)
2026-02-16 19:11:13.973  INFO 27686 --- [           main] trationDelegate$BeanPostProcessorChecker : Bean 'entityManagerFactoryBuilder' of type [org.springframework.boot.orm.jpa.EntityManagerFactoryBuilder] is not eligible for getting processed by all BeanPostProcessors (for example: not eligible for auto-proxying)
2026-02-16 19:11:14.058  INFO 27686 --- [           main] o.hibernate.jpa.internal.util.LogHelper  : HHH000204: Processing PersistenceUnitInfo [name: default]
2026-02-16 19:11:14.206  INFO 27686 --- [           main] org.hibernate.Version                    : HHH000412: Hibernate ORM core version 5.6.15.Final
2026-02-16 19:11:14.666  INFO 27686 --- [           main] o.hibernate.annotations.common.Version   : HCANN000001: Hibernate Commons Annotations {5.1.2.Final}
2026-02-16 19:11:14.978  INFO 27686 --- [           main] com.zaxxer.hikari.HikariDataSource       : HikariPool-1 - Starting...
2026-02-16 19:11:15.525  INFO 27686 --- [           main] com.zaxxer.hikari.HikariDataSource       : HikariPool-1 - Start completed.
2026-02-16 19:11:15.568  INFO 27686 --- [           main] org.hibernate.dialect.Dialect            : HHH000400: Using dialect: org.hibernate.dialect.H2Dialect
2026-02-16 19:11:18.399  INFO 27686 --- [           main] o.h.e.t.j.p.i.JtaPlatformInitiator       : HHH000490: Using JtaPlatform implementation: [org.hibernate.engine.transaction.jta.platform.internal.NoJtaPlatform]
2026-02-16 19:11:18.436  INFO 27686 --- [           main] j.LocalContainerEntityManagerFactoryBean : Initialized JPA EntityManagerFactory for persistence unit 'default'
2026-02-16 19:11:18.442  INFO 27686 --- [           main] trationDelegate$BeanPostProcessorChecker : Bean 'entityManagerFactory' of type [org.springframework.orm.jpa.LocalContainerEntityManagerFactoryBean] is not eligible for getting processed by all BeanPostProcessors (for example: not eligible for auto-proxying)
2026-02-16 19:11:18.443  INFO 27686 --- [           main] trationDelegate$BeanPostProcessorChecker : Bean 'entityManagerFactory' of type [com.sun.proxy.$Proxy131] is not eligible for getting processed by all BeanPostProcessors (for example: not eligible for auto-proxying)
2026-02-16 19:11:18.501  INFO 27686 --- [           main] trationDelegate$BeanPostProcessorChecker : Bean '(inner bean)#599e4d41' of type [com.sun.proxy.$Proxy132] is not eligible for getting processed by all BeanPostProcessors (for example: not eligible for auto-proxying)
2026-02-16 19:11:18.545  INFO 27686 --- [           main] trationDelegate$BeanPostProcessorChecker : Bean 'jpaMappingContext' of type [org.springframework.data.jpa.repository.config.JpaMetamodelMappingContextFactoryBean] is not eligible for getting processed by all BeanPostProcessors (for example: not eligible for auto-proxying)
2026-02-16 19:11:18.546  INFO 27686 --- [           main] trationDelegate$BeanPostProcessorChecker : Bean 'jpaMappingContext' of type [org.springframework.data.jpa.mapping.JpaMetamodelMappingContext] is not eligible for getting processed by all BeanPostProcessors (for example: not eligible for auto-proxying)
2026-02-16 19:11:19.694  INFO 27686 --- [           main] trationDelegate$BeanPostProcessorChecker : Bean 'userRepository' of type [org.springframework.data.jpa.repository.support.JpaRepositoryFactoryBean] is not eligible for getting processed by all BeanPostProcessors (for example: not eligible for auto-proxying)
2026-02-16 19:11:19.712  INFO 27686 --- [           main] trationDelegate$BeanPostProcessorChecker : Bean 'userRepository' of type [com.sun.proxy.$Proxy137] is not eligible for getting processed by all BeanPostProcessors (for example: not eligible for auto-proxying)
2026-02-16 19:11:19.738  INFO 27686 --- [           main] trationDelegate$BeanPostProcessorChecker : Bean '(inner bean)#308be1a3' of type [org.springframework.beans.factory.config.PropertiesFactoryBean] is not eligible for getting processed by all BeanPostProcessors (for example: not eligible for auto-proxying)
2026-02-16 19:11:19.739  INFO 27686 --- [           main] trationDelegate$BeanPostProcessorChecker : Bean '(inner bean)#308be1a3' of type [java.util.Properties] is not eligible for getting processed by all BeanPostProcessors (for example: not eligible for auto-proxying)
2026-02-16 19:11:19.740  INFO 27686 --- [           main] trationDelegate$BeanPostProcessorChecker : Bean '(inner bean)#66fff42f' of type [org.springframework.data.repository.core.support.PropertiesBasedNamedQueries] is not eligible for getting processed by all BeanPostProcessors (for example: not eligible for auto-proxying)
2026-02-16 19:11:19.741  INFO 27686 --- [           main] trationDelegate$BeanPostProcessorChecker : Bean '(inner bean)#78e50fca' of type [org.springframework.data.repository.core.support.RepositoryFragmentsFactoryBean] is not eligible for getting processed by all BeanPostProcessors (for example: not eligible for auto-proxying)
2026-02-16 19:11:19.742  INFO 27686 --- [           main] trationDelegate$BeanPostProcessorChecker : Bean '(inner bean)#78e50fca' of type [org.springframework.data.repository.core.support.RepositoryComposition$RepositoryFragments] is not eligible for getting processed by all BeanPostProcessors (for example: not eligible for auto-proxying)
2026-02-16 19:11:19.755  INFO 27686 --- [           main] trationDelegate$BeanPostProcessorChecker : Bean '(inner bean)#2ae7c1d' of type [com.sun.proxy.$Proxy132] is not eligible for getting processed by all BeanPostProcessors (for example: not eligible for auto-proxying)
2026-02-16 19:11:19.980  INFO 27686 --- [           main] trationDelegate$BeanPostProcessorChecker : Bean 'permissionRepository' of type [org.springframework.data.jpa.repository.support.JpaRepositoryFactoryBean] is not eligible for getting processed by all BeanPostProcessors (for example: not eligible for auto-proxying)
2026-02-16 19:11:19.980  INFO 27686 --- [           main] trationDelegate$BeanPostProcessorChecker : Bean 'permissionRepository' of type [com.sun.proxy.$Proxy139] is not eligible for getting processed by all BeanPostProcessors (for example: not eligible for auto-proxying)
2026-02-16 19:11:19.981  INFO 27686 --- [           main] trationDelegate$BeanPostProcessorChecker : Bean 'permissionServiceImpl' of type [com.casavida.backend.services.impl.PermissionServiceImpl] is not eligible for getting processed by all BeanPostProcessors (for example: not eligible for auto-proxying)
2026-02-16 19:11:20.036  INFO 27686 --- [           main] trationDelegate$BeanPostProcessorChecker : Bean 'customPermissionEvaluator' of type [com.casavida.backend.security.CustomPermissionEvaluator] is not eligible for getting processed by all BeanPostProcessors (for example: not eligible for auto-proxying)
2026-02-16 19:11:20.037  INFO 27686 --- [           main] trationDelegate$BeanPostProcessorChecker : Bean 'methodSecurityConfig' of type [com.casavida.backend.security.MethodSecurityConfig$$EnhancerBySpringCGLIB$$7b785b05] is not eligible for getting processed by all BeanPostProcessors (for example: not eligible for auto-proxying)
2026-02-16 19:11:21.854  INFO 27686 --- [           main] o.s.b.w.embedded.tomcat.TomcatWebServer  : Tomcat initialized with port(s): 8084 (http)
2026-02-16 19:11:21.934  INFO 27686 --- [           main] o.apache.catalina.core.StandardService   : Starting service [Tomcat]
2026-02-16 19:11:21.935  INFO 27686 --- [           main] org.apache.catalina.core.StandardEngine  : Starting Servlet engine: [Apache Tomcat/9.0.83]
2026-02-16 19:11:23.252  INFO 27686 --- [           main] o.a.c.c.C.[Tomcat].[localhost].[/]       : Initializing Spring embedded WebApplicationContext
2026-02-16 19:11:23.253  INFO 27686 --- [           main] w.s.c.ServletWebServerApplicationContext : Root WebApplicationContext: initialization completed in 12427 ms
2026-02-16 19:11:23.633  INFO 27686 --- [           main] o.s.b.a.h2.H2ConsoleAutoConfiguration    : H2 console available at '/h2-console'. Database available at 'jdbc:h2:file:./data/casavida'
2026-02-16 19:11:24.268 DEBUG 27686 --- [           main] o.springframework.web.filter.CorsFilter  : Filter 'corsFilter' configured for use
--- FraccionamientoController INSTANTIATED ---
--- LoteController INSTANTIATED ---
2026-02-16 19:11:33.992  WARN 27686 --- [           main] JpaBaseConfiguration$JpaWebConfiguration : spring.jpa.open-in-view is enabled by default. Therefore, database queries may be performed during view rendering. Explicitly configure spring.jpa.open-in-view to disable this warning
2026-02-16 19:11:35.363 DEBUG 27686 --- [           main] s.w.s.m.m.a.RequestMappingHandlerMapping : 83 mappings in 'requestMappingHandlerMapping'
2026-02-16 19:11:39.448 DEBUG 27686 --- [           main] o.s.w.s.handler.SimpleUrlHandlerMapping  : Patterns [/webjars/**, /**, /swagger-ui*/*swagger-initializer.js, /swagger-ui*/**] in 'resourceHandlerMapping'
2026-02-16 19:11:39.544  INFO 27686 --- [           main] o.s.s.web.DefaultSecurityFilterChain     : Will secure any request with [org.springframework.security.web.session.DisableEncodeUrlFilter@1f2d0ca2, org.springframework.security.web.context.request.async.WebAsyncManagerIntegrationFilter@e353e1d, org.springframework.security.web.context.SecurityContextPersistenceFilter@47d4468a, org.springframework.security.web.header.HeaderWriterFilter@e0f2686, org.springframework.web.filter.CorsFilter@1a1c308b, org.springframework.security.web.authentication.logout.LogoutFilter@278cbf5a, com.casavida.backend.security.jwt.AuthTokenFilter@5216532a, org.springframework.security.web.savedrequest.RequestCacheAwareFilter@3ec98000, org.springframework.security.web.servletapi.SecurityContextHolderAwareRequestFilter@3e563293, org.springframework.security.web.authentication.AnonymousAuthenticationFilter@d4dbb34, org.springframework.security.web.session.SessionManagementFilter@594fcb22, org.springframework.security.web.access.ExceptionTranslationFilter@5862ab28, org.springframework.security.web.access.intercept.FilterSecurityInterceptor@3dfaa1e4]
2026-02-16 19:11:39.931 DEBUG 27686 --- [           main] s.w.s.m.m.a.RequestMappingHandlerAdapter : ControllerAdvice beans: 0 @ModelAttribute, 0 @InitBinder, 1 RequestBodyAdvice, 1 ResponseBodyAdvice
2026-02-16 19:11:40.273 DEBUG 27686 --- [           main] .m.m.a.ExceptionHandlerExceptionResolver : ControllerAdvice beans: 3 @ExceptionHandler, 1 ResponseBodyAdvice
2026-02-16 19:11:41.532  WARN 27686 --- [           main] ConfigServletWebServerApplicationContext : Exception encountered during context initialization - cancelling refresh attempt: org.springframework.beans.factory.BeanCreationException: Error creating bean with name 'dataSourceScriptDatabaseInitializer' defined in class path resource [org/springframework/boot/autoconfigure/sql/init/DataSourceInitializationConfiguration.class]: Invocation of init method failed; nested exception is org.springframework.jdbc.datasource.init.ScriptStatementFailedException: Failed to execute SQL script statement #50 of URL [file:/Users/franivan/Documents/ProyectosWeb/CasaVida/backend/target/classes/data.sql]: INSERT INTO actions (id, name, display_name, description, created_at) VALUES (1, 'VIEW', 'Ver', 'Visualizar información', CURRENT_TIMESTAMP), (2, 'CREATE', 'Crear', 'Crear nuevos registros', CURRENT_TIMESTAMP), (3, 'EDIT', 'Editar', 'Modificar registros existentes', CURRENT_TIMESTAMP), (4, 'DELETE', 'Eliminar', 'Eliminar registros', CURRENT_TIMESTAMP), (5, 'APPROVE', 'Aprobar', 'Validar/Aprobar registros', CURRENT_TIMESTAMP), (6, 'EXPORT', 'Exportar', 'Exportar datos a archivos', CURRENT_TIMESTAMP); nested exception is org.h2.jdbc.JdbcSQLIntegrityConstraintViolationException: Unique index or primary key violation: "PRIMARY KEY ON PUBLIC.ACTIONS(ID) ( /* key:0 */ CAST(1 AS BIGINT), TIMESTAMP '2026-02-16 19:10:30.052657', U&'Visualizar informaci\\00f3n', 'Ver', 'VIEW')"; SQL statement:
INSERT INTO actions (id, name, display_name, description, created_at) VALUES (1, 'VIEW', 'Ver', 'Visualizar información', CURRENT_TIMESTAMP), (2, 'CREATE', 'Crear', 'Crear nuevos registros', CURRENT_TIMESTAMP), (3, 'EDIT', 'Editar', 'Modificar registros existentes', CURRENT_TIMESTAMP), (4, 'DELETE', 'Eliminar', 'Eliminar registros', CURRENT_TIMESTAMP), (5, 'APPROVE', 'Aprobar', 'Validar/Aprobar registros', CURRENT_TIMESTAMP), (6, 'EXPORT', 'Exportar', 'Exportar datos a archivos', CURRENT_TIMESTAMP) [23505-214]
2026-02-16 19:11:41.570  INFO 27686 --- [           main] j.LocalContainerEntityManagerFactoryBean : Closing JPA EntityManagerFactory for persistence unit 'default'
2026-02-16 19:11:41.628  INFO 27686 --- [           main] com.zaxxer.hikari.HikariDataSource       : HikariPool-1 - Shutdown initiated...
2026-02-16 19:11:41.644  INFO 27686 --- [           main] com.zaxxer.hikari.HikariDataSource       : HikariPool-1 - Shutdown completed.
2026-02-16 19:11:41.649  INFO 27686 --- [           main] o.apache.catalina.core.StandardService   : Stopping service [Tomcat]
2026-02-16 19:11:41.769  INFO 27686 --- [           main] ConditionEvaluationReportLoggingListener : 

Error starting ApplicationContext. To display the conditions report re-run your application with 'debug' enabled.
2026-02-16 19:11:42.036 ERROR 27686 --- [           main] o.s.boot.SpringApplication               : Application run failed

org.springframework.beans.factory.BeanCreationException: Error creating bean with name 'dataSourceScriptDatabaseInitializer' defined in class path resource [org/springframework/boot/autoconfigure/sql/init/DataSourceInitializationConfiguration.class]: Invocation of init method failed; nested exception is org.springframework.jdbc.datasource.init.ScriptStatementFailedException: Failed to execute SQL script statement #50 of URL [file:/Users/franivan/Documents/ProyectosWeb/CasaVida/backend/target/classes/data.sql]: INSERT INTO actions (id, name, display_name, description, created_at) VALUES (1, 'VIEW', 'Ver', 'Visualizar información', CURRENT_TIMESTAMP), (2, 'CREATE', 'Crear', 'Crear nuevos registros', CURRENT_TIMESTAMP), (3, 'EDIT', 'Editar', 'Modificar registros existentes', CURRENT_TIMESTAMP), (4, 'DELETE', 'Eliminar', 'Eliminar registros', CURRENT_TIMESTAMP), (5, 'APPROVE', 'Aprobar', 'Validar/Aprobar registros', CURRENT_TIMESTAMP), (6, 'EXPORT', 'Exportar', 'Exportar datos a archivos', CURRENT_TIMESTAMP); nested exception is org.h2.jdbc.JdbcSQLIntegrityConstraintViolationException: Unique index or primary key violation: "PRIMARY KEY ON PUBLIC.ACTIONS(ID) ( /* key:0 */ CAST(1 AS BIGINT), TIMESTAMP '2026-02-16 19:10:30.052657', U&'Visualizar informaci\\00f3n', 'Ver', 'VIEW')"; SQL statement:
INSERT INTO actions (id, name, display_name, description, created_at) VALUES (1, 'VIEW', 'Ver', 'Visualizar información', CURRENT_TIMESTAMP), (2, 'CREATE', 'Crear', 'Crear nuevos registros', CURRENT_TIMESTAMP), (3, 'EDIT', 'Editar', 'Modificar registros existentes', CURRENT_TIMESTAMP), (4, 'DELETE', 'Eliminar', 'Eliminar registros', CURRENT_TIMESTAMP), (5, 'APPROVE', 'Aprobar', 'Validar/Aprobar registros', CURRENT_TIMESTAMP), (6, 'EXPORT', 'Exportar', 'Exportar datos a archivos', CURRENT_TIMESTAMP) [23505-214]
	at org.springframework.beans.factory.support.AbstractAutowireCapableBeanFactory.initializeBean(AbstractAutowireCapableBeanFactory.java:1804) ~[spring-beans-5.3.31.jar:5.3.31]
	at org.springframework.beans.factory.support.AbstractAutowireCapableBeanFactory.doCreateBean(AbstractAutowireCapableBeanFactory.java:620) ~[spring-beans-5.3.31.jar:5.3.31]
	at org.springframework.beans.factory.support.AbstractAutowireCapableBeanFactory.createBean(AbstractAutowireCapableBeanFactory.java:542) ~[spring-beans-5.3.31.jar:5.3.31]
	at org.springframework.beans.factory.support.AbstractBeanFactory.lambda$doGetBean$0(AbstractBeanFactory.java:335) ~[spring-beans-5.3.31.jar:5.3.31]
	at org.springframework.beans.factory.support.DefaultSingletonBeanRegistry.getSingleton(DefaultSingletonBeanRegistry.java:234) ~[spring-beans-5.3.31.jar:5.3.31]
	at org.springframework.beans.factory.support.AbstractBeanFactory.doGetBean(AbstractBeanFactory.java:333) ~[spring-beans-5.3.31.jar:5.3.31]
	at org.springframework.beans.factory.support.AbstractBeanFactory.getBean(AbstractBeanFactory.java:208) ~[spring-beans-5.3.31.jar:5.3.31]
	at org.springframework.beans.factory.support.AbstractBeanFactory.doGetBean(AbstractBeanFactory.java:322) ~[spring-beans-5.3.31.jar:5.3.31]
	at org.springframework.beans.factory.support.AbstractBeanFactory.getBean(AbstractBeanFactory.java:208) ~[spring-beans-5.3.31.jar:5.3.31]
	at org.springframework.beans.factory.support.DefaultListableBeanFactory.preInstantiateSingletons(DefaultListableBeanFactory.java:955) ~[spring-beans-5.3.31.jar:5.3.31]
	at org.springframework.context.support.AbstractApplicationContext.finishBeanFactoryInitialization(AbstractApplicationContext.java:929) ~[spring-context-5.3.31.jar:5.3.31]
	at org.springframework.context.support.AbstractApplicationContext.refresh(AbstractApplicationContext.java:591) ~[spring-context-5.3.31.jar:5.3.31]
	at org.springframework.boot.web.servlet.context.ServletWebServerApplicationContext.refresh(ServletWebServerApplicationContext.java:147) ~[spring-boot-2.7.18.jar:2.7.18]
	at org.springframework.boot.SpringApplication.refresh(SpringApplication.java:732) ~[spring-boot-2.7.18.jar:2.7.18]
	at org.springframework.boot.SpringApplication.refreshContext(SpringApplication.java:409) ~[spring-boot-2.7.18.jar:2.7.18]
	at org.springframework.boot.SpringApplication.run(SpringApplication.java:308) ~[spring-boot-2.7.18.jar:2.7.18]
	at org.springframework.boot.SpringApplication.run(SpringApplication.java:1300) ~[spring-boot-2.7.18.jar:2.7.18]
	at org.springframework.boot.SpringApplication.run(SpringApplication.java:1289) ~[spring-boot-2.7.18.jar:2.7.18]
	at com.casavida.backend.BackendApplication.main(BackendApplication.java:10) ~[classes/:na]
Caused by: org.springframework.jdbc.datasource.init.ScriptStatementFailedException: Failed to execute SQL script statement #50 of URL [file:/Users/franivan/Documents/ProyectosWeb/CasaVida/backend/target/classes/data.sql]: INSERT INTO actions (id, name, display_name, description, created_at) VALUES (1, 'VIEW', 'Ver', 'Visualizar información', CURRENT_TIMESTAMP), (2, 'CREATE', 'Crear', 'Crear nuevos registros', CURRENT_TIMESTAMP), (3, 'EDIT', 'Editar', 'Modificar registros existentes', CURRENT_TIMESTAMP), (4, 'DELETE', 'Eliminar', 'Eliminar registros', CURRENT_TIMESTAMP), (5, 'APPROVE', 'Aprobar', 'Validar/Aprobar registros', CURRENT_TIMESTAMP), (6, 'EXPORT', 'Exportar', 'Exportar datos a archivos', CURRENT_TIMESTAMP); nested exception is org.h2.jdbc.JdbcSQLIntegrityConstraintViolationException: Unique index or primary key violation: "PRIMARY KEY ON PUBLIC.ACTIONS(ID) ( /* key:0 */ CAST(1 AS BIGINT), TIMESTAMP '2026-02-16 19:10:30.052657', U&'Visualizar informaci\\00f3n', 'Ver', 'VIEW')"; SQL statement:
INSERT INTO actions (id, name, display_name, description, created_at) VALUES (1, 'VIEW', 'Ver', 'Visualizar información', CURRENT_TIMESTAMP), (2, 'CREATE', 'Crear', 'Crear nuevos registros', CURRENT_TIMESTAMP), (3, 'EDIT', 'Editar', 'Modificar registros existentes', CURRENT_TIMESTAMP), (4, 'DELETE', 'Eliminar', 'Eliminar registros', CURRENT_TIMESTAMP), (5, 'APPROVE', 'Aprobar', 'Validar/Aprobar registros', CURRENT_TIMESTAMP), (6, 'EXPORT', 'Exportar', 'Exportar datos a archivos', CURRENT_TIMESTAMP) [23505-214]
	at org.springframework.jdbc.datasource.init.ScriptUtils.executeSqlScript(ScriptUtils.java:282) ~[spring-jdbc-5.3.31.jar:5.3.31]
	at org.springframework.jdbc.datasource.init.ResourceDatabasePopulator.populate(ResourceDatabasePopulator.java:254) ~[spring-jdbc-5.3.31.jar:5.3.31]
	at org.springframework.jdbc.datasource.init.DatabasePopulatorUtils.execute(DatabasePopulatorUtils.java:54) ~[spring-jdbc-5.3.31.jar:5.3.31]
	at org.springframework.boot.jdbc.init.DataSourceScriptDatabaseInitializer.runScripts(DataSourceScriptDatabaseInitializer.java:90) ~[spring-boot-2.7.18.jar:2.7.18]
	at org.springframework.boot.sql.init.AbstractScriptDatabaseInitializer.runScripts(AbstractScriptDatabaseInitializer.java:145) ~[spring-boot-2.7.18.jar:2.7.18]
	at org.springframework.boot.sql.init.AbstractScriptDatabaseInitializer.applyScripts(AbstractScriptDatabaseInitializer.java:107) ~[spring-boot-2.7.18.jar:2.7.18]
	at org.springframework.boot.sql.init.AbstractScriptDatabaseInitializer.applyDataScripts(AbstractScriptDatabaseInitializer.java:101) ~[spring-boot-2.7.18.jar:2.7.18]
	at org.springframework.boot.sql.init.AbstractScriptDatabaseInitializer.initializeDatabase(AbstractScriptDatabaseInitializer.java:76) ~[spring-boot-2.7.18.jar:2.7.18]
	at org.springframework.boot.sql.init.AbstractScriptDatabaseInitializer.afterPropertiesSet(AbstractScriptDatabaseInitializer.java:65) ~[spring-boot-2.7.18.jar:2.7.18]
	at org.springframework.beans.factory.support.AbstractAutowireCapableBeanFactory.invokeInitMethods(AbstractAutowireCapableBeanFactory.java:1863) ~[spring-beans-5.3.31.jar:5.3.31]
	at org.springframework.beans.factory.support.AbstractAutowireCapableBeanFactory.initializeBean(AbstractAutowireCapableBeanFactory.java:1800) ~[spring-beans-5.3.31.jar:5.3.31]
	... 18 common frames omitted
Caused by: org.h2.jdbc.JdbcSQLIntegrityConstraintViolationException: Unique index or primary key violation: "PRIMARY KEY ON PUBLIC.ACTIONS(ID) ( /* key:0 */ CAST(1 AS BIGINT), TIMESTAMP '2026-02-16 19:10:30.052657', U&'Visualizar informaci\\00f3n', 'Ver', 'VIEW')"; SQL statement:
INSERT INTO actions (id, name, display_name, description, created_at) VALUES (1, 'VIEW', 'Ver', 'Visualizar información', CURRENT_TIMESTAMP), (2, 'CREATE', 'Crear', 'Crear nuevos registros', CURRENT_TIMESTAMP), (3, 'EDIT', 'Editar', 'Modificar registros existentes', CURRENT_TIMESTAMP), (4, 'DELETE', 'Eliminar', 'Eliminar registros', CURRENT_TIMESTAMP), (5, 'APPROVE', 'Aprobar', 'Validar/Aprobar registros', CURRENT_TIMESTAMP), (6, 'EXPORT', 'Exportar', 'Exportar datos a archivos', CURRENT_TIMESTAMP) [23505-214]
	at org.h2.message.DbException.getJdbcSQLException(DbException.java:508) ~[h2-2.1.214.jar:2.1.214]
	at org.h2.message.DbException.getJdbcSQLException(DbException.java:477) ~[h2-2.1.214.jar:2.1.214]
	at org.h2.message.DbException.get(DbException.java:223) ~[h2-2.1.214.jar:2.1.214]
	at org.h2.message.DbException.get(DbException.java:199) ~[h2-2.1.214.jar:2.1.214]
	at org.h2.mvstore.db.MVPrimaryIndex.add(MVPrimaryIndex.java:120) ~[h2-2.1.214.jar:2.1.214]
	at org.h2.mvstore.db.MVTable.addRow(MVTable.java:519) ~[h2-2.1.214.jar:2.1.214]
	at org.h2.command.dml.Insert.insertRows(Insert.java:174) ~[h2-2.1.214.jar:2.1.214]
	at org.h2.command.dml.Insert.update(Insert.java:135) ~[h2-2.1.214.jar:2.1.214]
	at org.h2.command.dml.DataChangeStatement.update(DataChangeStatement.java:74) ~[h2-2.1.214.jar:2.1.214]
	at org.h2.command.CommandContainer.update(CommandContainer.java:169) ~[h2-2.1.214.jar:2.1.214]
	at org.h2.command.Command.executeUpdate(Command.java:252) ~[h2-2.1.214.jar:2.1.214]
	at org.h2.jdbc.JdbcStatement.executeInternal(JdbcStatement.java:252) ~[h2-2.1.214.jar:2.1.214]
	at org.h2.jdbc.JdbcStatement.execute(JdbcStatement.java:223) ~[h2-2.1.214.jar:2.1.214]
	at com.zaxxer.hikari.pool.ProxyStatement.execute(ProxyStatement.java:94) ~[HikariCP-4.0.3.jar:na]
	at com.zaxxer.hikari.pool.HikariProxyStatement.execute(HikariProxyStatement.java) ~[HikariCP-4.0.3.jar:na]
	at org.springframework.jdbc.datasource.init.ScriptUtils.executeSqlScript(ScriptUtils.java:261) ~[spring-jdbc-5.3.31.jar:5.3.31]
	... 28 common frames omitted

[INFO] ------------------------------------------------------------------------
[INFO] BUILD FAILURE
[INFO] ------------------------------------------------------------------------
[INFO] Total time:  43.064 s
[INFO] Finished at: 2026-02-16T19:11:42-06:00
[INFO] ------------------------------------------------------------------------
[ERROR] Failed to execute goal org.springframework.boot:spring-boot-maven-plugin:2.7.18:run (default-cli) on project backend: Application finished with exit code: 1 -> [Help 1]
[ERROR] 
[ERROR] To see the full stack trace of the errors, re-run Maven with the -e switch.
[ERROR] Re-run Maven using the -X switch to enable full debug logging.
[ERROR] 
[ERROR] For more information about the errors and possible solutions, please read the following articles:
[ERROR] [Help 1] http://cwiki.apache.org/confluence/display/MAVEN/MojoExecutionException
