[INFO] Scanning for projects...
[INFO] 
[INFO] ------------------------< com.casavida:backend >------------------------
[INFO] Building backend 0.0.1-SNAPSHOT
[INFO]   from pom.xml
[INFO] --------------------------------[ jar ]---------------------------------
[INFO] 
[INFO] >>> spring-boot:2.7.18:run (default-cli) > test-compile @ backend >>>
[INFO] 
[INFO] --- resources:3.2.0:resources (default-resources) @ backend ---
[INFO] Using 'UTF-8' encoding to copy filtered resources.
[INFO] Using 'UTF-8' encoding to copy filtered properties files.
[INFO] Copying 1 resource
[INFO] Copying 5 resources
[INFO] 
[INFO] --- compiler:3.13.0:compile (default-compile) @ backend ---
[INFO] Nothing to compile - all classes are up to date.
[INFO] 
[INFO] --- resources:3.2.0:testResources (default-testResources) @ backend ---
[INFO] Using 'UTF-8' encoding to copy filtered resources.
[INFO] Using 'UTF-8' encoding to copy filtered properties files.
[INFO] skip non existing resourceDirectory /Users/franivan/Documents/ProyectosWeb/CasaVida/backend/src/test/resources
[INFO] 
[INFO] --- compiler:3.13.0:testCompile (default-testCompile) @ backend ---
[INFO] Nothing to compile - all classes are up to date.
[INFO] 
[INFO] <<< spring-boot:2.7.18:run (default-cli) < test-compile @ backend <<<
[INFO] 
[INFO] 
[INFO] --- spring-boot:2.7.18:run (default-cli) @ backend ---
[INFO] Attaching agents: []

  .   ____          _            __ _ _
 /\\ / ___'_ __ _ _(_)_ __  __ _ \ \ \ \
( ( )\___ | '_ | '_| | '_ \/ _` | \ \ \ \
 \\/  ___)| |_)| | | | | || (_| |  ) ) ) )
  '  |____| .__|_| |_|_| |_\__, | / / / /
 =========|_|==============|___/=/_/_/_/
 :: Spring Boot ::               (v2.7.18)

2026-02-16 19:12:59.215  INFO 27778 --- [           main] com.casavida.backend.BackendApplication  : Starting BackendApplication using Java 11.0.17 on Frans-MacBook-Air.local with PID 27778 (/Users/franivan/Documents/ProyectosWeb/CasaVida/backend/target/classes started by franivan in /Users/franivan/Documents/ProyectosWeb/CasaVida/backend)
2026-02-16 19:12:59.233  INFO 27778 --- [           main] com.casavida.backend.BackendApplication  : No active profile set, falling back to 1 default profile: "default"
2026-02-16 19:13:01.111  INFO 27778 --- [           main] .s.d.r.c.RepositoryConfigurationDelegate : Bootstrapping Spring Data JPA repositories in DEFAULT mode.
2026-02-16 19:13:01.324  INFO 27778 --- [           main] .s.d.r.c.RepositoryConfigurationDelegate : Finished Spring Data repository scanning in 193 ms. Found 12 JPA repository interfaces.
2026-02-16 19:13:02.061  INFO 27778 --- [           main] trationDelegate$BeanPostProcessorChecker : Bean '(inner bean)#467b684d' of type [org.springframework.beans.factory.config.PropertiesFactoryBean] is not eligible for getting processed by all BeanPostProcessors (for example: not eligible for auto-proxying)
2026-02-16 19:13:02.062  INFO 27778 --- [           main] trationDelegate$BeanPostProcessorChecker : Bean '(inner bean)#467b684d' of type [java.util.Properties] is not eligible for getting processed by all BeanPostProcessors (for example: not eligible for auto-proxying)
2026-02-16 19:13:02.063  INFO 27778 --- [           main] trationDelegate$BeanPostProcessorChecker : Bean '(inner bean)#524a076e' of type [org.springframework.data.repository.core.support.PropertiesBasedNamedQueries] is not eligible for getting processed by all BeanPostProcessors (for example: not eligible for auto-proxying)
2026-02-16 19:13:02.067  INFO 27778 --- [           main] trationDelegate$BeanPostProcessorChecker : Bean '(inner bean)#4b65d9f4' of type [org.springframework.data.repository.core.support.RepositoryFragmentsFactoryBean] is not eligible for getting processed by all BeanPostProcessors (for example: not eligible for auto-proxying)
2026-02-16 19:13:02.068  INFO 27778 --- [           main] trationDelegate$BeanPostProcessorChecker : Bean '(inner bean)#4b65d9f4' of type [org.springframework.data.repository.core.support.RepositoryComposition$RepositoryFragments] is not eligible for getting processed by all BeanPostProcessors (for example: not eligible for auto-proxying)
2026-02-16 19:13:02.078  INFO 27778 --- [           main] trationDelegate$BeanPostProcessorChecker : Bean 'org.springframework.boot.autoconfigure.jdbc.DataSourceConfiguration$Hikari' of type [org.springframework.boot.autoconfigure.jdbc.DataSourceConfiguration$Hikari] is not eligible for getting processed by all BeanPostProcessors (for example: not eligible for auto-proxying)
2026-02-16 19:13:02.107  INFO 27778 --- [           main] trationDelegate$BeanPostProcessorChecker : Bean 'spring.datasource-org.springframework.boot.autoconfigure.jdbc.DataSourceProperties' of type [org.springframework.boot.autoconfigure.jdbc.DataSourceProperties] is not eligible for getting processed by all BeanPostProcessors (for example: not eligible for auto-proxying)
2026-02-16 19:13:02.128  INFO 27778 --- [           main] trationDelegate$BeanPostProcessorChecker : Bean 'dataSource' of type [com.zaxxer.hikari.HikariDataSource] is not eligible for getting processed by all BeanPostProcessors (for example: not eligible for auto-proxying)
2026-02-16 19:13:02.136  INFO 27778 --- [           main] trationDelegate$BeanPostProcessorChecker : Bean 'spring.jpa-org.springframework.boot.autoconfigure.orm.jpa.JpaProperties' of type [org.springframework.boot.autoconfigure.orm.jpa.JpaProperties] is not eligible for getting processed by all BeanPostProcessors (for example: not eligible for auto-proxying)
2026-02-16 19:13:02.139  INFO 27778 --- [           main] trationDelegate$BeanPostProcessorChecker : Bean 'spring.jpa.hibernate-org.springframework.boot.autoconfigure.orm.jpa.HibernateProperties' of type [org.springframework.boot.autoconfigure.orm.jpa.HibernateProperties] is not eligible for getting processed by all BeanPostProcessors (for example: not eligible for auto-proxying)
2026-02-16 19:13:02.142  INFO 27778 --- [           main] trationDelegate$BeanPostProcessorChecker : Bean 'org.springframework.boot.autoconfigure.jdbc.metadata.DataSourcePoolMetadataProvidersConfiguration$HikariPoolDataSourceMetadataProviderConfiguration' of type [org.springframework.boot.autoconfigure.jdbc.metadata.DataSourcePoolMetadataProvidersConfiguration$HikariPoolDataSourceMetadataProviderConfiguration] is not eligible for getting processed by all BeanPostProcessors (for example: not eligible for auto-proxying)
2026-02-16 19:13:02.143  INFO 27778 --- [           main] trationDelegate$BeanPostProcessorChecker : Bean 'hikariPoolDataSourceMetadataProvider' of type [org.springframework.boot.autoconfigure.jdbc.metadata.DataSourcePoolMetadataProvidersConfiguration$HikariPoolDataSourceMetadataProviderConfiguration$$Lambda$510/0x0000000800438040] is not eligible for getting processed by all BeanPostProcessors (for example: not eligible for auto-proxying)
2026-02-16 19:13:02.149  INFO 27778 --- [           main] trationDelegate$BeanPostProcessorChecker : Bean 'org.springframework.boot.autoconfigure.orm.jpa.HibernateJpaConfiguration' of type [org.springframework.boot.autoconfigure.orm.jpa.HibernateJpaConfiguration] is not eligible for getting processed by all BeanPostProcessors (for example: not eligible for auto-proxying)
2026-02-16 19:13:02.169  INFO 27778 --- [           main] trationDelegate$BeanPostProcessorChecker : Bean 'jpaVendorAdapter' of type [org.springframework.orm.jpa.vendor.HibernateJpaVendorAdapter] is not eligible for getting processed by all BeanPostProcessors (for example: not eligible for auto-proxying)
2026-02-16 19:13:02.174  INFO 27778 --- [           main] trationDelegate$BeanPostProcessorChecker : Bean 'entityManagerFactoryBuilder' of type [org.springframework.boot.orm.jpa.EntityManagerFactoryBuilder] is not eligible for getting processed by all BeanPostProcessors (for example: not eligible for auto-proxying)
2026-02-16 19:13:02.259  INFO 27778 --- [           main] o.hibernate.jpa.internal.util.LogHelper  : HHH000204: Processing PersistenceUnitInfo [name: default]
2026-02-16 19:13:02.430  INFO 27778 --- [           main] org.hibernate.Version                    : HHH000412: Hibernate ORM core version 5.6.15.Final
2026-02-16 19:13:02.919  INFO 27778 --- [           main] o.hibernate.annotations.common.Version   : HCANN000001: Hibernate Commons Annotations {5.1.2.Final}
2026-02-16 19:13:03.199  INFO 27778 --- [           main] com.zaxxer.hikari.HikariDataSource       : HikariPool-1 - Starting...
2026-02-16 19:13:03.708  INFO 27778 --- [           main] com.zaxxer.hikari.HikariDataSource       : HikariPool-1 - Start completed.
2026-02-16 19:13:03.770  INFO 27778 --- [           main] org.hibernate.dialect.Dialect            : HHH000400: Using dialect: org.hibernate.dialect.H2Dialect
2026-02-16 19:13:05.657  INFO 27778 --- [           main] o.h.e.t.j.p.i.JtaPlatformInitiator       : HHH000490: Using JtaPlatform implementation: [org.hibernate.engine.transaction.jta.platform.internal.NoJtaPlatform]
2026-02-16 19:13:05.683  INFO 27778 --- [           main] j.LocalContainerEntityManagerFactoryBean : Initialized JPA EntityManagerFactory for persistence unit 'default'
2026-02-16 19:13:05.688  INFO 27778 --- [           main] trationDelegate$BeanPostProcessorChecker : Bean 'entityManagerFactory' of type [org.springframework.orm.jpa.LocalContainerEntityManagerFactoryBean] is not eligible for getting processed by all BeanPostProcessors (for example: not eligible for auto-proxying)
2026-02-16 19:13:05.689  INFO 27778 --- [           main] trationDelegate$BeanPostProcessorChecker : Bean 'entityManagerFactory' of type [com.sun.proxy.$Proxy131] is not eligible for getting processed by all BeanPostProcessors (for example: not eligible for auto-proxying)
2026-02-16 19:13:05.747  INFO 27778 --- [           main] trationDelegate$BeanPostProcessorChecker : Bean '(inner bean)#59cda16e' of type [com.sun.proxy.$Proxy132] is not eligible for getting processed by all BeanPostProcessors (for example: not eligible for auto-proxying)
2026-02-16 19:13:05.789  INFO 27778 --- [           main] trationDelegate$BeanPostProcessorChecker : Bean 'jpaMappingContext' of type [org.springframework.data.jpa.repository.config.JpaMetamodelMappingContextFactoryBean] is not eligible for getting processed by all BeanPostProcessors (for example: not eligible for auto-proxying)
2026-02-16 19:13:05.790  INFO 27778 --- [           main] trationDelegate$BeanPostProcessorChecker : Bean 'jpaMappingContext' of type [org.springframework.data.jpa.mapping.JpaMetamodelMappingContext] is not eligible for getting processed by all BeanPostProcessors (for example: not eligible for auto-proxying)
2026-02-16 19:13:06.589  INFO 27778 --- [           main] trationDelegate$BeanPostProcessorChecker : Bean 'userRepository' of type [org.springframework.data.jpa.repository.support.JpaRepositoryFactoryBean] is not eligible for getting processed by all BeanPostProcessors (for example: not eligible for auto-proxying)
2026-02-16 19:13:06.590  INFO 27778 --- [           main] trationDelegate$BeanPostProcessorChecker : Bean 'userRepository' of type [com.sun.proxy.$Proxy137] is not eligible for getting processed by all BeanPostProcessors (for example: not eligible for auto-proxying)
2026-02-16 19:13:06.595  INFO 27778 --- [           main] trationDelegate$BeanPostProcessorChecker : Bean '(inner bean)#5af4328e' of type [org.springframework.beans.factory.config.PropertiesFactoryBean] is not eligible for getting processed by all BeanPostProcessors (for example: not eligible for auto-proxying)
2026-02-16 19:13:06.595  INFO 27778 --- [           main] trationDelegate$BeanPostProcessorChecker : Bean '(inner bean)#5af4328e' of type [java.util.Properties] is not eligible for getting processed by all BeanPostProcessors (for example: not eligible for auto-proxying)
2026-02-16 19:13:06.596  INFO 27778 --- [           main] trationDelegate$BeanPostProcessorChecker : Bean '(inner bean)#5265a8dd' of type [org.springframework.data.repository.core.support.PropertiesBasedNamedQueries] is not eligible for getting processed by all BeanPostProcessors (for example: not eligible for auto-proxying)
2026-02-16 19:13:06.596  INFO 27778 --- [           main] trationDelegate$BeanPostProcessorChecker : Bean '(inner bean)#75adb1c0' of type [org.springframework.data.repository.core.support.RepositoryFragmentsFactoryBean] is not eligible for getting processed by all BeanPostProcessors (for example: not eligible for auto-proxying)
2026-02-16 19:13:06.597  INFO 27778 --- [           main] trationDelegate$BeanPostProcessorChecker : Bean '(inner bean)#75adb1c0' of type [org.springframework.data.repository.core.support.RepositoryComposition$RepositoryFragments] is not eligible for getting processed by all BeanPostProcessors (for example: not eligible for auto-proxying)
2026-02-16 19:13:06.598  INFO 27778 --- [           main] trationDelegate$BeanPostProcessorChecker : Bean '(inner bean)#40d370fa' of type [com.sun.proxy.$Proxy132] is not eligible for getting processed by all BeanPostProcessors (for example: not eligible for auto-proxying)
2026-02-16 19:13:06.672  INFO 27778 --- [           main] trationDelegate$BeanPostProcessorChecker : Bean 'permissionRepository' of type [org.springframework.data.jpa.repository.support.JpaRepositoryFactoryBean] is not eligible for getting processed by all BeanPostProcessors (for example: not eligible for auto-proxying)
2026-02-16 19:13:06.673  INFO 27778 --- [           main] trationDelegate$BeanPostProcessorChecker : Bean 'permissionRepository' of type [com.sun.proxy.$Proxy139] is not eligible for getting processed by all BeanPostProcessors (for example: not eligible for auto-proxying)
2026-02-16 19:13:06.673  INFO 27778 --- [           main] trationDelegate$BeanPostProcessorChecker : Bean 'permissionServiceImpl' of type [com.casavida.backend.services.impl.PermissionServiceImpl] is not eligible for getting processed by all BeanPostProcessors (for example: not eligible for auto-proxying)
2026-02-16 19:13:06.721  INFO 27778 --- [           main] trationDelegate$BeanPostProcessorChecker : Bean 'customPermissionEvaluator' of type [com.casavida.backend.security.CustomPermissionEvaluator] is not eligible for getting processed by all BeanPostProcessors (for example: not eligible for auto-proxying)
2026-02-16 19:13:06.721  INFO 27778 --- [           main] trationDelegate$BeanPostProcessorChecker : Bean 'methodSecurityConfig' of type [com.casavida.backend.security.MethodSecurityConfig$$EnhancerBySpringCGLIB$$16494fe9] is not eligible for getting processed by all BeanPostProcessors (for example: not eligible for auto-proxying)
2026-02-16 19:13:07.277  INFO 27778 --- [           main] o.s.b.w.embedded.tomcat.TomcatWebServer  : Tomcat initialized with port(s): 8084 (http)
2026-02-16 19:13:07.300  INFO 27778 --- [           main] o.apache.catalina.core.StandardService   : Starting service [Tomcat]
2026-02-16 19:13:07.300  INFO 27778 --- [           main] org.apache.catalina.core.StandardEngine  : Starting Servlet engine: [Apache Tomcat/9.0.83]
2026-02-16 19:13:07.482  INFO 27778 --- [           main] o.a.c.c.C.[Tomcat].[localhost].[/]       : Initializing Spring embedded WebApplicationContext
2026-02-16 19:13:07.482  INFO 27778 --- [           main] w.s.c.ServletWebServerApplicationContext : Root WebApplicationContext: initialization completed in 8148 ms
2026-02-16 19:13:07.554  INFO 27778 --- [           main] o.s.b.a.h2.H2ConsoleAutoConfiguration    : H2 console available at '/h2-console'. Database available at 'jdbc:h2:file:./data/casavida'
2026-02-16 19:13:07.666 DEBUG 27778 --- [           main] o.springframework.web.filter.CorsFilter  : Filter 'corsFilter' configured for use
--- FraccionamientoController INSTANTIATED ---
--- LoteController INSTANTIATED ---
2026-02-16 19:13:09.013  WARN 27778 --- [           main] JpaBaseConfiguration$JpaWebConfiguration : spring.jpa.open-in-view is enabled by default. Therefore, database queries may be performed during view rendering. Explicitly configure spring.jpa.open-in-view to disable this warning
2026-02-16 19:13:09.236 DEBUG 27778 --- [           main] s.w.s.m.m.a.RequestMappingHandlerMapping : 83 mappings in 'requestMappingHandlerMapping'
2026-02-16 19:13:10.199 DEBUG 27778 --- [           main] o.s.w.s.handler.SimpleUrlHandlerMapping  : Patterns [/webjars/**, /**, /swagger-ui*/*swagger-initializer.js, /swagger-ui*/**] in 'resourceHandlerMapping'
2026-02-16 19:13:10.238  INFO 27778 --- [           main] o.s.s.web.DefaultSecurityFilterChain     : Will secure any request with [org.springframework.security.web.session.DisableEncodeUrlFilter@7af2ee23, org.springframework.security.web.context.request.async.WebAsyncManagerIntegrationFilter@5d10e2b6, org.springframework.security.web.context.SecurityContextPersistenceFilter@47d4468a, org.springframework.security.web.header.HeaderWriterFilter@e0f2686, org.springframework.web.filter.CorsFilter@267309f7, org.springframework.security.web.authentication.logout.LogoutFilter@278cbf5a, com.casavida.backend.security.jwt.AuthTokenFilter@2ba0b95f, org.springframework.security.web.savedrequest.RequestCacheAwareFilter@3ec98000, org.springframework.security.web.servletapi.SecurityContextHolderAwareRequestFilter@3e563293, org.springframework.security.web.authentication.AnonymousAuthenticationFilter@46878216, org.springframework.security.web.session.SessionManagementFilter@594fcb22, org.springframework.security.web.access.ExceptionTranslationFilter@5862ab28, org.springframework.security.web.access.intercept.FilterSecurityInterceptor@2db75e32]
2026-02-16 19:13:10.369 DEBUG 27778 --- [           main] s.w.s.m.m.a.RequestMappingHandlerAdapter : ControllerAdvice beans: 0 @ModelAttribute, 0 @InitBinder, 1 RequestBodyAdvice, 1 ResponseBodyAdvice
2026-02-16 19:13:10.441 DEBUG 27778 --- [           main] .m.m.a.ExceptionHandlerExceptionResolver : ControllerAdvice beans: 3 @ExceptionHandler, 1 ResponseBodyAdvice
2026-02-16 19:13:10.724  WARN 27778 --- [           main] ConfigServletWebServerApplicationContext : Exception encountered during context initialization - cancelling refresh attempt: org.springframework.beans.factory.BeanCreationException: Error creating bean with name 'dataSourceScriptDatabaseInitializer' defined in class path resource [org/springframework/boot/autoconfigure/sql/init/DataSourceInitializationConfiguration.class]: Invocation of init method failed; nested exception is org.springframework.jdbc.datasource.init.ScriptStatementFailedException: Failed to execute SQL script statement #64 of URL [file:/Users/franivan/Documents/ProyectosWeb/CasaVida/backend/target/classes/data.sql]: INSERT INTO role_permissions (role_id, permission_id, granted_at, granted_by) VALUES (2, 1, CURRENT_TIMESTAMP, 'SYSTEM'), (2, 2, CURRENT_TIMESTAMP, 'SYSTEM'), (2, 3, CURRENT_TIMESTAMP, 'SYSTEM'), (2, 4, CURRENT_TIMESTAMP, 'SYSTEM'), (2, 5, CURRENT_TIMESTAMP, 'SYSTEM'), (2, 6, CURRENT_TIMESTAMP, 'SYSTEM'), (2, 7, CURRENT_TIMESTAMP, 'SYSTEM'), (2, 8, CURRENT_TIMESTAMP, 'SYSTEM'), (2, 9, CURRENT_TIMESTAMP, 'SYSTEM'), (2, 10, CURRENT_TIMESTAMP, 'SYSTEM'), (2, 11, CURRENT_TIMESTAMP, 'SYSTEM'), (2, 12, CURRENT_TIMESTAMP, 'SYSTEM'), (2, 13, CURRENT_TIMESTAMP, 'SYSTEM'), (2, 14, CURRENT_TIMESTAMP, 'SYSTEM'), (2, 15, CURRENT_TIMESTAMP, 'SYSTEM'), (2, 16, CURRENT_TIMESTAMP, 'SYSTEM'), (2, 17, CURRENT_TIMESTAMP, 'SYSTEM'), (2, 18, CURRENT_TIMESTAMP, 'SYSTEM'), (2, 19, CURRENT_TIMESTAMP, 'SYSTEM'), (2, 20, CURRENT_TIMESTAMP, 'SYSTEM'), (2, 21, CURRENT_TIMESTAMP, 'SYSTEM'), (2, 22, CURRENT_TIMESTAMP, 'SYSTEM'), (2, 23, CURRENT_TIMESTAMP, 'SYSTEM'), (2, 24, CURRENT_TIMESTAMP, 'SYSTEM'), (2, 25, CURRENT_TIMESTAMP, 'SYSTEM'), (2, 26, CURRENT_TIMESTAMP, 'SYSTEM'), (3, 1, CURRENT_TIMESTAMP, 'SYSTEM'), (3, 2, CURRENT_TIMESTAMP, 'SYSTEM'), (3, 4, CURRENT_TIMESTAMP, 'SYSTEM'), (3, 5, CURRENT_TIMESTAMP, 'SYSTEM'), (3, 7, CURRENT_TIMESTAMP, 'SYSTEM'), (3, 11, CURRENT_TIMESTAMP, 'SYSTEM'), (3, 15, CURRENT_TIMESTAMP, 'SYSTEM'), (3, 16, CURRENT_TIMESTAMP, 'SYSTEM'), (3, 18, CURRENT_TIMESTAMP, 'SYSTEM'), (3, 24, CURRENT_TIMESTAMP, 'SYSTEM'), (3, 25, CURRENT_TIMESTAMP, 'SYSTEM'), (4, 1, CURRENT_TIMESTAMP, 'SYSTEM'), (4, 2, CURRENT_TIMESTAMP, 'SYSTEM'), (4, 4, CURRENT_TIMESTAMP, 'SYSTEM'), (4, 5, CURRENT_TIMESTAMP, 'SYSTEM'), (4, 7, CURRENT_TIMESTAMP, 'SYSTEM'), (4, 11, CURRENT_TIMESTAMP, 'SYSTEM'), (4, 15, CURRENT_TIMESTAMP, 'SYSTEM'), (4, 16, CURRENT_TIMESTAMP, 'SYSTEM'), (4, 24, CURRENT_TIMESTAMP, 'SYSTEM'), (5, 1, CURRENT_TIMESTAMP, 'SYSTEM'), (5, 2, CURRENT_TIMESTAMP, 'SYSTEM'), (5, 3, CURRENT_TIMESTAMP, 'SYSTEM'), (5, 4, CURRENT_TIMESTAMP, 'SYSTEM'), (5, 7, CURRENT_TIMESTAMP, 'SYSTEM'), (5, 11, CURRENT_TIMESTAMP, 'SYSTEM'), (5, 15, CURRENT_TIMESTAMP, 'SYSTEM'), (5, 18, CURRENT_TIMESTAMP, 'SYSTEM'), (5, 19, CURRENT_TIMESTAMP, 'SYSTEM'); nested exception is org.h2.jdbc.JdbcSQLIntegrityConstraintViolationException: Referential integrity constraint violation: "FKEGDK29EIY7MDTEFY5C7EIRR6E: PUBLIC.ROLE_PERMISSIONS FOREIGN KEY(PERMISSION_ID) REFERENCES PUBLIC.PERMISSIONS(ID) (CAST(26 AS BIGINT))"; SQL statement:
INSERT INTO role_permissions (role_id, permission_id, granted_at, granted_by) VALUES (2, 1, CURRENT_TIMESTAMP, 'SYSTEM'), (2, 2, CURRENT_TIMESTAMP, 'SYSTEM'), (2, 3, CURRENT_TIMESTAMP, 'SYSTEM'), (2, 4, CURRENT_TIMESTAMP, 'SYSTEM'), (2, 5, CURRENT_TIMESTAMP, 'SYSTEM'), (2, 6, CURRENT_TIMESTAMP, 'SYSTEM'), (2, 7, CURRENT_TIMESTAMP, 'SYSTEM'), (2, 8, CURRENT_TIMESTAMP, 'SYSTEM'), (2, 9, CURRENT_TIMESTAMP, 'SYSTEM'), (2, 10, CURRENT_TIMESTAMP, 'SYSTEM'), (2, 11, CURRENT_TIMESTAMP, 'SYSTEM'), (2, 12, CURRENT_TIMESTAMP, 'SYSTEM'), (2, 13, CURRENT_TIMESTAMP, 'SYSTEM'), (2, 14, CURRENT_TIMESTAMP, 'SYSTEM'), (2, 15, CURRENT_TIMESTAMP, 'SYSTEM'), (2, 16, CURRENT_TIMESTAMP, 'SYSTEM'), (2, 17, CURRENT_TIMESTAMP, 'SYSTEM'), (2, 18, CURRENT_TIMESTAMP, 'SYSTEM'), (2, 19, CURRENT_TIMESTAMP, 'SYSTEM'), (2, 20, CURRENT_TIMESTAMP, 'SYSTEM'), (2, 21, CURRENT_TIMESTAMP, 'SYSTEM'), (2, 22, CURRENT_TIMESTAMP, 'SYSTEM'), (2, 23, CURRENT_TIMESTAMP, 'SYSTEM'), (2, 24, CURRENT_TIMESTAMP, 'SYSTEM'), (2, 25, CURRENT_TIMESTAMP, 'SYSTEM'), (2, 26, CURRENT_TIMESTAMP, 'SYSTEM'), (3, 1, CURRENT_TIMESTAMP, 'SYSTEM'), (3, 2, CURRENT_TIMESTAMP, 'SYSTEM'), (3, 4, CURRENT_TIMESTAMP, 'SYSTEM'), (3, 5, CURRENT_TIMESTAMP, 'SYSTEM'), (3, 7, CURRENT_TIMESTAMP, 'SYSTEM'), (3, 11, CURRENT_TIMESTAMP, 'SYSTEM'), (3, 15, CURRENT_TIMESTAMP, 'SYSTEM'), (3, 16, CURRENT_TIMESTAMP, 'SYSTEM'), (3, 18, CURRENT_TIMESTAMP, 'SYSTEM'), (3, 24, CURRENT_TIMESTAMP, 'SYSTEM'), (3, 25, CURRENT_TIMESTAMP, 'SYSTEM'), (4, 1, CURRENT_TIMESTAMP, 'SYSTEM'), (4, 2, CURRENT_TIMESTAMP, 'SYSTEM'), (4, 4, CURRENT_TIMESTAMP, 'SYSTEM'), (4, 5, CURRENT_TIMESTAMP, 'SYSTEM'), (4, 7, CURRENT_TIMESTAMP, 'SYSTEM'), (4, 11, CURRENT_TIMESTAMP, 'SYSTEM'), (4, 15, CURRENT_TIMESTAMP, 'SYSTEM'), (4, 16, CURRENT_TIMESTAMP, 'SYSTEM'), (4, 24, CURRENT_TIMESTAMP, 'SYSTEM'), (5, 1, CURRENT_TIMESTAMP, 'SYSTEM'), (5, 2, CURRENT_TIMESTAMP, 'SYSTEM'), (5, 3, CURRENT_TIMESTAMP, 'SYSTEM'), (5, 4, CURRENT_TIMESTAMP, 'SYSTEM'), (5, 7, CURRENT_TIMESTAMP, 'SYSTEM'), (5, 11, CURRENT_TIMESTAMP, 'SYSTEM'), (5, 15, CURRENT_TIMESTAMP, 'SYSTEM'), (5, 18, CURRENT_TIMESTAMP, 'SYSTEM'), (5, 19, CURRENT_TIMESTAMP, 'SYSTEM') [23506-214]
2026-02-16 19:13:10.731  INFO 27778 --- [           main] j.LocalContainerEntityManagerFactoryBean : Closing JPA EntityManagerFactory for persistence unit 'default'
2026-02-16 19:13:10.734  INFO 27778 --- [           main] com.zaxxer.hikari.HikariDataSource       : HikariPool-1 - Shutdown initiated...
2026-02-16 19:13:10.739  INFO 27778 --- [           main] com.zaxxer.hikari.HikariDataSource       : HikariPool-1 - Shutdown completed.
2026-02-16 19:13:10.741  INFO 27778 --- [           main] o.apache.catalina.core.StandardService   : Stopping service [Tomcat]
2026-02-16 19:13:10.759  INFO 27778 --- [           main] ConditionEvaluationReportLoggingListener : 

Error starting ApplicationContext. To display the conditions report re-run your application with 'debug' enabled.
2026-02-16 19:13:10.836 ERROR 27778 --- [           main] o.s.boot.SpringApplication               : Application run failed

org.springframework.beans.factory.BeanCreationException: Error creating bean with name 'dataSourceScriptDatabaseInitializer' defined in class path resource [org/springframework/boot/autoconfigure/sql/init/DataSourceInitializationConfiguration.class]: Invocation of init method failed; nested exception is org.springframework.jdbc.datasource.init.ScriptStatementFailedException: Failed to execute SQL script statement #64 of URL [file:/Users/franivan/Documents/ProyectosWeb/CasaVida/backend/target/classes/data.sql]: INSERT INTO role_permissions (role_id, permission_id, granted_at, granted_by) VALUES (2, 1, CURRENT_TIMESTAMP, 'SYSTEM'), (2, 2, CURRENT_TIMESTAMP, 'SYSTEM'), (2, 3, CURRENT_TIMESTAMP, 'SYSTEM'), (2, 4, CURRENT_TIMESTAMP, 'SYSTEM'), (2, 5, CURRENT_TIMESTAMP, 'SYSTEM'), (2, 6, CURRENT_TIMESTAMP, 'SYSTEM'), (2, 7, CURRENT_TIMESTAMP, 'SYSTEM'), (2, 8, CURRENT_TIMESTAMP, 'SYSTEM'), (2, 9, CURRENT_TIMESTAMP, 'SYSTEM'), (2, 10, CURRENT_TIMESTAMP, 'SYSTEM'), (2, 11, CURRENT_TIMESTAMP, 'SYSTEM'), (2, 12, CURRENT_TIMESTAMP, 'SYSTEM'), (2, 13, CURRENT_TIMESTAMP, 'SYSTEM'), (2, 14, CURRENT_TIMESTAMP, 'SYSTEM'), (2, 15, CURRENT_TIMESTAMP, 'SYSTEM'), (2, 16, CURRENT_TIMESTAMP, 'SYSTEM'), (2, 17, CURRENT_TIMESTAMP, 'SYSTEM'), (2, 18, CURRENT_TIMESTAMP, 'SYSTEM'), (2, 19, CURRENT_TIMESTAMP, 'SYSTEM'), (2, 20, CURRENT_TIMESTAMP, 'SYSTEM'), (2, 21, CURRENT_TIMESTAMP, 'SYSTEM'), (2, 22, CURRENT_TIMESTAMP, 'SYSTEM'), (2, 23, CURRENT_TIMESTAMP, 'SYSTEM'), (2, 24, CURRENT_TIMESTAMP, 'SYSTEM'), (2, 25, CURRENT_TIMESTAMP, 'SYSTEM'), (2, 26, CURRENT_TIMESTAMP, 'SYSTEM'), (3, 1, CURRENT_TIMESTAMP, 'SYSTEM'), (3, 2, CURRENT_TIMESTAMP, 'SYSTEM'), (3, 4, CURRENT_TIMESTAMP, 'SYSTEM'), (3, 5, CURRENT_TIMESTAMP, 'SYSTEM'), (3, 7, CURRENT_TIMESTAMP, 'SYSTEM'), (3, 11, CURRENT_TIMESTAMP, 'SYSTEM'), (3, 15, CURRENT_TIMESTAMP, 'SYSTEM'), (3, 16, CURRENT_TIMESTAMP, 'SYSTEM'), (3, 18, CURRENT_TIMESTAMP, 'SYSTEM'), (3, 24, CURRENT_TIMESTAMP, 'SYSTEM'), (3, 25, CURRENT_TIMESTAMP, 'SYSTEM'), (4, 1, CURRENT_TIMESTAMP, 'SYSTEM'), (4, 2, CURRENT_TIMESTAMP, 'SYSTEM'), (4, 4, CURRENT_TIMESTAMP, 'SYSTEM'), (4, 5, CURRENT_TIMESTAMP, 'SYSTEM'), (4, 7, CURRENT_TIMESTAMP, 'SYSTEM'), (4, 11, CURRENT_TIMESTAMP, 'SYSTEM'), (4, 15, CURRENT_TIMESTAMP, 'SYSTEM'), (4, 16, CURRENT_TIMESTAMP, 'SYSTEM'), (4, 24, CURRENT_TIMESTAMP, 'SYSTEM'), (5, 1, CURRENT_TIMESTAMP, 'SYSTEM'), (5, 2, CURRENT_TIMESTAMP, 'SYSTEM'), (5, 3, CURRENT_TIMESTAMP, 'SYSTEM'), (5, 4, CURRENT_TIMESTAMP, 'SYSTEM'), (5, 7, CURRENT_TIMESTAMP, 'SYSTEM'), (5, 11, CURRENT_TIMESTAMP, 'SYSTEM'), (5, 15, CURRENT_TIMESTAMP, 'SYSTEM'), (5, 18, CURRENT_TIMESTAMP, 'SYSTEM'), (5, 19, CURRENT_TIMESTAMP, 'SYSTEM'); nested exception is org.h2.jdbc.JdbcSQLIntegrityConstraintViolationException: Referential integrity constraint violation: "FKEGDK29EIY7MDTEFY5C7EIRR6E: PUBLIC.ROLE_PERMISSIONS FOREIGN KEY(PERMISSION_ID) REFERENCES PUBLIC.PERMISSIONS(ID) (CAST(26 AS BIGINT))"; SQL statement:
INSERT INTO role_permissions (role_id, permission_id, granted_at, granted_by) VALUES (2, 1, CURRENT_TIMESTAMP, 'SYSTEM'), (2, 2, CURRENT_TIMESTAMP, 'SYSTEM'), (2, 3, CURRENT_TIMESTAMP, 'SYSTEM'), (2, 4, CURRENT_TIMESTAMP, 'SYSTEM'), (2, 5, CURRENT_TIMESTAMP, 'SYSTEM'), (2, 6, CURRENT_TIMESTAMP, 'SYSTEM'), (2, 7, CURRENT_TIMESTAMP, 'SYSTEM'), (2, 8, CURRENT_TIMESTAMP, 'SYSTEM'), (2, 9, CURRENT_TIMESTAMP, 'SYSTEM'), (2, 10, CURRENT_TIMESTAMP, 'SYSTEM'), (2, 11, CURRENT_TIMESTAMP, 'SYSTEM'), (2, 12, CURRENT_TIMESTAMP, 'SYSTEM'), (2, 13, CURRENT_TIMESTAMP, 'SYSTEM'), (2, 14, CURRENT_TIMESTAMP, 'SYSTEM'), (2, 15, CURRENT_TIMESTAMP, 'SYSTEM'), (2, 16, CURRENT_TIMESTAMP, 'SYSTEM'), (2, 17, CURRENT_TIMESTAMP, 'SYSTEM'), (2, 18, CURRENT_TIMESTAMP, 'SYSTEM'), (2, 19, CURRENT_TIMESTAMP, 'SYSTEM'), (2, 20, CURRENT_TIMESTAMP, 'SYSTEM'), (2, 21, CURRENT_TIMESTAMP, 'SYSTEM'), (2, 22, CURRENT_TIMESTAMP, 'SYSTEM'), (2, 23, CURRENT_TIMESTAMP, 'SYSTEM'), (2, 24, CURRENT_TIMESTAMP, 'SYSTEM'), (2, 25, CURRENT_TIMESTAMP, 'SYSTEM'), (2, 26, CURRENT_TIMESTAMP, 'SYSTEM'), (3, 1, CURRENT_TIMESTAMP, 'SYSTEM'), (3, 2, CURRENT_TIMESTAMP, 'SYSTEM'), (3, 4, CURRENT_TIMESTAMP, 'SYSTEM'), (3, 5, CURRENT_TIMESTAMP, 'SYSTEM'), (3, 7, CURRENT_TIMESTAMP, 'SYSTEM'), (3, 11, CURRENT_TIMESTAMP, 'SYSTEM'), (3, 15, CURRENT_TIMESTAMP, 'SYSTEM'), (3, 16, CURRENT_TIMESTAMP, 'SYSTEM'), (3, 18, CURRENT_TIMESTAMP, 'SYSTEM'), (3, 24, CURRENT_TIMESTAMP, 'SYSTEM'), (3, 25, CURRENT_TIMESTAMP, 'SYSTEM'), (4, 1, CURRENT_TIMESTAMP, 'SYSTEM'), (4, 2, CURRENT_TIMESTAMP, 'SYSTEM'), (4, 4, CURRENT_TIMESTAMP, 'SYSTEM'), (4, 5, CURRENT_TIMESTAMP, 'SYSTEM'), (4, 7, CURRENT_TIMESTAMP, 'SYSTEM'), (4, 11, CURRENT_TIMESTAMP, 'SYSTEM'), (4, 15, CURRENT_TIMESTAMP, 'SYSTEM'), (4, 16, CURRENT_TIMESTAMP, 'SYSTEM'), (4, 24, CURRENT_TIMESTAMP, 'SYSTEM'), (5, 1, CURRENT_TIMESTAMP, 'SYSTEM'), (5, 2, CURRENT_TIMESTAMP, 'SYSTEM'), (5, 3, CURRENT_TIMESTAMP, 'SYSTEM'), (5, 4, CURRENT_TIMESTAMP, 'SYSTEM'), (5, 7, CURRENT_TIMESTAMP, 'SYSTEM'), (5, 11, CURRENT_TIMESTAMP, 'SYSTEM'), (5, 15, CURRENT_TIMESTAMP, 'SYSTEM'), (5, 18, CURRENT_TIMESTAMP, 'SYSTEM'), (5, 19, CURRENT_TIMESTAMP, 'SYSTEM') [23506-214]
	at org.springframework.beans.factory.support.AbstractAutowireCapableBeanFactory.initializeBean(AbstractAutowireCapableBeanFactory.java:1804) ~[spring-beans-5.3.31.jar:5.3.31]
	at org.springframework.beans.factory.support.AbstractAutowireCapableBeanFactory.doCreateBean(AbstractAutowireCapableBeanFactory.java:620) ~[spring-beans-5.3.31.jar:5.3.31]
	at org.springframework.beans.factory.support.AbstractAutowireCapableBeanFactory.createBean(AbstractAutowireCapableBeanFactory.java:542) ~[spring-beans-5.3.31.jar:5.3.31]
	at org.springframework.beans.factory.support.AbstractBeanFactory.lambda$doGetBean$0(AbstractBeanFactory.java:335) ~[spring-beans-5.3.31.jar:5.3.31]
	at org.springframework.beans.factory.support.DefaultSingletonBeanRegistry.getSingleton(DefaultSingletonBeanRegistry.java:234) ~[spring-beans-5.3.31.jar:5.3.31]
	at org.springframework.beans.factory.support.AbstractBeanFactory.doGetBean(AbstractBeanFactory.java:333) ~[spring-beans-5.3.31.jar:5.3.31]
	at org.springframework.beans.factory.support.AbstractBeanFactory.getBean(AbstractBeanFactory.java:208) ~[spring-beans-5.3.31.jar:5.3.31]
	at org.springframework.beans.factory.support.AbstractBeanFactory.doGetBean(AbstractBeanFactory.java:322) ~[spring-beans-5.3.31.jar:5.3.31]
	at org.springframework.beans.factory.support.AbstractBeanFactory.getBean(AbstractBeanFactory.java:208) ~[spring-beans-5.3.31.jar:5.3.31]
	at org.springframework.beans.factory.support.DefaultListableBeanFactory.preInstantiateSingletons(DefaultListableBeanFactory.java:955) ~[spring-beans-5.3.31.jar:5.3.31]
	at org.springframework.context.support.AbstractApplicationContext.finishBeanFactoryInitialization(AbstractApplicationContext.java:929) ~[spring-context-5.3.31.jar:5.3.31]
	at org.springframework.context.support.AbstractApplicationContext.refresh(AbstractApplicationContext.java:591) ~[spring-context-5.3.31.jar:5.3.31]
	at org.springframework.boot.web.servlet.context.ServletWebServerApplicationContext.refresh(ServletWebServerApplicationContext.java:147) ~[spring-boot-2.7.18.jar:2.7.18]
	at org.springframework.boot.SpringApplication.refresh(SpringApplication.java:732) ~[spring-boot-2.7.18.jar:2.7.18]
	at org.springframework.boot.SpringApplication.refreshContext(SpringApplication.java:409) ~[spring-boot-2.7.18.jar:2.7.18]
	at org.springframework.boot.SpringApplication.run(SpringApplication.java:308) ~[spring-boot-2.7.18.jar:2.7.18]
	at org.springframework.boot.SpringApplication.run(SpringApplication.java:1300) ~[spring-boot-2.7.18.jar:2.7.18]
	at org.springframework.boot.SpringApplication.run(SpringApplication.java:1289) ~[spring-boot-2.7.18.jar:2.7.18]
	at com.casavida.backend.BackendApplication.main(BackendApplication.java:10) ~[classes/:na]
Caused by: org.springframework.jdbc.datasource.init.ScriptStatementFailedException: Failed to execute SQL script statement #64 of URL [file:/Users/franivan/Documents/ProyectosWeb/CasaVida/backend/target/classes/data.sql]: INSERT INTO role_permissions (role_id, permission_id, granted_at, granted_by) VALUES (2, 1, CURRENT_TIMESTAMP, 'SYSTEM'), (2, 2, CURRENT_TIMESTAMP, 'SYSTEM'), (2, 3, CURRENT_TIMESTAMP, 'SYSTEM'), (2, 4, CURRENT_TIMESTAMP, 'SYSTEM'), (2, 5, CURRENT_TIMESTAMP, 'SYSTEM'), (2, 6, CURRENT_TIMESTAMP, 'SYSTEM'), (2, 7, CURRENT_TIMESTAMP, 'SYSTEM'), (2, 8, CURRENT_TIMESTAMP, 'SYSTEM'), (2, 9, CURRENT_TIMESTAMP, 'SYSTEM'), (2, 10, CURRENT_TIMESTAMP, 'SYSTEM'), (2, 11, CURRENT_TIMESTAMP, 'SYSTEM'), (2, 12, CURRENT_TIMESTAMP, 'SYSTEM'), (2, 13, CURRENT_TIMESTAMP, 'SYSTEM'), (2, 14, CURRENT_TIMESTAMP, 'SYSTEM'), (2, 15, CURRENT_TIMESTAMP, 'SYSTEM'), (2, 16, CURRENT_TIMESTAMP, 'SYSTEM'), (2, 17, CURRENT_TIMESTAMP, 'SYSTEM'), (2, 18, CURRENT_TIMESTAMP, 'SYSTEM'), (2, 19, CURRENT_TIMESTAMP, 'SYSTEM'), (2, 20, CURRENT_TIMESTAMP, 'SYSTEM'), (2, 21, CURRENT_TIMESTAMP, 'SYSTEM'), (2, 22, CURRENT_TIMESTAMP, 'SYSTEM'), (2, 23, CURRENT_TIMESTAMP, 'SYSTEM'), (2, 24, CURRENT_TIMESTAMP, 'SYSTEM'), (2, 25, CURRENT_TIMESTAMP, 'SYSTEM'), (2, 26, CURRENT_TIMESTAMP, 'SYSTEM'), (3, 1, CURRENT_TIMESTAMP, 'SYSTEM'), (3, 2, CURRENT_TIMESTAMP, 'SYSTEM'), (3, 4, CURRENT_TIMESTAMP, 'SYSTEM'), (3, 5, CURRENT_TIMESTAMP, 'SYSTEM'), (3, 7, CURRENT_TIMESTAMP, 'SYSTEM'), (3, 11, CURRENT_TIMESTAMP, 'SYSTEM'), (3, 15, CURRENT_TIMESTAMP, 'SYSTEM'), (3, 16, CURRENT_TIMESTAMP, 'SYSTEM'), (3, 18, CURRENT_TIMESTAMP, 'SYSTEM'), (3, 24, CURRENT_TIMESTAMP, 'SYSTEM'), (3, 25, CURRENT_TIMESTAMP, 'SYSTEM'), (4, 1, CURRENT_TIMESTAMP, 'SYSTEM'), (4, 2, CURRENT_TIMESTAMP, 'SYSTEM'), (4, 4, CURRENT_TIMESTAMP, 'SYSTEM'), (4, 5, CURRENT_TIMESTAMP, 'SYSTEM'), (4, 7, CURRENT_TIMESTAMP, 'SYSTEM'), (4, 11, CURRENT_TIMESTAMP, 'SYSTEM'), (4, 15, CURRENT_TIMESTAMP, 'SYSTEM'), (4, 16, CURRENT_TIMESTAMP, 'SYSTEM'), (4, 24, CURRENT_TIMESTAMP, 'SYSTEM'), (5, 1, CURRENT_TIMESTAMP, 'SYSTEM'), (5, 2, CURRENT_TIMESTAMP, 'SYSTEM'), (5, 3, CURRENT_TIMESTAMP, 'SYSTEM'), (5, 4, CURRENT_TIMESTAMP, 'SYSTEM'), (5, 7, CURRENT_TIMESTAMP, 'SYSTEM'), (5, 11, CURRENT_TIMESTAMP, 'SYSTEM'), (5, 15, CURRENT_TIMESTAMP, 'SYSTEM'), (5, 18, CURRENT_TIMESTAMP, 'SYSTEM'), (5, 19, CURRENT_TIMESTAMP, 'SYSTEM'); nested exception is org.h2.jdbc.JdbcSQLIntegrityConstraintViolationException: Referential integrity constraint violation: "FKEGDK29EIY7MDTEFY5C7EIRR6E: PUBLIC.ROLE_PERMISSIONS FOREIGN KEY(PERMISSION_ID) REFERENCES PUBLIC.PERMISSIONS(ID) (CAST(26 AS BIGINT))"; SQL statement:
INSERT INTO role_permissions (role_id, permission_id, granted_at, granted_by) VALUES (2, 1, CURRENT_TIMESTAMP, 'SYSTEM'), (2, 2, CURRENT_TIMESTAMP, 'SYSTEM'), (2, 3, CURRENT_TIMESTAMP, 'SYSTEM'), (2, 4, CURRENT_TIMESTAMP, 'SYSTEM'), (2, 5, CURRENT_TIMESTAMP, 'SYSTEM'), (2, 6, CURRENT_TIMESTAMP, 'SYSTEM'), (2, 7, CURRENT_TIMESTAMP, 'SYSTEM'), (2, 8, CURRENT_TIMESTAMP, 'SYSTEM'), (2, 9, CURRENT_TIMESTAMP, 'SYSTEM'), (2, 10, CURRENT_TIMESTAMP, 'SYSTEM'), (2, 11, CURRENT_TIMESTAMP, 'SYSTEM'), (2, 12, CURRENT_TIMESTAMP, 'SYSTEM'), (2, 13, CURRENT_TIMESTAMP, 'SYSTEM'), (2, 14, CURRENT_TIMESTAMP, 'SYSTEM'), (2, 15, CURRENT_TIMESTAMP, 'SYSTEM'), (2, 16, CURRENT_TIMESTAMP, 'SYSTEM'), (2, 17, CURRENT_TIMESTAMP, 'SYSTEM'), (2, 18, CURRENT_TIMESTAMP, 'SYSTEM'), (2, 19, CURRENT_TIMESTAMP, 'SYSTEM'), (2, 20, CURRENT_TIMESTAMP, 'SYSTEM'), (2, 21, CURRENT_TIMESTAMP, 'SYSTEM'), (2, 22, CURRENT_TIMESTAMP, 'SYSTEM'), (2, 23, CURRENT_TIMESTAMP, 'SYSTEM'), (2, 24, CURRENT_TIMESTAMP, 'SYSTEM'), (2, 25, CURRENT_TIMESTAMP, 'SYSTEM'), (2, 26, CURRENT_TIMESTAMP, 'SYSTEM'), (3, 1, CURRENT_TIMESTAMP, 'SYSTEM'), (3, 2, CURRENT_TIMESTAMP, 'SYSTEM'), (3, 4, CURRENT_TIMESTAMP, 'SYSTEM'), (3, 5, CURRENT_TIMESTAMP, 'SYSTEM'), (3, 7, CURRENT_TIMESTAMP, 'SYSTEM'), (3, 11, CURRENT_TIMESTAMP, 'SYSTEM'), (3, 15, CURRENT_TIMESTAMP, 'SYSTEM'), (3, 16, CURRENT_TIMESTAMP, 'SYSTEM'), (3, 18, CURRENT_TIMESTAMP, 'SYSTEM'), (3, 24, CURRENT_TIMESTAMP, 'SYSTEM'), (3, 25, CURRENT_TIMESTAMP, 'SYSTEM'), (4, 1, CURRENT_TIMESTAMP, 'SYSTEM'), (4, 2, CURRENT_TIMESTAMP, 'SYSTEM'), (4, 4, CURRENT_TIMESTAMP, 'SYSTEM'), (4, 5, CURRENT_TIMESTAMP, 'SYSTEM'), (4, 7, CURRENT_TIMESTAMP, 'SYSTEM'), (4, 11, CURRENT_TIMESTAMP, 'SYSTEM'), (4, 15, CURRENT_TIMESTAMP, 'SYSTEM'), (4, 16, CURRENT_TIMESTAMP, 'SYSTEM'), (4, 24, CURRENT_TIMESTAMP, 'SYSTEM'), (5, 1, CURRENT_TIMESTAMP, 'SYSTEM'), (5, 2, CURRENT_TIMESTAMP, 'SYSTEM'), (5, 3, CURRENT_TIMESTAMP, 'SYSTEM'), (5, 4, CURRENT_TIMESTAMP, 'SYSTEM'), (5, 7, CURRENT_TIMESTAMP, 'SYSTEM'), (5, 11, CURRENT_TIMESTAMP, 'SYSTEM'), (5, 15, CURRENT_TIMESTAMP, 'SYSTEM'), (5, 18, CURRENT_TIMESTAMP, 'SYSTEM'), (5, 19, CURRENT_TIMESTAMP, 'SYSTEM') [23506-214]
	at org.springframework.jdbc.datasource.init.ScriptUtils.executeSqlScript(ScriptUtils.java:282) ~[spring-jdbc-5.3.31.jar:5.3.31]
	at org.springframework.jdbc.datasource.init.ResourceDatabasePopulator.populate(ResourceDatabasePopulator.java:254) ~[spring-jdbc-5.3.31.jar:5.3.31]
	at org.springframework.jdbc.datasource.init.DatabasePopulatorUtils.execute(DatabasePopulatorUtils.java:54) ~[spring-jdbc-5.3.31.jar:5.3.31]
	at org.springframework.boot.jdbc.init.DataSourceScriptDatabaseInitializer.runScripts(DataSourceScriptDatabaseInitializer.java:90) ~[spring-boot-2.7.18.jar:2.7.18]
	at org.springframework.boot.sql.init.AbstractScriptDatabaseInitializer.runScripts(AbstractScriptDatabaseInitializer.java:145) ~[spring-boot-2.7.18.jar:2.7.18]
	at org.springframework.boot.sql.init.AbstractScriptDatabaseInitializer.applyScripts(AbstractScriptDatabaseInitializer.java:107) ~[spring-boot-2.7.18.jar:2.7.18]
	at org.springframework.boot.sql.init.AbstractScriptDatabaseInitializer.applyDataScripts(AbstractScriptDatabaseInitializer.java:101) ~[spring-boot-2.7.18.jar:2.7.18]
	at org.springframework.boot.sql.init.AbstractScriptDatabaseInitializer.initializeDatabase(AbstractScriptDatabaseInitializer.java:76) ~[spring-boot-2.7.18.jar:2.7.18]
	at org.springframework.boot.sql.init.AbstractScriptDatabaseInitializer.afterPropertiesSet(AbstractScriptDatabaseInitializer.java:65) ~[spring-boot-2.7.18.jar:2.7.18]
	at org.springframework.beans.factory.support.AbstractAutowireCapableBeanFactory.invokeInitMethods(AbstractAutowireCapableBeanFactory.java:1863) ~[spring-beans-5.3.31.jar:5.3.31]
	at org.springframework.beans.factory.support.AbstractAutowireCapableBeanFactory.initializeBean(AbstractAutowireCapableBeanFactory.java:1800) ~[spring-beans-5.3.31.jar:5.3.31]
	... 18 common frames omitted
Caused by: org.h2.jdbc.JdbcSQLIntegrityConstraintViolationException: Referential integrity constraint violation: "FKEGDK29EIY7MDTEFY5C7EIRR6E: PUBLIC.ROLE_PERMISSIONS FOREIGN KEY(PERMISSION_ID) REFERENCES PUBLIC.PERMISSIONS(ID) (CAST(26 AS BIGINT))"; SQL statement:
INSERT INTO role_permissions (role_id, permission_id, granted_at, granted_by) VALUES (2, 1, CURRENT_TIMESTAMP, 'SYSTEM'), (2, 2, CURRENT_TIMESTAMP, 'SYSTEM'), (2, 3, CURRENT_TIMESTAMP, 'SYSTEM'), (2, 4, CURRENT_TIMESTAMP, 'SYSTEM'), (2, 5, CURRENT_TIMESTAMP, 'SYSTEM'), (2, 6, CURRENT_TIMESTAMP, 'SYSTEM'), (2, 7, CURRENT_TIMESTAMP, 'SYSTEM'), (2, 8, CURRENT_TIMESTAMP, 'SYSTEM'), (2, 9, CURRENT_TIMESTAMP, 'SYSTEM'), (2, 10, CURRENT_TIMESTAMP, 'SYSTEM'), (2, 11, CURRENT_TIMESTAMP, 'SYSTEM'), (2, 12, CURRENT_TIMESTAMP, 'SYSTEM'), (2, 13, CURRENT_TIMESTAMP, 'SYSTEM'), (2, 14, CURRENT_TIMESTAMP, 'SYSTEM'), (2, 15, CURRENT_TIMESTAMP, 'SYSTEM'), (2, 16, CURRENT_TIMESTAMP, 'SYSTEM'), (2, 17, CURRENT_TIMESTAMP, 'SYSTEM'), (2, 18, CURRENT_TIMESTAMP, 'SYSTEM'), (2, 19, CURRENT_TIMESTAMP, 'SYSTEM'), (2, 20, CURRENT_TIMESTAMP, 'SYSTEM'), (2, 21, CURRENT_TIMESTAMP, 'SYSTEM'), (2, 22, CURRENT_TIMESTAMP, 'SYSTEM'), (2, 23, CURRENT_TIMESTAMP, 'SYSTEM'), (2, 24, CURRENT_TIMESTAMP, 'SYSTEM'), (2, 25, CURRENT_TIMESTAMP, 'SYSTEM'), (2, 26, CURRENT_TIMESTAMP, 'SYSTEM'), (3, 1, CURRENT_TIMESTAMP, 'SYSTEM'), (3, 2, CURRENT_TIMESTAMP, 'SYSTEM'), (3, 4, CURRENT_TIMESTAMP, 'SYSTEM'), (3, 5, CURRENT_TIMESTAMP, 'SYSTEM'), (3, 7, CURRENT_TIMESTAMP, 'SYSTEM'), (3, 11, CURRENT_TIMESTAMP, 'SYSTEM'), (3, 15, CURRENT_TIMESTAMP, 'SYSTEM'), (3, 16, CURRENT_TIMESTAMP, 'SYSTEM'), (3, 18, CURRENT_TIMESTAMP, 'SYSTEM'), (3, 24, CURRENT_TIMESTAMP, 'SYSTEM'), (3, 25, CURRENT_TIMESTAMP, 'SYSTEM'), (4, 1, CURRENT_TIMESTAMP, 'SYSTEM'), (4, 2, CURRENT_TIMESTAMP, 'SYSTEM'), (4, 4, CURRENT_TIMESTAMP, 'SYSTEM'), (4, 5, CURRENT_TIMESTAMP, 'SYSTEM'), (4, 7, CURRENT_TIMESTAMP, 'SYSTEM'), (4, 11, CURRENT_TIMESTAMP, 'SYSTEM'), (4, 15, CURRENT_TIMESTAMP, 'SYSTEM'), (4, 16, CURRENT_TIMESTAMP, 'SYSTEM'), (4, 24, CURRENT_TIMESTAMP, 'SYSTEM'), (5, 1, CURRENT_TIMESTAMP, 'SYSTEM'), (5, 2, CURRENT_TIMESTAMP, 'SYSTEM'), (5, 3, CURRENT_TIMESTAMP, 'SYSTEM'), (5, 4, CURRENT_TIMESTAMP, 'SYSTEM'), (5, 7, CURRENT_TIMESTAMP, 'SYSTEM'), (5, 11, CURRENT_TIMESTAMP, 'SYSTEM'), (5, 15, CURRENT_TIMESTAMP, 'SYSTEM'), (5, 18, CURRENT_TIMESTAMP, 'SYSTEM'), (5, 19, CURRENT_TIMESTAMP, 'SYSTEM') [23506-214]
	at org.h2.message.DbException.getJdbcSQLException(DbException.java:508) ~[h2-2.1.214.jar:2.1.214]
	at org.h2.message.DbException.getJdbcSQLException(DbException.java:477) ~[h2-2.1.214.jar:2.1.214]
	at org.h2.message.DbException.get(DbException.java:223) ~[h2-2.1.214.jar:2.1.214]
	at org.h2.message.DbException.get(DbException.java:199) ~[h2-2.1.214.jar:2.1.214]
	at org.h2.constraint.ConstraintReferential.checkRowOwnTable(ConstraintReferential.java:311) ~[h2-2.1.214.jar:2.1.214]
	at org.h2.constraint.ConstraintReferential.checkRow(ConstraintReferential.java:252) ~[h2-2.1.214.jar:2.1.214]
	at org.h2.table.Table.fireConstraints(Table.java:1172) ~[h2-2.1.214.jar:2.1.214]
	at org.h2.table.Table.fireAfterRow(Table.java:1190) ~[h2-2.1.214.jar:2.1.214]
	at org.h2.command.dml.Insert.insertRows(Insert.java:188) ~[h2-2.1.214.jar:2.1.214]
	at org.h2.command.dml.Insert.update(Insert.java:135) ~[h2-2.1.214.jar:2.1.214]
	at org.h2.command.dml.DataChangeStatement.update(DataChangeStatement.java:74) ~[h2-2.1.214.jar:2.1.214]
	at org.h2.command.CommandContainer.update(CommandContainer.java:169) ~[h2-2.1.214.jar:2.1.214]
	at org.h2.command.Command.executeUpdate(Command.java:252) ~[h2-2.1.214.jar:2.1.214]
	at org.h2.jdbc.JdbcStatement.executeInternal(JdbcStatement.java:252) ~[h2-2.1.214.jar:2.1.214]
	at org.h2.jdbc.JdbcStatement.execute(JdbcStatement.java:223) ~[h2-2.1.214.jar:2.1.214]
	at com.zaxxer.hikari.pool.ProxyStatement.execute(ProxyStatement.java:94) ~[HikariCP-4.0.3.jar:na]
	at com.zaxxer.hikari.pool.HikariProxyStatement.execute(HikariProxyStatement.java) ~[HikariCP-4.0.3.jar:na]
	at org.springframework.jdbc.datasource.init.ScriptUtils.executeSqlScript(ScriptUtils.java:261) ~[spring-jdbc-5.3.31.jar:5.3.31]
	... 28 common frames omitted

[INFO] ------------------------------------------------------------------------
[INFO] BUILD FAILURE
[INFO] ------------------------------------------------------------------------
[INFO] Total time:  20.383 s
[INFO] Finished at: 2026-02-16T19:13:11-06:00
[INFO] ------------------------------------------------------------------------
[ERROR] Failed to execute goal org.springframework.boot:spring-boot-maven-plugin:2.7.18:run (default-cli) on project backend: Application finished with exit code: 1 -> [Help 1]
[ERROR] 
[ERROR] To see the full stack trace of the errors, re-run Maven with the -e switch.
[ERROR] Re-run Maven using the -X switch to enable full debug logging.
[ERROR] 
[ERROR] For more information about the errors and possible solutions, please read the following articles:
[ERROR] [Help 1] http://cwiki.apache.org/confluence/display/MAVEN/MojoExecutionException
